103.200.23.139 - - [16/Dec/2022:16:14:16 +0700] "POST /wp-cron.php?doing_wp_cron=1671182056.8711810111999511718750 HTTP/1.1" 200 0 "https://1mieng.website/wp-cron.php?doing_wp_cron=1671182056.8711810111999511718750" "WordPress/6.1.1; https://1mieng.website"
115.79.4.48 - - [16/Dec/2022:16:14:16 +0700] "POST /wp-admin/admin-ajax.php HTTP/2" 200 51 "https://1mieng.website/library/?pagelayer-iframe=1&&pagelayer-live=1" "Mozilla/5.0 (Windows NT 10.0; Win64; x64) AppleWebKit/537.36 (KHTML, like Gecko) Chrome/108.0.0.0 Safari/537.36"
103.200.23.139 - - [16/Dec/2022:16:14:59 +0700] "GET /.well-known/acme-challenge/1VSRMPBTZ9BUA4N3T-BUYKK97JRK_JCZ HTTP/1.1" 200 64 "-" "Cpanel-HTTP-Client/1.0"
103.200.23.139 - - [16/Dec/2022:16:14:59 +0700] "GET /.well-known/acme-challenge/U-EEYP3GJEFWB98ZPAJ1HGW4TWVJ-EDM HTTP/1.1" 200 64 "-" "Cpanel-HTTP-Client/1.0"
103.200.23.139 - - [16/Dec/2022:16:15:10 +0700] "POST /wp-cron.php?doing_wp_cron=1671182110.4118111133575439453125 HTTP/1.1" 200 0 "https://1mieng.website/wp-cron.php?doing_wp_cron=1671182110.4118111133575439453125" "WordPress/6.1.1; https://1mieng.website"
103.187.168.159 - - [16/Dec/2022:16:15:09 +0700] "POST /xmlrpc.php HTTP/1.1" 200 232 "-" "Mozilla/5.0 (Windows NT 10.0; Win64; x64; rv:96.0) Gecko/20100101 Firefox/96"
103.200.23.139 - - [16/Dec/2022:16:21:32 +0700] "POST /wp-cron.php?doing_wp_cron=1671182492.2524778842926025390625 HTTP/1.1" 200 0 "https://1mieng.website/wp-cron.php?doing_wp_cron=1671182492.2524778842926025390625" "WordPress/6.1.1; https://1mieng.website"
178.62.33.222 - - [16/Dec/2022:16:21:31 +0700] "POST /xmlrpc.php HTTP/1.1" 200 232 "-" "Mozilla/5.0 (Windows NT 10.0; Win64; x64; rv:96.0) Gecko/20100101 Firefox/96"
103.200.23.139 - - [16/Dec/2022:16:26:36 +0700] "POST /wp-cron.php?doing_wp_cron=1671182796.5459010601043701171875 HTTP/1.1" 200 0 "http://1mieng.website/wp-cron.php?doing_wp_cron=1671182796.5459010601043701171875" "WordPress/6.1.1; https://1mieng.website"
205.169.39.63 - - [16/Dec/2022:16:26:35 +0700] "GET / HTTP/1.1" 301 0 "-" "Mozilla/5.0 (X11; Linux x86_64) AppleWebKit/537.36 (KHTML, like Gecko) HeadlessChrome/104.0.5112.101 Safari/537.36"
103.200.23.139 - - [16/Dec/2022:16:26:46 +0700] "POST /wp-cron.php?doing_wp_cron=1671182806.8639190196990966796875 HTTP/1.1" 200 0 "https://1mieng.website/wp-cron.php?doing_wp_cron=1671182806.8639190196990966796875" "WordPress/6.1.1; https://1mieng.website"
205.169.39.63 - - [16/Dec/2022:16:26:46 +0700] "GET / HTTP/2" 200 21096 "-" "Mozilla/5.0 (X11; Linux x86_64) AppleWebKit/537.36 (KHTML, like Gecko) HeadlessChrome/104.0.5112.101 Safari/537.36"
205.169.39.63 - - [16/Dec/2022:16:26:47 +0700] "GET /wp-includes/css/dist/block-library/style.min.css?ver=6.1.1 HTTP/2" 200 11616 "https://1mieng.website/" "Mozilla/5.0 (X11; Linux x86_64) AppleWebKit/537.36 (KHTML, like Gecko) HeadlessChrome/104.0.5112.101 Safari/537.36"
205.169.39.63 - - [16/Dec/2022:16:26:47 +0700] "GET /wp-content/plugins/woocommerce/packages/woocommerce-blocks/build/wc-blocks-vendors-style.css?ver=8.9.2 HTTP/2" 200 1754 "https://1mieng.website/" "Mozilla/5.0 (X11; Linux x86_64) AppleWebKit/537.36 (KHTML, like Gecko) HeadlessChrome/104.0.5112.101 Safari/537.36"
205.169.39.63 - - [16/Dec/2022:16:26:47 +0700] "GET /wp-content/plugins/woocommerce/packages/woocommerce-blocks/build/wc-blocks-style.css?ver=8.9.2 HTTP/2" 200 22940 "https://1mieng.website/" "Mozilla/5.0 (X11; Linux x86_64) AppleWebKit/537.36 (KHTML, like Gecko) HeadlessChrome/104.0.5112.101 Safari/537.36"
205.169.39.63 - - [16/Dec/2022:16:26:47 +0700] "GET /wp-includes/css/classic-themes.min.css?ver=1 HTTP/2" 200 144 "https://1mieng.website/" "Mozilla/5.0 (X11; Linux x86_64) AppleWebKit/537.36 (KHTML, like Gecko) HeadlessChrome/104.0.5112.101 Safari/537.36"
205.169.39.63 - - [16/Dec/2022:16:26:47 +0700] "GET /wp-content/plugins/woocommerce/assets/css/woocommerce-layout.css?ver=7.2.0 HTTP/2" 200 2329 "https://1mieng.website/" "Mozilla/5.0 (X11; Linux x86_64) AppleWebKit/537.36 (KHTML, like Gecko) HeadlessChrome/104.0.5112.101 Safari/537.36"
205.169.39.63 - - [16/Dec/2022:16:26:47 +0700] "GET /wp-content/plugins/woocommerce/assets/css/woocommerce.css?ver=7.2.0 HTTP/2" 200 8434 "https://1mieng.website/" "Mozilla/5.0 (X11; Linux x86_64) AppleWebKit/537.36 (KHTML, like Gecko) HeadlessChrome/104.0.5112.101 Safari/537.36"
205.169.39.63 - - [16/Dec/2022:16:26:47 +0700] "GET /wp-content/uploads/popularfx-templates/academy/style.css?ver=1.2.4 HTTP/2" 200 971 "https://1mieng.website/" "Mozilla/5.0 (X11; Linux x86_64) AppleWebKit/537.36 (KHTML, like Gecko) HeadlessChrome/104.0.5112.101 Safari/537.36"
205.169.39.63 - - [16/Dec/2022:16:26:47 +0700] "GET /wp-content/themes/popularfx/sidebar.css?ver=1.2.4 HTTP/2" 200 2079 "https://1mieng.website/" "Mozilla/5.0 (X11; Linux x86_64) AppleWebKit/537.36 (KHTML, like Gecko) HeadlessChrome/104.0.5112.101 Safari/537.36"
205.169.39.63 - - [16/Dec/2022:16:26:47 +0700] "GET /wp-includes/css/dashicons.min.css?ver=6.1.1 HTTP/2" 200 35110 "https://1mieng.website/" "Mozilla/5.0 (X11; Linux x86_64) AppleWebKit/537.36 (KHTML, like Gecko) HeadlessChrome/104.0.5112.101 Safari/537.36"
205.169.39.63 - - [16/Dec/2022:16:26:47 +0700] "GET /wp-content/plugins/pagelayer/css/givecss.php?give=pagelayer-frontend.css%2Cnivo-lightbox.css%2Canimate.min.css%2Cowl.carousel.min.css%2Cowl.theme.default.min.css%2Cfont-awesome5.min.css&premium&ver=1.7.2 HTTP/2" 200 0 "https://1mieng.website/" "Mozilla/5.0 (X11; Linux x86_64) AppleWebKit/537.36 (KHTML, like Gecko) HeadlessChrome/104.0.5112.101 Safari/537.36"
205.169.39.63 - - [16/Dec/2022:16:26:48 +0700] "GET /wp-content/themes/popularfx/woocommerce.css?ver=1.2.4 HTTP/2" 200 0 "https://1mieng.website/" "Mozilla/5.0 (X11; Linux x86_64) AppleWebKit/537.36 (KHTML, like Gecko) HeadlessChrome/104.0.5112.101 Safari/537.36"
205.169.39.63 - - [16/Dec/2022:16:26:48 +0700] "GET /wp-includes/js/jquery/jquery.min.js?ver=3.6.1 HTTP/2" 200 0 "https://1mieng.website/" "Mozilla/5.0 (X11; Linux x86_64) AppleWebKit/537.36 (KHTML, like Gecko) HeadlessChrome/104.0.5112.101 Safari/537.36"
205.169.39.63 - - [16/Dec/2022:16:26:48 +0700] "GET /wp-includes/js/jquery/jquery-migrate.min.js?ver=3.3.2 HTTP/2" 200 0 "https://1mieng.website/" "Mozilla/5.0 (X11; Linux x86_64) AppleWebKit/537.36 (KHTML, like Gecko) HeadlessChrome/104.0.5112.101 Safari/537.36"
205.169.39.63 - - [16/Dec/2022:16:26:48 +0700] "GET /wp-content/plugins/pagelayer/js/givejs.php?give=pagelayer-frontend.js%2Cnivo-lightbox.min.js%2Cwow.min.js%2Cjquery-numerator.js%2CsimpleParallax.min.js%2Cowl.carousel.min.js&premium&ver=1.7.2 HTTP/2" 200 0 "https://1mieng.website/" "Mozilla/5.0 (X11; Linux x86_64) AppleWebKit/537.36 (KHTML, like Gecko) HeadlessChrome/104.0.5112.101 Safari/537.36"
103.200.23.139 - - [16/Dec/2022:16:27:57 +0700] "POST /wp-cron.php?doing_wp_cron=1671182877.2120580673217773437500 HTTP/1.1" 200 0 "https://1mieng.website/wp-cron.php?doing_wp_cron=1671182877.2120580673217773437500" "WordPress/6.1.1; https://1mieng.website"
119.63.201.53 - - [16/Dec/2022:16:27:56 +0700] "POST /xmlrpc.php HTTP/1.1" 200 232 "-" "Mozilla/5.0 (Windows NT 10.0; Win64; x64; rv:96.0) Gecko/20100101 Firefox/96"
103.200.23.139 - - [16/Dec/2022:16:34:31 +0700] "POST /wp-cron.php?doing_wp_cron=1671183271.7668879032135009765625 HTTP/1.1" 200 0 "https://1mieng.website/wp-cron.php?doing_wp_cron=1671183271.7668879032135009765625" "WordPress/6.1.1; https://1mieng.website"
159.65.86.76 - - [16/Dec/2022:16:34:31 +0700] "POST /xmlrpc.php HTTP/1.1" 200 232 "-" "Mozilla/5.0 (Windows NT 10.0; Win64; x64) Chrome/92.0.4515.159 Safari/537.36"
103.200.23.139 - - [16/Dec/2022:16:36:50 +0700] "POST /wp-cron.php?doing_wp_cron=1671183410.3486409187316894531250 HTTP/1.1" 200 0 "https://1mieng.website/wp-cron.php?doing_wp_cron=1671183410.3486409187316894531250" "WordPress/6.1.1; https://1mieng.website"
207.46.13.42 - - [16/Dec/2022:16:36:49 +0700] "GET /wp-sitemap.xml HTTP/2" 200 235 "-" "Mozilla/5.0 AppleWebKit/537.36 (KHTML, like Gecko; compatible; bingbot/2.0; +http://www.bing.com/bingbot.htm) Chrome/103.0.5060.134 Safari/537.36"
103.200.23.139 - - [16/Dec/2022:16:40:44 +0700] "POST /wp-cron.php?doing_wp_cron=1671183644.5219941139221191406250 HTTP/1.1" 200 0 "https://1mieng.website/wp-cron.php?doing_wp_cron=1671183644.5219941139221191406250" "WordPress/6.1.1; https://1mieng.website"
103.166.182.177 - - [16/Dec/2022:16:40:43 +0700] "POST /xmlrpc.php HTTP/1.1" 200 232 "-" "Mozilla/5.0 (Windows NT 10.0; Win64; x64; rv:96.0) Gecko/20100101 Firefox/96"
103.200.23.139 - - [16/Dec/2022:16:47:34 +0700] "POST /wp-cron.php?doing_wp_cron=1671184054.9782719612121582031250 HTTP/1.1" 200 0 "https://1mieng.website/wp-cron.php?doing_wp_cron=1671184054.9782719612121582031250" "WordPress/6.1.1; https://1mieng.website"
35.225.94.95 - - [16/Dec/2022:16:47:34 +0700] "POST /xmlrpc.php HTTP/1.1" 200 232 "-" "Mozilla/5.0 (Windows NT 10.0; Win64; x64; rv:96.0) Gecko/20100101 Firefox/96"
103.200.23.139 - - [16/Dec/2022:16:54:18 +0700] "POST /wp-cron.php?doing_wp_cron=1671184458.6272048950195312500000 HTTP/1.1" 200 0 "https://1mieng.website/wp-cron.php?doing_wp_cron=1671184458.6272048950195312500000" "WordPress/6.1.1; https://1mieng.website"
130.61.143.194 - - [16/Dec/2022:16:54:18 +0700] "POST /xmlrpc.php HTTP/1.1" 200 232 "-" "Mozilla/5.0 (Windows NT 10.0; Win64; x64; rv:96.0) Gecko/20100101 Firefox/96"
103.200.23.139 - - [16/Dec/2022:17:01:13 +0700] "POST /wp-cron.php?doing_wp_cron=1671184873.9461839199066162109375 HTTP/1.1" 200 0 "https://1mieng.website/wp-cron.php?doing_wp_cron=1671184873.9461839199066162109375" "WordPress/6.1.1; https://1mieng.website"
51.254.127.148 - - [16/Dec/2022:17:01:13 +0700] "POST /xmlrpc.php HTTP/1.1" 200 232 "-" "Mozilla/5.0 (Windows NT 10.0; Win64; x64; rv:96.0) Gecko/20100101 Firefox/96"
103.200.23.139 - - [16/Dec/2022:17:08:22 +0700] "POST /wp-cron.php?doing_wp_cron=1671185302.4240880012512207031250 HTTP/1.1" 200 0 "https://1mieng.website/wp-cron.php?doing_wp_cron=1671185302.4240880012512207031250" "WordPress/6.1.1; https://1mieng.website"
31.172.80.137 - - [16/Dec/2022:17:08:21 +0700] "POST /xmlrpc.php HTTP/1.1" 200 232 "-" "Mozilla/5.0 (Windows NT 10.0; Win64; x64; rv:96.0) Gecko/20100101 Firefox/96"
103.200.23.139 - - [16/Dec/2022:17:15:39 +0700] "POST /wp-cron.php?doing_wp_cron=1671185739.6063380241394042968750 HTTP/1.1" 200 0 "https://1mieng.website/wp-cron.php?doing_wp_cron=1671185739.6063380241394042968750" "WordPress/6.1.1; https://1mieng.website"
216.245.215.122 - - [16/Dec/2022:17:15:39 +0700] "POST /xmlrpc.php HTTP/1.1" 200 232 "-" "Mozilla/5.0 (Windows NT 10.0; Win64; x64; rv:96.0) Gecko/20100101 Firefox/96"
171.248.158.81 - - [16/Dec/2022:17:21:08 +0700] "GET /favicon.ico HTTP/2" 404 1238 "https://1mieng.website/wp-admin/plugin-install.php" "Mozilla/5.0 (Windows NT 10.0; Win64; x64) AppleWebKit/537.36 (KHTML, like Gecko) Chrome/108.0.0.0 Safari/537.36 Edg/108.0.1462.46"
103.200.23.139 - - [16/Dec/2022:17:22:39 +0700] "POST /wp-cron.php?doing_wp_cron=1671186159.8293850421905517578125 HTTP/1.1" 200 0 "https://1mieng.website/wp-cron.php?doing_wp_cron=1671186159.8293850421905517578125" "WordPress/6.1.1; https://1mieng.website"
194.233.69.10 - - [16/Dec/2022:17:22:39 +0700] "POST /xmlrpc.php HTTP/1.1" 200 232 "-" "Mozilla/5.0 (Windows NT 10.0; Win64; x64; rv:96.0) Gecko/20100101 Firefox/96"
103.200.23.139 - - [16/Dec/2022:17:26:10 +0700] "POST /wp-cron.php?doing_wp_cron=1671186370.3959500789642333984375 HTTP/1.1" 200 0 "http://1mieng.website/wp-cron.php?doing_wp_cron=1671186370.3959500789642333984375" "WordPress/6.1.1; https://1mieng.website"
205.169.39.63 - - [16/Dec/2022:17:26:09 +0700] "GET / HTTP/1.1" 301 0 "-" "Mozilla/5.0 (X11; Linux x86_64) AppleWebKit/537.36 (KHTML, like Gecko) HeadlessChrome/104.0.5112.101 Safari/537.36"
205.169.39.63 - - [16/Dec/2022:17:26:11 +0700] "GET / HTTP/2" 200 21094 "-" "Mozilla/5.0 (X11; Linux x86_64) AppleWebKit/537.36 (KHTML, like Gecko) HeadlessChrome/104.0.5112.101 Safari/537.36"
205.169.39.63 - - [16/Dec/2022:17:26:12 +0700] "GET /wp-includes/css/dist/block-library/style.min.css?ver=6.1.1 HTTP/2" 200 11616 "https://1mieng.website/" "Mozilla/5.0 (X11; Linux x86_64) AppleWebKit/537.36 (KHTML, like Gecko) HeadlessChrome/104.0.5112.101 Safari/537.36"
205.169.39.63 - - [16/Dec/2022:17:26:12 +0700] "GET /wp-content/plugins/woocommerce/packages/woocommerce-blocks/build/wc-blocks-vendors-style.css?ver=8.9.2 HTTP/2" 200 1754 "https://1mieng.website/" "Mozilla/5.0 (X11; Linux x86_64) AppleWebKit/537.36 (KHTML, like Gecko) HeadlessChrome/104.0.5112.101 Safari/537.36"
205.169.39.63 - - [16/Dec/2022:17:26:12 +0700] "GET /wp-content/plugins/woocommerce/packages/woocommerce-blocks/build/wc-blocks-style.css?ver=8.9.2 HTTP/2" 200 22940 "https://1mieng.website/" "Mozilla/5.0 (X11; Linux x86_64) AppleWebKit/537.36 (KHTML, like Gecko) HeadlessChrome/104.0.5112.101 Safari/537.36"
205.169.39.63 - - [16/Dec/2022:17:26:12 +0700] "GET /wp-includes/css/classic-themes.min.css?ver=1 HTTP/2" 200 144 "https://1mieng.website/" "Mozilla/5.0 (X11; Linux x86_64) AppleWebKit/537.36 (KHTML, like Gecko) HeadlessChrome/104.0.5112.101 Safari/537.36"
205.169.39.63 - - [16/Dec/2022:17:26:12 +0700] "GET /wp-content/plugins/woocommerce/assets/css/woocommerce-layout.css?ver=7.2.0 HTTP/2" 200 2329 "https://1mieng.website/" "Mozilla/5.0 (X11; Linux x86_64) AppleWebKit/537.36 (KHTML, like Gecko) HeadlessChrome/104.0.5112.101 Safari/537.36"
205.169.39.63 - - [16/Dec/2022:17:26:12 +0700] "GET /wp-content/plugins/woocommerce/assets/css/woocommerce.css?ver=7.2.0 HTTP/2" 200 8434 "https://1mieng.website/" "Mozilla/5.0 (X11; Linux x86_64) AppleWebKit/537.36 (KHTML, like Gecko) HeadlessChrome/104.0.5112.101 Safari/537.36"
205.169.39.63 - - [16/Dec/2022:17:26:12 +0700] "GET /wp-content/uploads/popularfx-templates/academy/style.css?ver=1.2.4 HTTP/2" 200 971 "https://1mieng.website/" "Mozilla/5.0 (X11; Linux x86_64) AppleWebKit/537.36 (KHTML, like Gecko) HeadlessChrome/104.0.5112.101 Safari/537.36"
205.169.39.63 - - [16/Dec/2022:17:26:12 +0700] "GET /wp-content/themes/popularfx/sidebar.css?ver=1.2.4 HTTP/2" 200 2079 "https://1mieng.website/" "Mozilla/5.0 (X11; Linux x86_64) AppleWebKit/537.36 (KHTML, like Gecko) HeadlessChrome/104.0.5112.101 Safari/537.36"
205.169.39.63 - - [16/Dec/2022:17:26:12 +0700] "GET /wp-includes/css/dashicons.min.css?ver=6.1.1 HTTP/2" 200 35110 "https://1mieng.website/" "Mozilla/5.0 (X11; Linux x86_64) AppleWebKit/537.36 (KHTML, like Gecko) HeadlessChrome/104.0.5112.101 Safari/537.36"
205.169.39.63 - - [16/Dec/2022:17:26:12 +0700] "GET /wp-content/plugins/pagelayer/css/givecss.php?give=pagelayer-frontend.css%2Cnivo-lightbox.css%2Canimate.min.css%2Cowl.carousel.min.css%2Cowl.theme.default.min.css%2Cfont-awesome5.min.css&premium&ver=1.7.2 HTTP/2" 200 40445 "https://1mieng.website/" "Mozilla/5.0 (X11; Linux x86_64) AppleWebKit/537.36 (KHTML, like Gecko) HeadlessChrome/104.0.5112.101 Safari/537.36"
205.169.39.63 - - [16/Dec/2022:17:26:12 +0700] "GET /wp-content/themes/popularfx/woocommerce.css?ver=1.2.4 HTTP/2" 200 3623 "https://1mieng.website/" "Mozilla/5.0 (X11; Linux x86_64) AppleWebKit/537.36 (KHTML, like Gecko) HeadlessChrome/104.0.5112.101 Safari/537.36"
205.169.39.63 - - [16/Dec/2022:17:26:12 +0700] "GET /wp-includes/js/jquery/jquery.min.js?ver=3.6.1 HTTP/2" 200 30324 "https://1mieng.website/" "Mozilla/5.0 (X11; Linux x86_64) AppleWebKit/537.36 (KHTML, like Gecko) HeadlessChrome/104.0.5112.101 Safari/537.36"
205.169.39.63 - - [16/Dec/2022:17:26:12 +0700] "GET /wp-includes/js/jquery/jquery-migrate.min.js?ver=3.3.2 HTTP/2" 200 3995 "https://1mieng.website/" "Mozilla/5.0 (X11; Linux x86_64) AppleWebKit/537.36 (KHTML, like Gecko) HeadlessChrome/104.0.5112.101 Safari/537.36"
205.169.39.63 - - [16/Dec/2022:17:26:12 +0700] "GET /wp-content/plugins/pagelayer/js/givejs.php?give=pagelayer-frontend.js%2Cnivo-lightbox.min.js%2Cwow.min.js%2Cjquery-numerator.js%2CsimpleParallax.min.js%2Cowl.carousel.min.js&premium&ver=1.7.2 HTTP/2" 200 29965 "https://1mieng.website/" "Mozilla/5.0 (X11; Linux x86_64) AppleWebKit/537.36 (KHTML, like Gecko) HeadlessChrome/104.0.5112.101 Safari/537.36"
205.169.39.63 - - [16/Dec/2022:17:26:13 +0700] "GET /wp-content/plugins/woocommerce/assets/js/jquery-blockui/jquery.blockUI.min.js?ver=2.7.0-wc.7.2.0 HTTP/2" 200 3247 "https://1mieng.website/" "Mozilla/5.0 (X11; Linux x86_64) AppleWebKit/537.36 (KHTML, like Gecko) HeadlessChrome/104.0.5112.101 Safari/537.36"
205.169.39.63 - - [16/Dec/2022:17:26:13 +0700] "GET /wp-content/plugins/woocommerce/assets/js/frontend/add-to-cart.min.js?ver=7.2.0 HTTP/2" 200 972 "https://1mieng.website/" "Mozilla/5.0 (X11; Linux x86_64) AppleWebKit/537.36 (KHTML, like Gecko) HeadlessChrome/104.0.5112.101 Safari/537.36"
205.169.39.63 - - [16/Dec/2022:17:26:13 +0700] "GET /wp-content/plugins/woocommerce/assets/js/js-cookie/js.cookie.min.js?ver=2.1.4-wc.7.2.0 HTTP/2" 200 899 "https://1mieng.website/" "Mozilla/5.0 (X11; Linux x86_64) AppleWebKit/537.36 (KHTML, like Gecko) HeadlessChrome/104.0.5112.101 Safari/537.36"
205.169.39.63 - - [16/Dec/2022:17:26:13 +0700] "GET /wp-content/plugins/woocommerce/assets/js/frontend/woocommerce.min.js?ver=7.2.0 HTTP/2" 200 677 "https://1mieng.website/" "Mozilla/5.0 (X11; Linux x86_64) AppleWebKit/537.36 (KHTML, like Gecko) HeadlessChrome/104.0.5112.101 Safari/537.36"
205.169.39.63 - - [16/Dec/2022:17:26:13 +0700] "GET /wp-content/plugins/woocommerce/assets/js/frontend/cart-fragments.min.js?ver=7.2.0 HTTP/2" 200 934 "https://1mieng.website/" "Mozilla/5.0 (X11; Linux x86_64) AppleWebKit/537.36 (KHTML, like Gecko) HeadlessChrome/104.0.5112.101 Safari/537.36"
205.169.39.63 - - [16/Dec/2022:17:26:13 +0700] "GET /wp-content/themes/popularfx/js/navigation.js?ver=1.2.4 HTTP/2" 200 1529 "https://1mieng.website/" "Mozilla/5.0 (X11; Linux x86_64) AppleWebKit/537.36 (KHTML, like Gecko) HeadlessChrome/104.0.5112.101 Safari/537.36"
205.169.39.63 - - [16/Dec/2022:17:26:13 +0700] "GET /wp-content/uploads/2022/12/Anh-the-20-21.jpg HTTP/2" 200 79971 "https://1mieng.website/" "Mozilla/5.0 (X11; Linux x86_64) AppleWebKit/537.36 (KHTML, like Gecko) HeadlessChrome/104.0.5112.101 Safari/537.36"
205.169.39.63 - - [16/Dec/2022:17:26:13 +0700] "GET /wp-content/uploads/2022/12/312936001_532512558687920_5430224880854401916_n-1.jpg HTTP/2" 200 17347 "https://1mieng.website/" "Mozilla/5.0 (X11; Linux x86_64) AppleWebKit/537.36 (KHTML, like Gecko) HeadlessChrome/104.0.5112.101 Safari/537.36"
205.169.39.63 - - [16/Dec/2022:17:26:14 +0700] "GET /wp-content/plugins/pagelayer/fonts/fa-solid-900.woff2 HTTP/2" 200 78268 "https://1mieng.website/wp-content/plugins/pagelayer/css/givecss.php?give=pagelayer-frontend.css%2Cnivo-lightbox.css%2Canimate.min.css%2Cowl.carousel.min.css%2Cowl.theme.default.min.css%2Cfont-awesome5.min.css&premium&ver=1.7.2" "Mozilla/5.0 (X11; Linux x86_64) AppleWebKit/537.36 (KHTML, like Gecko) HeadlessChrome/104.0.5112.101 Safari/537.36"
205.169.39.63 - - [16/Dec/2022:17:26:13 +0700] "GET /wp-content/plugins/pagelayer/fonts/fa-brands-400.woff2 HTTP/2" 200 76736 "https://1mieng.website/wp-content/plugins/pagelayer/css/givecss.php?give=pagelayer-frontend.css%2Cnivo-lightbox.css%2Canimate.min.css%2Cowl.carousel.min.css%2Cowl.theme.default.min.css%2Cfont-awesome5.min.css&premium&ver=1.7.2" "Mozilla/5.0 (X11; Linux x86_64) AppleWebKit/537.36 (KHTML, like Gecko) HeadlessChrome/104.0.5112.101 Safari/537.36"
205.169.39.63 - - [16/Dec/2022:17:26:14 +0700] "POST /?wc-ajax=get_refreshed_fragments HTTP/2" 200 276 "https://1mieng.website/" "Mozilla/5.0 (X11; Linux x86_64) AppleWebKit/537.36 (KHTML, like Gecko) HeadlessChrome/104.0.5112.101 Safari/537.36"
205.169.39.63 - - [16/Dec/2022:17:26:13 +0700] "GET /wp-content/uploads/2022/12/IMG_8040.jpg HTTP/2" 200 182883 "https://1mieng.website/" "Mozilla/5.0 (X11; Linux x86_64) AppleWebKit/537.36 (KHTML, like Gecko) HeadlessChrome/104.0.5112.101 Safari/537.36"
205.169.39.63 - - [16/Dec/2022:17:26:15 +0700] "GET /wp-content/uploads/2022/12/anhthe-1.jpg HTTP/2" 200 32188 "https://1mieng.website/" "Mozilla/5.0 (X11; Linux x86_64) AppleWebKit/537.36 (KHTML, like Gecko) HeadlessChrome/104.0.5112.101 Safari/537.36"
205.169.39.63 - - [16/Dec/2022:17:26:15 +0700] "GET /wp-includes/js/wp-emoji-release.min.js?ver=6.1.1 HTTP/2" 200 4619 "https://1mieng.website/" "Mozilla/5.0 (X11; Linux x86_64) AppleWebKit/537.36 (KHTML, like Gecko) HeadlessChrome/104.0.5112.101 Safari/537.36"
205.169.39.63 - - [16/Dec/2022:17:26:15 +0700] "GET /wp-content/plugins/woocommerce/assets/css/woocommerce-smallscreen.css?ver=7.2.0 HTTP/2" 200 1058 "https://1mieng.website/" "Mozilla/5.0 (X11; Linux x86_64) AppleWebKit/537.36 (KHTML, like Gecko) HeadlessChrome/104.0.5112.101 Safari/537.36"
205.169.39.63 - - [16/Dec/2022:17:26:13 +0700] "GET /wp-content/uploads/2022/11/home-img1.jpg HTTP/2" 200 264351 "https://1mieng.website/" "Mozilla/5.0 (X11; Linux x86_64) AppleWebKit/537.36 (KHTML, like Gecko) HeadlessChrome/104.0.5112.101 Safari/537.36"
205.169.39.63 - - [16/Dec/2022:17:26:13 +0700] "GET /wp-content/uploads/2022/11/header-bg.jpg HTTP/2" 200 472607 "https://1mieng.website/" "Mozilla/5.0 (X11; Linux x86_64) AppleWebKit/537.36 (KHTML, like Gecko) HeadlessChrome/104.0.5112.101 Safari/537.36"
205.169.39.63 - - [16/Dec/2022:17:26:15 +0700] "GET /wp-content/uploads/2022/12/20221027_181136.jpg HTTP/2" 200 840954 "https://1mieng.website/" "Mozilla/5.0 (X11; Linux x86_64) AppleWebKit/537.36 (KHTML, like Gecko) HeadlessChrome/104.0.5112.101 Safari/537.36"
103.200.23.139 - - [16/Dec/2022:17:30:05 +0700] "POST /wp-cron.php?doing_wp_cron=1671186605.4171290397644042968750 HTTP/1.1" 200 0 "https://1mieng.website/wp-cron.php?doing_wp_cron=1671186605.4171290397644042968750" "WordPress/6.1.1; https://1mieng.website"
42.200.109.156 - - [16/Dec/2022:17:30:04 +0700] "POST /xmlrpc.php HTTP/1.1" 200 232 "-" "Mozilla/5.0 (Windows NT 10.0; Win64; x64; rv:96.0) Gecko/20100101 Firefox/96"
103.200.23.139 - - [16/Dec/2022:17:33:40 +0700] "POST /wp-cron.php?doing_wp_cron=1671186820.9836709499359130859375 HTTP/1.1" 200 0 "https://1mieng.website/wp-cron.php?doing_wp_cron=1671186820.9836709499359130859375" "WordPress/6.1.1; https://1mieng.website"
14.161.23.125 - - [16/Dec/2022:17:33:40 +0700] "POST /wp-admin/admin-ajax.php HTTP/2" 200 51 "https://1mieng.website/library/?pagelayer-iframe=1&&pagelayer-live=1" "Mozilla/5.0 (Windows NT 10.0; Win64; x64) AppleWebKit/537.36 (KHTML, like Gecko) Chrome/108.0.0.0 Safari/537.36"
14.241.254.209 - - [16/Dec/2022:17:33:47 +0700] "POST /wp-admin/admin-ajax.php?&&action=pagelayer_save_content&postID=19 HTTP/2" 200 66 "https://1mieng.website/library/?pagelayer-iframe=1&&pagelayer-live=1" "Mozilla/5.0 (Windows NT 10.0; Win64; x64) AppleWebKit/537.36 (KHTML, like Gecko) Chrome/108.0.0.0 Safari/537.36"
14.241.254.209 - - [16/Dec/2022:17:33:47 +0700] "POST /wp-admin/admin-ajax.php?&&action=pagelayer_get_revision&postID=19 HTTP/2" 200 348 "https://1mieng.website/library/?pagelayer-iframe=1&&pagelayer-live=1" "Mozilla/5.0 (Windows NT 10.0; Win64; x64) AppleWebKit/537.36 (KHTML, like Gecko) Chrome/108.0.0.0 Safari/537.36"
103.200.23.139 - - [16/Dec/2022:17:33:50 +0700] "POST /wp-cron.php?doing_wp_cron=1671186830.9363770484924316406250 HTTP/1.1" 200 0 "https://1mieng.website/wp-cron.php?doing_wp_cron=1671186830.9363770484924316406250" "WordPress/6.1.1; https://1mieng.website"
14.241.254.209 - - [16/Dec/2022:17:33:50 +0700] "GET /wp-admin/edit.php?post_type=page HTTP/2" 200 22480 "https://1mieng.website/library/?pagelayer-iframe=1&&pagelayer-live=1" "Mozilla/5.0 (Windows NT 10.0; Win64; x64) AppleWebKit/537.36 (KHTML, like Gecko) Chrome/108.0.0.0 Safari/537.36"
14.241.254.209 - - [16/Dec/2022:17:33:52 +0700] "POST /wp-admin/admin-ajax.php HTTP/2" 200 51 "https://1mieng.website/wp-admin/edit.php?post_type=page" "Mozilla/5.0 (Windows NT 10.0; Win64; x64) AppleWebKit/537.36 (KHTML, like Gecko) Chrome/108.0.0.0 Safari/537.36"
115.73.214.48 - - [16/Dec/2022:17:34:07 +0700] "POST /wp-admin/admin-ajax.php HTTP/2" 200 51 "https://1mieng.website/wp-admin/edit.php?post_type=page" "Mozilla/5.0 (Windows NT 10.0; Win64; x64) AppleWebKit/537.36 (KHTML, like Gecko) Chrome/108.0.0.0 Safari/537.36"
115.73.214.48 - - [16/Dec/2022:17:34:13 +0700] "GET /wp-admin/plugins.php HTTP/2" 200 25788 "https://1mieng.website/wp-admin/edit.php?post_type=page" "Mozilla/5.0 (Windows NT 10.0; Win64; x64) AppleWebKit/537.36 (KHTML, like Gecko) Chrome/108.0.0.0 Safari/537.36"
115.73.214.48 - - [16/Dec/2022:17:34:16 +0700] "GET /wp-admin/plugins.php HTTP/2" 200 25789 "https://1mieng.website/wp-admin/edit.php?post_type=page" "Mozilla/5.0 (Windows NT 10.0; Win64; x64) AppleWebKit/537.36 (KHTML, like Gecko) Chrome/108.0.0.0 Safari/537.36"
115.73.214.48 - - [16/Dec/2022:17:34:23 +0700] "GET /wp-content/plugins/pagelayer/css/givecss.php?give=pagelayer-frontend.css%2Cnivo-lightbox.css%2Canimate.min.css%2Cowl.carousel.min.css%2Cowl.theme.default.min.css%2Cfont-awesome5.min.css&premium&ver=1.7.2 HTTP/2" 304 0 "https://1mieng.website/" "Mozilla/5.0 (Windows NT 10.0; Win64; x64) AppleWebKit/537.36 (KHTML, like Gecko) Chrome/108.0.0.0 Safari/537.36"
115.73.214.48 - - [16/Dec/2022:17:34:23 +0700] "GET /wp-content/plugins/pagelayer/js/givejs.php?give=pagelayer-frontend.js%2Cnivo-lightbox.min.js%2Cwow.min.js%2Cjquery-numerator.js%2CsimpleParallax.min.js%2Cowl.carousel.min.js&premium&ver=1.7.2 HTTP/2" 304 0 "https://1mieng.website/" "Mozilla/5.0 (Windows NT 10.0; Win64; x64) AppleWebKit/537.36 (KHTML, like Gecko) Chrome/108.0.0.0 Safari/537.36"
115.73.214.48 - - [16/Dec/2022:17:34:22 +0700] "GET / HTTP/2" 200 22779 "https://1mieng.website/wp-admin/plugins.php" "Mozilla/5.0 (Windows NT 10.0; Win64; x64) AppleWebKit/537.36 (KHTML, like Gecko) Chrome/108.0.0.0 Safari/537.36"
14.241.254.70 - - [16/Dec/2022:17:34:28 +0700] "GET /wp-content/plugins/pagelayer/css/givecss.php?give=pagelayer-frontend.css%2Cnivo-lightbox.css%2Canimate.min.css%2Cowl.carousel.min.css%2Cowl.theme.default.min.css%2Cfont-awesome5.min.css&premium&ver=1.7.2 HTTP/2" 304 0 "https://1mieng.website/library/" "Mozilla/5.0 (Windows NT 10.0; Win64; x64) AppleWebKit/537.36 (KHTML, like Gecko) Chrome/108.0.0.0 Safari/537.36"
14.241.254.70 - - [16/Dec/2022:17:34:27 +0700] "GET /library/ HTTP/2" 200 17590 "https://1mieng.website/" "Mozilla/5.0 (Windows NT 10.0; Win64; x64) AppleWebKit/537.36 (KHTML, like Gecko) Chrome/108.0.0.0 Safari/537.36"
14.241.254.70 - - [16/Dec/2022:17:34:28 +0700] "GET /wp-content/uploads/2022/12/KNMCLC05-NHOM-8-1.mp4?&autoplay=0&mute=0&loop=0 HTTP/2" 206 1 "https://1mieng.website/library/" "Mozilla/5.0 (Windows NT 10.0; Win64; x64) AppleWebKit/537.36 (KHTML, like Gecko) Chrome/108.0.0.0 Safari/537.36"
14.241.254.70 - - [16/Dec/2022:17:34:28 +0700] "GET /wp-content/uploads/2022/12/KNMCLC05-NHOM-8-1.mp4?&autoplay=0&mute=0&loop=0 HTTP/2" 206 884250 "https://1mieng.website/library/" "Mozilla/5.0 (Windows NT 10.0; Win64; x64) AppleWebKit/537.36 (KHTML, like Gecko) Chrome/108.0.0.0 Safari/537.36"
14.241.254.70 - - [16/Dec/2022:17:34:33 +0700] "GET /wp-admin/post.php?post=19&action=edit HTTP/2" 200 45939 "https://1mieng.website/library/" "Mozilla/5.0 (Windows NT 10.0; Win64; x64) AppleWebKit/537.36 (KHTML, like Gecko) Chrome/108.0.0.0 Safari/537.36"
27.74.254.72 - - [16/Dec/2022:17:34:37 +0700] "GET /library/?&pagelayer-live=1 HTTP/2" 200 2310 "https://1mieng.website/wp-admin/post.php?post=19&action=edit" "Mozilla/5.0 (Windows NT 10.0; Win64; x64) AppleWebKit/537.36 (KHTML, like Gecko) Chrome/108.0.0.0 Safari/537.36"
27.74.254.72 - - [16/Dec/2022:17:34:37 +0700] "GET /wp-content/plugins/pagelayer/css/givecss.php?give=pagelayer-editor.css,trumbowyg.min.css,pagelayer-icons.css,font-awesome5.min.css&ver=1.7.2 HTTP/2" 304 0 "https://1mieng.website/library/?&pagelayer-live=1" "Mozilla/5.0 (Windows NT 10.0; Win64; x64) AppleWebKit/537.36 (KHTML, like Gecko) Chrome/108.0.0.0 Safari/537.36"
27.74.254.72 - - [16/Dec/2022:17:34:37 +0700] "POST /wp-admin/admin-ajax.php HTTP/2" 200 5 "https://1mieng.website/wp-admin/post.php?post=19&action=edit" "Mozilla/5.0 (Windows NT 10.0; Win64; x64) AppleWebKit/537.36 (KHTML, like Gecko) Chrome/108.0.0.0 Safari/537.36"
103.200.23.139 - - [16/Dec/2022:17:34:39 +0700] "POST /wp-cron.php?doing_wp_cron=1671186879.1646509170532226562500 HTTP/1.1" 200 0 "https://1mieng.website/wp-cron.php?doing_wp_cron=1671186879.1646509170532226562500" "WordPress/6.1.1; https://1mieng.website"
27.74.254.72 - - [16/Dec/2022:17:34:37 +0700] "GET /library/?&pagelayer-iframe=1&&pagelayer-live=1 HTTP/2" 301 0 "https://1mieng.website/library/?&pagelayer-live=1" "Mozilla/5.0 (Windows NT 10.0; Win64; x64) AppleWebKit/537.36 (KHTML, like Gecko) Chrome/108.0.0.0 Safari/537.36"
27.74.254.72 - - [16/Dec/2022:17:34:40 +0700] "GET /wp-content/plugins/pagelayer/css/givecss.php?give=pagelayer-frontend.css%2Cnivo-lightbox.css%2Canimate.min.css%2Cowl.carousel.min.css%2Cowl.theme.default.min.css%2Cfont-awesome5.min.css&premium&ver=1.7.2 HTTP/2" 304 0 "https://1mieng.website/library/?pagelayer-iframe=1&&pagelayer-live=1" "Mozilla/5.0 (Windows NT 10.0; Win64; x64) AppleWebKit/537.36 (KHTML, like Gecko) Chrome/108.0.0.0 Safari/537.36"
27.74.254.72 - - [16/Dec/2022:17:34:40 +0700] "GET /wp-content/plugins/pagelayer/css/givecss.php?give=pagelayer-editor-frontend.css%2Cpagelayer-pen.css%2C&ver=1.7.2 HTTP/2" 304 0 "https://1mieng.website/library/?pagelayer-iframe=1&&pagelayer-live=1" "Mozilla/5.0 (Windows NT 10.0; Win64; x64) AppleWebKit/537.36 (KHTML, like Gecko) Chrome/108.0.0.0 Safari/537.36"
27.74.254.72 - - [16/Dec/2022:17:34:40 +0700] "GET /wp-content/plugins/pagelayer/js/givejs.php?give=pagelayer-frontend.js%2Cnivo-lightbox.min.js%2Cwow.min.js%2Cjquery-numerator.js%2CsimpleParallax.min.js%2Cowl.carousel.min.js&premium&ver=1.7.2 HTTP/2" 304 0 "https://1mieng.website/library/?pagelayer-iframe=1&&pagelayer-live=1" "Mozilla/5.0 (Windows NT 10.0; Win64; x64) AppleWebKit/537.36 (KHTML, like Gecko) Chrome/108.0.0.0 Safari/537.36"
27.74.254.72 - - [16/Dec/2022:17:34:39 +0700] "GET /library/?pagelayer-iframe=1&&pagelayer-live=1 HTTP/2" 200 36484 "https://1mieng.website/library/?&pagelayer-live=1" "Mozilla/5.0 (Windows NT 10.0; Win64; x64) AppleWebKit/537.36 (KHTML, like Gecko) Chrome/108.0.0.0 Safari/537.36"
27.74.254.72 - - [16/Dec/2022:17:34:40 +0700] "GET /wp-admin/admin-ajax.php?action=pagelayer_givejs&give=pagelayer-editor.js%2Cwidgets.js%2Cproperties.js%2Cbase-64.min.js%2Cslimscroll.js%2Cvanilla-picker.min.js%2Ctrumbowyg.js%2Ctrumbowyg.fontfamily.js%2Ctrumbowyg-pagelayer.js%2Ctlite.min.js%2Cpagelayer-pen.js%2C&pagelayer_nonce=1&scmd5=11e1c51e6a48fed003cb8071a638d880&ver=1.7.2 HTTP/2" 304 0 "https://1mieng.website/library/?pagelayer-iframe=1&&pagelayer-live=1" "Mozilla/5.0 (Windows NT 10.0; Win64; x64) AppleWebKit/537.36 (KHTML, like Gecko) Chrome/108.0.0.0 Safari/537.36"
27.74.254.72 - - [16/Dec/2022:17:34:42 +0700] "GET /wp-content/uploads/2022/12/KNMCLC05-NHOM-8-1.mp4?&autoplay=0&mute=0&loop=0 HTTP/2" 200 65500 "https://1mieng.website/library/?pagelayer-iframe=1&&pagelayer-live=1" "Mozilla/5.0 (Windows NT 10.0; Win64; x64) AppleWebKit/537.36 (KHTML, like Gecko) Chrome/108.0.0.0 Safari/537.36"
27.74.254.72 - - [16/Dec/2022:17:34:42 +0700] "POST /wp-admin/admin-ajax.php HTTP/2" 200 21 "https://1mieng.website/library/?pagelayer-iframe=1&&pagelayer-live=1" "Mozilla/5.0 (Windows NT 10.0; Win64; x64) AppleWebKit/537.36 (KHTML, like Gecko) Chrome/108.0.0.0 Safari/537.36"
27.74.254.72 - - [16/Dec/2022:17:34:42 +0700] "GET /wp-content/uploads/2022/12/KNMCLC05-NHOM-8-1.mp4?&autoplay=0&mute=0&loop=0 HTTP/2" 200 6291456 "https://1mieng.website/library/?pagelayer-iframe=1&&pagelayer-live=1" "Mozilla/5.0 (Windows NT 10.0; Win64; x64) AppleWebKit/537.36 (KHTML, like Gecko) Chrome/108.0.0.0 Safari/537.36"
103.200.23.139 - - [16/Dec/2022:17:35:03 +0700] "POST /wp-cron.php?doing_wp_cron=1671186903.9691560268402099609375 HTTP/1.1" 200 0 "https://1mieng.website/wp-cron.php?doing_wp_cron=1671186903.9691560268402099609375" "WordPress/6.1.1; https://1mieng.website"
115.79.4.48 - - [16/Dec/2022:17:35:03 +0700] "GET /wp-admin/plugins.php?plugin_status=active HTTP/2" 200 22929 "https://1mieng.website/wp-admin/plugins.php" "Mozilla/5.0 (Windows NT 10.0; Win64; x64) AppleWebKit/537.36 (KHTML, like Gecko) Chrome/108.0.0.0 Safari/537.36"
14.241.254.70 - - [16/Dec/2022:17:35:23 +0700] "GET /wp-admin/plugins.php?plugin_status=recently_activated HTTP/2" 200 21288 "https://1mieng.website/wp-admin/plugins.php?plugin_status=active" "Mozilla/5.0 (Windows NT 10.0; Win64; x64) AppleWebKit/537.36 (KHTML, like Gecko) Chrome/108.0.0.0 Safari/537.36"
14.241.254.70 - - [16/Dec/2022:17:35:29 +0700] "GET /wp-admin/plugins.php?plugin_status=active HTTP/2" 200 22948 "https://1mieng.website/wp-admin/plugins.php?plugin_status=recently_activated" "Mozilla/5.0 (Windows NT 10.0; Win64; x64) AppleWebKit/537.36 (KHTML, like Gecko) Chrome/108.0.0.0 Safari/537.36"
103.200.23.139 - - [16/Dec/2022:17:35:44 +0700] "POST /wp-cron.php?doing_wp_cron=1671186944.4724030494689941406250 HTTP/1.1" 200 0 "https://1mieng.website/wp-cron.php?doing_wp_cron=1671186944.4724030494689941406250" "WordPress/6.1.1; https://1mieng.website"
14.241.254.209 - - [16/Dec/2022:17:35:43 +0700] "POST /wp-admin/admin-ajax.php HTTP/2" 200 51 "https://1mieng.website/library/?pagelayer-iframe=1&&pagelayer-live=1" "Mozilla/5.0 (Windows NT 10.0; Win64; x64) AppleWebKit/537.36 (KHTML, like Gecko) Chrome/108.0.0.0 Safari/537.36"
103.200.23.139 - - [16/Dec/2022:17:35:49 +0700] "POST /wp-cron.php?doing_wp_cron=1671186949.6512410640716552734375 HTTP/1.1" 200 0 "https://1mieng.website/wp-cron.php?doing_wp_cron=1671186949.6512410640716552734375" "WordPress/6.1.1; https://1mieng.website"
115.73.214.48 - - [16/Dec/2022:17:35:49 +0700] "GET /wp-admin/plugins.php?plugin_status=active HTTP/2" 200 23021 "https://1mieng.website/wp-admin/plugins.php?plugin_status=active" "Mozilla/5.0 (Windows NT 10.0; Win64; x64) AppleWebKit/537.36 (KHTML, like Gecko) Chrome/108.0.0.0 Safari/537.36"
115.73.214.48 - - [16/Dec/2022:17:35:51 +0700] "GET /wp-admin/plugins.php?plugin_status=all HTTP/2" 200 25814 "https://1mieng.website/wp-admin/plugins.php?plugin_status=active" "Mozilla/5.0 (Windows NT 10.0; Win64; x64) AppleWebKit/537.36 (KHTML, like Gecko) Chrome/108.0.0.0 Safari/537.36"
115.73.214.48 - - [16/Dec/2022:17:36:08 +0700] "GET /wp-admin/plugins.php?plugin_status=active HTTP/2" 200 22952 "https://1mieng.website/wp-admin/plugins.php?plugin_status=all" "Mozilla/5.0 (Windows NT 10.0; Win64; x64) AppleWebKit/537.36 (KHTML, like Gecko) Chrome/108.0.0.0 Safari/537.36"
103.200.23.139 - - [16/Dec/2022:17:36:44 +0700] "POST /wp-cron.php?doing_wp_cron=1671187004.2750809192657470703125 HTTP/1.1" 200 0 "https://1mieng.website/wp-cron.php?doing_wp_cron=1671187004.2750809192657470703125" "WordPress/6.1.1; https://1mieng.website"
115.73.223.217 - - [16/Dec/2022:17:36:43 +0700] "GET /library/%7B%7Bparallax_img_src%7D%7D HTTP/2" 301 0 "https://1mieng.website/library/?pagelayer-iframe=1&&pagelayer-live=1" "Mozilla/5.0 (Windows NT 10.0; Win64; x64) AppleWebKit/537.36 (KHTML, like Gecko) Chrome/108.0.0.0 Safari/537.36"
115.73.223.217 - - [16/Dec/2022:17:36:43 +0700] "POST /wp-admin/admin-ajax.php HTTP/2" 200 51 "https://1mieng.website/library/?pagelayer-iframe=1&&pagelayer-live=1" "Mozilla/5.0 (Windows NT 10.0; Win64; x64) AppleWebKit/537.36 (KHTML, like Gecko) Chrome/108.0.0.0 Safari/537.36"
115.73.223.217 - - [16/Dec/2022:17:36:46 +0700] "GET /library/%7B%7Bparallax_img_src HTTP/2" 404 6342 "https://1mieng.website/library/?pagelayer-iframe=1&&pagelayer-live=1" "Mozilla/5.0 (Windows NT 10.0; Win64; x64) AppleWebKit/537.36 (KHTML, like Gecko) Chrome/108.0.0.0 Safari/537.36"
103.200.23.139 - - [16/Dec/2022:17:37:11 +0700] "POST /wp-cron.php?doing_wp_cron=1671187031.4252810478210449218750 HTTP/1.1" 200 0 "https://1mieng.website/wp-cron.php?doing_wp_cron=1671187031.4252810478210449218750" "WordPress/6.1.1; https://1mieng.website"
14.241.254.209 - - [16/Dec/2022:17:37:10 +0700] "POST /wp-admin/admin-ajax.php HTTP/2" 200 51 "https://1mieng.website/wp-admin/plugins.php?plugin_status=active" "Mozilla/5.0 (Windows NT 10.0; Win64; x64) AppleWebKit/537.36 (KHTML, like Gecko) Chrome/108.0.0.0 Safari/537.36"
103.200.23.139 - - [16/Dec/2022:17:37:43 +0700] "POST /wp-cron.php?doing_wp_cron=1671187063.2208631038665771484375 HTTP/1.1" 200 0 "https://1mieng.website/wp-cron.php?doing_wp_cron=1671187063.2208631038665771484375" "WordPress/6.1.1; https://1mieng.website"
150.230.247.143 - - [16/Dec/2022:17:37:42 +0700] "POST /xmlrpc.php HTTP/1.1" 200 232 "-" "Mozilla/5.0 (Windows NT 10.0; Win64; x64; rv:96.0) Gecko/20100101 Firefox/96"
203.128.243.30 - - [16/Dec/2022:17:37:43 +0700] "POST /wp-admin/admin-ajax.php HTTP/2" 200 51 "https://1mieng.website/library/?pagelayer-iframe=1&&pagelayer-live=1" "Mozilla/5.0 (Windows NT 10.0; Win64; x64) AppleWebKit/537.36 (KHTML, like Gecko) Chrome/108.0.0.0 Safari/537.36"
103.200.23.139 - - [16/Dec/2022:17:38:12 +0700] "POST /wp-cron.php?doing_wp_cron=1671187092.3935499191284179687500 HTTP/1.1" 200 0 "https://1mieng.website/wp-cron.php?doing_wp_cron=1671187092.3935499191284179687500" "WordPress/6.1.1; https://1mieng.website"
14.241.254.209 - - [16/Dec/2022:17:38:11 +0700] "POST /wp-admin/admin-ajax.php HTTP/2" 200 51 "https://1mieng.website/wp-admin/plugins.php?plugin_status=active" "Mozilla/5.0 (Windows NT 10.0; Win64; x64) AppleWebKit/537.36 (KHTML, like Gecko) Chrome/108.0.0.0 Safari/537.36"
103.200.23.139 - - [16/Dec/2022:17:38:45 +0700] "POST /wp-cron.php?doing_wp_cron=1671187125.5224850177764892578125 HTTP/1.1" 200 0 "https://1mieng.website/wp-cron.php?doing_wp_cron=1671187125.5224850177764892578125" "WordPress/6.1.1; https://1mieng.website"
14.241.254.131 - - [16/Dec/2022:17:38:44 +0700] "POST /wp-admin/admin-ajax.php HTTP/2" 200 51 "https://1mieng.website/library/?pagelayer-iframe=1&&pagelayer-live=1" "Mozilla/5.0 (Windows NT 10.0; Win64; x64) AppleWebKit/537.36 (KHTML, like Gecko) Chrome/108.0.0.0 Safari/537.36"
103.200.23.139 - - [16/Dec/2022:17:39:13 +0700] "POST /wp-cron.php?doing_wp_cron=1671187153.4052340984344482421875 HTTP/1.1" 200 0 "https://1mieng.website/wp-cron.php?doing_wp_cron=1671187153.4052340984344482421875" "WordPress/6.1.1; https://1mieng.website"
14.241.254.131 - - [16/Dec/2022:17:39:12 +0700] "POST /wp-admin/admin-ajax.php HTTP/2" 200 51 "https://1mieng.website/wp-admin/plugins.php?plugin_status=active" "Mozilla/5.0 (Windows NT 10.0; Win64; x64) AppleWebKit/537.36 (KHTML, like Gecko) Chrome/108.0.0.0 Safari/537.36"
103.200.23.139 - - [16/Dec/2022:17:39:46 +0700] "POST /wp-cron.php?doing_wp_cron=1671187186.4845209121704101562500 HTTP/1.1" 200 0 "https://1mieng.website/wp-cron.php?doing_wp_cron=1671187186.4845209121704101562500" "WordPress/6.1.1; https://1mieng.website"
115.73.223.217 - - [16/Dec/2022:17:39:45 +0700] "POST /wp-admin/admin-ajax.php HTTP/2" 200 50 "https://1mieng.website/library/?pagelayer-iframe=1&&pagelayer-live=1" "Mozilla/5.0 (Windows NT 10.0; Win64; x64) AppleWebKit/537.36 (KHTML, like Gecko) Chrome/108.0.0.0 Safari/537.36"
103.200.23.139 - - [16/Dec/2022:17:40:14 +0700] "POST /wp-cron.php?doing_wp_cron=1671187214.4377200603485107421875 HTTP/1.1" 200 0 "https://1mieng.website/wp-cron.php?doing_wp_cron=1671187214.4377200603485107421875" "WordPress/6.1.1; https://1mieng.website"
115.73.214.48 - - [16/Dec/2022:17:40:13 +0700] "POST /wp-admin/admin-ajax.php HTTP/2" 200 51 "https://1mieng.website/wp-admin/plugins.php?plugin_status=active" "Mozilla/5.0 (Windows NT 10.0; Win64; x64) AppleWebKit/537.36 (KHTML, like Gecko) Chrome/108.0.0.0 Safari/537.36"
103.200.23.139 - - [16/Dec/2022:17:40:46 +0700] "POST /wp-cron.php?doing_wp_cron=1671187246.3789510726928710937500 HTTP/1.1" 200 0 "https://1mieng.website/wp-cron.php?doing_wp_cron=1671187246.3789510726928710937500" "WordPress/6.1.1; https://1mieng.website"
115.73.213.165 - - [16/Dec/2022:17:40:45 +0700] "POST /wp-admin/admin-ajax.php HTTP/2" 200 51 "https://1mieng.website/library/?pagelayer-iframe=1&&pagelayer-live=1" "Mozilla/5.0 (Windows NT 10.0; Win64; x64) AppleWebKit/537.36 (KHTML, like Gecko) Chrome/108.0.0.0 Safari/537.36"
103.200.23.139 - - [16/Dec/2022:17:41:20 +0700] "POST /wp-cron.php?doing_wp_cron=1671187280.5423591136932373046875 HTTP/1.1" 200 0 "https://1mieng.website/wp-cron.php?doing_wp_cron=1671187280.5423591136932373046875" "WordPress/6.1.1; https://1mieng.website"
14.161.23.204 - - [16/Dec/2022:17:41:19 +0700] "POST /wp-admin/admin-ajax.php?&&action=pagelayer_save_content&postID=19 HTTP/2" 200 66 "https://1mieng.website/library/?pagelayer-iframe=1&&pagelayer-live=1" "Mozilla/5.0 (Windows NT 10.0; Win64; x64) AppleWebKit/537.36 (KHTML, like Gecko) Chrome/108.0.0.0 Safari/537.36"
14.161.23.204 - - [16/Dec/2022:17:41:20 +0700] "POST /wp-admin/admin-ajax.php?&&action=pagelayer_get_revision&postID=19 HTTP/2" 200 362 "https://1mieng.website/library/?pagelayer-iframe=1&&pagelayer-live=1" "Mozilla/5.0 (Windows NT 10.0; Win64; x64) AppleWebKit/537.36 (KHTML, like Gecko) Chrome/108.0.0.0 Safari/537.36"
27.74.254.72 - - [16/Dec/2022:17:41:38 +0700] "POST /wp-admin/admin-ajax.php HTTP/2" 200 51 "https://1mieng.website/wp-admin/plugins.php?plugin_status=active" "Mozilla/5.0 (Windows NT 10.0; Win64; x64) AppleWebKit/537.36 (KHTML, like Gecko) Chrome/108.0.0.0 Safari/537.36"
103.200.23.139 - - [16/Dec/2022:17:41:46 +0700] "POST /wp-cron.php?doing_wp_cron=1671187306.3884069919586181640625 HTTP/1.1" 200 0 "https://1mieng.website/wp-cron.php?doing_wp_cron=1671187306.3884069919586181640625" "WordPress/6.1.1; https://1mieng.website"
27.74.254.72 - - [16/Dec/2022:17:41:45 +0700] "POST /wp-admin/admin-ajax.php HTTP/2" 200 51 "https://1mieng.website/library/?pagelayer-iframe=1&&pagelayer-live=1" "Mozilla/5.0 (Windows NT 10.0; Win64; x64) AppleWebKit/537.36 (KHTML, like Gecko) Chrome/108.0.0.0 Safari/537.36"
27.74.254.72 - - [16/Dec/2022:17:41:46 +0700] "GET /wp-admin/options-writing.php HTTP/2" 200 17334 "https://1mieng.website/wp-admin/plugins.php?plugin_status=active" "Mozilla/5.0 (Windows NT 10.0; Win64; x64) AppleWebKit/537.36 (KHTML, like Gecko) Chrome/108.0.0.0 Safari/537.36"
103.200.23.139 - - [16/Dec/2022:17:41:57 +0700] "POST /wp-cron.php?doing_wp_cron=1671187317.2059249877929687500000 HTTP/1.1" 200 0 "https://1mieng.website/wp-cron.php?doing_wp_cron=1671187317.2059249877929687500000" "WordPress/6.1.1; https://1mieng.website"
27.74.254.72 - - [16/Dec/2022:17:41:56 +0700] "GET /wp-admin/plugin-install.php?tab=plugin-information&plugin=classic-editor& HTTP/2" 200 13662 "https://1mieng.website/wp-admin/plugins.php?plugin_status=active" "Mozilla/5.0 (Windows NT 10.0; Win64; x64) AppleWebKit/537.36 (KHTML, like Gecko) Chrome/108.0.0.0 Safari/537.36"
27.74.254.72 - - [16/Dec/2022:17:42:23 +0700] "GET /wp-admin/options-writing.php HTTP/2" 200 17335 "https://1mieng.website/wp-admin/plugins.php?plugin_status=active" "Mozilla/5.0 (Windows NT 10.0; Win64; x64) AppleWebKit/537.36 (KHTML, like Gecko) Chrome/108.0.0.0 Safari/537.36"
103.200.23.139 - - [16/Dec/2022:17:42:45 +0700] "POST /wp-cron.php?doing_wp_cron=1671187365.4459209442138671875000 HTTP/1.1" 200 0 "https://1mieng.website/wp-cron.php?doing_wp_cron=1671187365.4459209442138671875000" "WordPress/6.1.1; https://1mieng.website"
115.73.214.48 - - [16/Dec/2022:17:42:44 +0700] "GET /wp-admin/plugin-install.php?tab=plugin-information&plugin=classic-editor& HTTP/2" 200 13670 "https://1mieng.website/wp-admin/plugins.php?plugin_status=active" "Mozilla/5.0 (Windows NT 10.0; Win64; x64) AppleWebKit/537.36 (KHTML, like Gecko) Chrome/108.0.0.0 Safari/537.36"
103.200.23.139 - - [16/Dec/2022:17:42:56 +0700] "POST /wp-cron.php?doing_wp_cron=1671187376.9700660705566406250000 HTTP/1.1" 200 0 "https://1mieng.website/wp-cron.php?doing_wp_cron=1671187376.9700660705566406250000" "WordPress/6.1.1; https://1mieng.website"
115.73.223.217 - - [16/Dec/2022:17:42:56 +0700] "GET /wp-admin/plugin-editor.php HTTP/2" 200 29057 "https://1mieng.website/wp-admin/plugins.php?plugin_status=active" "Mozilla/5.0 (Windows NT 10.0; Win64; x64) AppleWebKit/537.36 (KHTML, like Gecko) Chrome/108.0.0.0 Safari/537.36"
14.241.254.131 - - [16/Dec/2022:17:43:21 +0700] "POST /wp-admin/admin-ajax.php HTTP/2" 200 51 "https://1mieng.website/library/?pagelayer-iframe=1&&pagelayer-live=1" "Mozilla/5.0 (Windows NT 10.0; Win64; x64) AppleWebKit/537.36 (KHTML, like Gecko) Chrome/108.0.0.0 Safari/537.36"
115.79.4.48 - - [16/Dec/2022:17:43:32 +0700] "POST /wp-admin/admin-ajax.php HTTP/2" 200 51 "https://1mieng.website/wp-admin/plugins.php?plugin_status=active" "Mozilla/5.0 (Windows NT 10.0; Win64; x64) AppleWebKit/537.36 (KHTML, like Gecko) Chrome/108.0.0.0 Safari/537.36"
103.200.23.139 - - [16/Dec/2022:17:44:22 +0700] "POST /wp-cron.php?doing_wp_cron=1671187462.3949120044708251953125 HTTP/1.1" 200 0 "https://1mieng.website/wp-cron.php?doing_wp_cron=1671187462.3949120044708251953125" "WordPress/6.1.1; https://1mieng.website"
115.73.217.121 - - [16/Dec/2022:17:44:21 +0700] "POST /wp-admin/admin-ajax.php HTTP/2" 200 51 "https://1mieng.website/library/?pagelayer-iframe=1&&pagelayer-live=1" "Mozilla/5.0 (Windows NT 10.0; Win64; x64) AppleWebKit/537.36 (KHTML, like Gecko) Chrome/108.0.0.0 Safari/537.36"
14.241.254.209 - - [16/Dec/2022:17:44:33 +0700] "POST /wp-admin/admin-ajax.php HTTP/2" 200 51 "https://1mieng.website/wp-admin/plugins.php?plugin_status=active" "Mozilla/5.0 (Windows NT 10.0; Win64; x64) AppleWebKit/537.36 (KHTML, like Gecko) Chrome/108.0.0.0 Safari/537.36"
103.200.23.139 - - [16/Dec/2022:17:44:40 +0700] "POST /wp-cron.php?doing_wp_cron=1671187480.2670249938964843750000 HTTP/1.1" 200 0 "https://1mieng.website/wp-cron.php?doing_wp_cron=1671187480.2670249938964843750000" "WordPress/6.1.1; https://1mieng.website"
103.166.182.177 - - [16/Dec/2022:17:44:39 +0700] "POST /xmlrpc.php HTTP/1.1" 200 232 "-" "Mozilla/5.0 (Windows NT 10.0; Win64; x64; rv:96.0) Gecko/20100101 Firefox/96"
103.200.23.139 - - [16/Dec/2022:17:45:22 +0700] "POST /wp-cron.php?doing_wp_cron=1671187522.3996560573577880859375 HTTP/1.1" 200 0 "https://1mieng.website/wp-cron.php?doing_wp_cron=1671187522.3996560573577880859375" "WordPress/6.1.1; https://1mieng.website"
14.161.23.125 - - [16/Dec/2022:17:45:21 +0700] "POST /wp-admin/admin-ajax.php HTTP/2" 200 51 "https://1mieng.website/library/?pagelayer-iframe=1&&pagelayer-live=1" "Mozilla/5.0 (Windows NT 10.0; Win64; x64) AppleWebKit/537.36 (KHTML, like Gecko) Chrome/108.0.0.0 Safari/537.36"
27.74.254.72 - - [16/Dec/2022:17:45:34 +0700] "POST /wp-admin/admin-ajax.php HTTP/2" 200 51 "https://1mieng.website/wp-admin/plugins.php?plugin_status=active" "Mozilla/5.0 (Windows NT 10.0; Win64; x64) AppleWebKit/537.36 (KHTML, like Gecko) Chrome/108.0.0.0 Safari/537.36"
103.200.23.139 - - [16/Dec/2022:17:46:22 +0700] "POST /wp-cron.php?doing_wp_cron=1671187582.4849429130554199218750 HTTP/1.1" 200 0 "https://1mieng.website/wp-cron.php?doing_wp_cron=1671187582.4849429130554199218750" "WordPress/6.1.1; https://1mieng.website"
115.79.4.48 - - [16/Dec/2022:17:46:21 +0700] "POST /wp-admin/admin-ajax.php HTTP/2" 200 51 "https://1mieng.website/library/?pagelayer-iframe=1&&pagelayer-live=1" "Mozilla/5.0 (Windows NT 10.0; Win64; x64) AppleWebKit/537.36 (KHTML, like Gecko) Chrome/108.0.0.0 Safari/537.36"
103.200.23.139 - - [16/Dec/2022:17:47:23 +0700] "POST /wp-cron.php?doing_wp_cron=1671187643.4444370269775390625000 HTTP/1.1" 200 0 "https://1mieng.website/wp-cron.php?doing_wp_cron=1671187643.4444370269775390625000" "WordPress/6.1.1; https://1mieng.website"
115.79.4.48 - - [16/Dec/2022:17:47:22 +0700] "POST /wp-admin/admin-ajax.php HTTP/2" 200 51 "https://1mieng.website/library/?pagelayer-iframe=1&&pagelayer-live=1" "Mozilla/5.0 (Windows NT 10.0; Win64; x64) AppleWebKit/537.36 (KHTML, like Gecko) Chrome/108.0.0.0 Safari/537.36"
103.200.23.139 - - [16/Dec/2022:17:47:36 +0700] "POST /wp-cron.php?doing_wp_cron=1671187656.4658110141754150390625 HTTP/1.1" 200 0 "https://1mieng.website/wp-cron.php?doing_wp_cron=1671187656.4658110141754150390625" "WordPress/6.1.1; https://1mieng.website"
203.128.243.30 - - [16/Dec/2022:17:47:35 +0700] "POST /wp-admin/admin-ajax.php HTTP/2" 200 51 "https://1mieng.website/wp-admin/plugins.php?plugin_status=active" "Mozilla/5.0 (Windows NT 10.0; Win64; x64) AppleWebKit/537.36 (KHTML, like Gecko) Chrome/108.0.0.0 Safari/537.36"
103.200.23.139 - - [16/Dec/2022:17:47:45 +0700] "POST /wp-cron.php?doing_wp_cron=1671187665.9446671009063720703125 HTTP/1.1" 200 0 "https://1mieng.website/wp-cron.php?doing_wp_cron=1671187665.9446671009063720703125" "WordPress/6.1.1; https://1mieng.website"
115.73.217.121 - - [16/Dec/2022:17:47:45 +0700] "POST /wp-admin/admin-ajax.php?&&action=pagelayer_save_content&postID=19 HTTP/2" 200 66 "https://1mieng.website/library/?pagelayer-iframe=1&&pagelayer-live=1" "Mozilla/5.0 (Windows NT 10.0; Win64; x64) AppleWebKit/537.36 (KHTML, like Gecko) Chrome/108.0.0.0 Safari/537.36"
115.73.217.121 - - [16/Dec/2022:17:47:46 +0700] "POST /wp-admin/admin-ajax.php?&&action=pagelayer_get_revision&postID=19 HTTP/2" 200 371 "https://1mieng.website/library/?pagelayer-iframe=1&&pagelayer-live=1" "Mozilla/5.0 (Windows NT 10.0; Win64; x64) AppleWebKit/537.36 (KHTML, like Gecko) Chrome/108.0.0.0 Safari/537.36"
103.200.23.139 - - [16/Dec/2022:17:48:23 +0700] "POST /wp-cron.php?doing_wp_cron=1671187703.4069979190826416015625 HTTP/1.1" 200 0 "https://1mieng.website/wp-cron.php?doing_wp_cron=1671187703.4069979190826416015625" "WordPress/6.1.1; https://1mieng.website"
115.73.214.48 - - [16/Dec/2022:17:48:22 +0700] "POST /wp-admin/admin-ajax.php HTTP/2" 200 51 "https://1mieng.website/library/?pagelayer-iframe=1&&pagelayer-live=1" "Mozilla/5.0 (Windows NT 10.0; Win64; x64) AppleWebKit/537.36 (KHTML, like Gecko) Chrome/108.0.0.0 Safari/537.36"
14.161.23.204 - - [16/Dec/2022:17:48:36 +0700] "POST /wp-admin/admin-ajax.php HTTP/2" 200 50 "https://1mieng.website/wp-admin/plugins.php?plugin_status=active" "Mozilla/5.0 (Windows NT 10.0; Win64; x64) AppleWebKit/537.36 (KHTML, like Gecko) Chrome/108.0.0.0 Safari/537.36"
