103.200.23.139 - - [16/Dec/2022:17:49:24 +0700] "POST /wp-cron.php?doing_wp_cron=1671187764.5242218971252441406250 HTTP/1.1" 200 0 "https://1mieng.website/wp-cron.php?doing_wp_cron=1671187764.5242218971252441406250" "WordPress/6.1.1; https://1mieng.website"
14.161.23.204 - - [16/Dec/2022:17:49:23 +0700] "POST /wp-admin/admin-ajax.php HTTP/2" 200 51 "https://1mieng.website/library/?pagelayer-iframe=1&&pagelayer-live=1" "Mozilla/5.0 (Windows NT 10.0; Win64; x64) AppleWebKit/537.36 (KHTML, like Gecko) Chrome/108.0.0.0 Safari/537.36"
14.161.23.125 - - [16/Dec/2022:17:49:37 +0700] "POST /wp-admin/admin-ajax.php HTTP/2" 200 50 "https://1mieng.website/wp-admin/plugins.php?plugin_status=active" "Mozilla/5.0 (Windows NT 10.0; Win64; x64) AppleWebKit/537.36 (KHTML, like Gecko) Chrome/108.0.0.0 Safari/537.36"
103.200.23.139 - - [16/Dec/2022:17:50:25 +0700] "POST /wp-cron.php?doing_wp_cron=1671187825.4761750698089599609375 HTTP/1.1" 200 0 "https://1mieng.website/wp-cron.php?doing_wp_cron=1671187825.4761750698089599609375" "WordPress/6.1.1; https://1mieng.website"
14.241.254.209 - - [16/Dec/2022:17:50:24 +0700] "POST /wp-admin/admin-ajax.php HTTP/2" 200 51 "https://1mieng.website/library/?pagelayer-iframe=1&&pagelayer-live=1" "Mozilla/5.0 (Windows NT 10.0; Win64; x64) AppleWebKit/537.36 (KHTML, like Gecko) Chrome/108.0.0.0 Safari/537.36"
115.73.223.217 - - [16/Dec/2022:17:50:37 +0700] "POST /wp-admin/admin-ajax.php HTTP/2" 200 51 "https://1mieng.website/wp-admin/plugins.php?plugin_status=active" "Mozilla/5.0 (Windows NT 10.0; Win64; x64) AppleWebKit/537.36 (KHTML, like Gecko) Chrome/108.0.0.0 Safari/537.36"
103.200.23.139 - - [16/Dec/2022:17:51:25 +0700] "POST /wp-cron.php?doing_wp_cron=1671187885.4125559329986572265625 HTTP/1.1" 200 0 "https://1mieng.website/wp-cron.php?doing_wp_cron=1671187885.4125559329986572265625" "WordPress/6.1.1; https://1mieng.website"
203.128.243.30 - - [16/Dec/2022:17:51:24 +0700] "POST /wp-admin/admin-ajax.php HTTP/2" 200 51 "https://1mieng.website/library/?pagelayer-iframe=1&&pagelayer-live=1" "Mozilla/5.0 (Windows NT 10.0; Win64; x64) AppleWebKit/537.36 (KHTML, like Gecko) Chrome/108.0.0.0 Safari/537.36"
103.200.23.139 - - [16/Dec/2022:17:51:39 +0700] "POST /wp-cron.php?doing_wp_cron=1671187899.4360148906707763671875 HTTP/1.1" 200 0 "https://1mieng.website/wp-cron.php?doing_wp_cron=1671187899.4360148906707763671875" "WordPress/6.1.1; https://1mieng.website"
14.161.23.125 - - [16/Dec/2022:17:51:38 +0700] "POST /wp-admin/admin-ajax.php HTTP/2" 200 51 "https://1mieng.website/wp-admin/plugins.php?plugin_status=active" "Mozilla/5.0 (Windows NT 10.0; Win64; x64) AppleWebKit/537.36 (KHTML, like Gecko) Chrome/108.0.0.0 Safari/537.36"
103.200.23.139 - - [16/Dec/2022:17:52:06 +0700] "POST /wp-cron.php?doing_wp_cron=1671187926.1474139690399169921875 HTTP/1.1" 200 0 "https://1mieng.website/wp-cron.php?doing_wp_cron=1671187926.1474139690399169921875" "WordPress/6.1.1; https://1mieng.website"
162.240.78.30 - - [16/Dec/2022:17:52:05 +0700] "POST /xmlrpc.php HTTP/1.1" 200 232 "-" "Mozilla/5.0 (Windows NT 10.0; Win64; x64; rv:96.0) Gecko/20100101 Firefox/96"
14.161.23.204 - - [16/Dec/2022:17:52:24 +0700] "POST /wp-admin/admin-ajax.php HTTP/2" 200 51 "https://1mieng.website/library/?pagelayer-iframe=1&&pagelayer-live=1" "Mozilla/5.0 (Windows NT 10.0; Win64; x64) AppleWebKit/537.36 (KHTML, like Gecko) Chrome/108.0.0.0 Safari/537.36"
171.248.158.81 - - [16/Dec/2022:17:52:37 +0700] "POST /wp-admin/admin-ajax.php HTTP/2" 200 68 "https://1mieng.website/wp-admin/plugin-install.php" "Mozilla/5.0 (Windows NT 10.0; Win64; x64) AppleWebKit/537.36 (KHTML, like Gecko) Chrome/108.0.0.0 Safari/537.36 Edg/108.0.1462.46"
103.200.23.139 - - [16/Dec/2022:17:53:25 +0700] "POST /wp-cron.php?doing_wp_cron=1671188005.3390579223632812500000 HTTP/1.1" 200 0 "https://1mieng.website/wp-cron.php?doing_wp_cron=1671188005.3390579223632812500000" "WordPress/6.1.1; https://1mieng.website"
27.74.254.72 - - [16/Dec/2022:17:53:24 +0700] "POST /wp-admin/admin-ajax.php HTTP/2" 200 51 "https://1mieng.website/library/?pagelayer-iframe=1&&pagelayer-live=1" "Mozilla/5.0 (Windows NT 10.0; Win64; x64) AppleWebKit/537.36 (KHTML, like Gecko) Chrome/108.0.0.0 Safari/537.36"
171.248.158.81 - - [16/Dec/2022:17:53:37 +0700] "POST /wp-admin/admin-ajax.php HTTP/2" 200 51 "https://1mieng.website/wp-admin/plugin-install.php" "Mozilla/5.0 (Windows NT 10.0; Win64; x64) AppleWebKit/537.36 (KHTML, like Gecko) Chrome/108.0.0.0 Safari/537.36 Edg/108.0.1462.46"
103.200.23.139 - - [16/Dec/2022:17:53:40 +0700] "POST /wp-cron.php?doing_wp_cron=1671188020.4139740467071533203125 HTTP/1.1" 200 0 "https://1mieng.website/wp-cron.php?doing_wp_cron=1671188020.4139740467071533203125" "WordPress/6.1.1; https://1mieng.website"
115.79.4.48 - - [16/Dec/2022:17:53:39 +0700] "POST /wp-admin/admin-ajax.php HTTP/2" 200 51 "https://1mieng.website/wp-admin/plugins.php?plugin_status=active" "Mozilla/5.0 (Windows NT 10.0; Win64; x64) AppleWebKit/537.36 (KHTML, like Gecko) Chrome/108.0.0.0 Safari/537.36"
103.200.23.139 - - [16/Dec/2022:17:54:25 +0700] "POST /wp-cron.php?doing_wp_cron=1671188065.3698689937591552734375 HTTP/1.1" 200 0 "https://1mieng.website/wp-cron.php?doing_wp_cron=1671188065.3698689937591552734375" "WordPress/6.1.1; https://1mieng.website"
115.73.213.165 - - [16/Dec/2022:17:54:24 +0700] "POST /wp-admin/admin-ajax.php HTTP/2" 200 51 "https://1mieng.website/library/?pagelayer-iframe=1&&pagelayer-live=1" "Mozilla/5.0 (Windows NT 10.0; Win64; x64) AppleWebKit/537.36 (KHTML, like Gecko) Chrome/108.0.0.0 Safari/537.36"
103.200.23.139 - - [16/Dec/2022:17:54:41 +0700] "POST /wp-cron.php?doing_wp_cron=1671188081.4367899894714355468750 HTTP/1.1" 200 0 "https://1mieng.website/wp-cron.php?doing_wp_cron=1671188081.4367899894714355468750" "WordPress/6.1.1; https://1mieng.website"
14.161.23.204 - - [16/Dec/2022:17:54:40 +0700] "POST /wp-admin/admin-ajax.php HTTP/2" 200 51 "https://1mieng.website/wp-admin/plugins.php?plugin_status=active" "Mozilla/5.0 (Windows NT 10.0; Win64; x64) AppleWebKit/537.36 (KHTML, like Gecko) Chrome/108.0.0.0 Safari/537.36"
103.200.23.139 - - [16/Dec/2022:17:55:25 +0700] "POST /wp-cron.php?doing_wp_cron=1671188125.3696429729461669921875 HTTP/1.1" 200 0 "https://1mieng.website/wp-cron.php?doing_wp_cron=1671188125.3696429729461669921875" "WordPress/6.1.1; https://1mieng.website"
14.161.23.125 - - [16/Dec/2022:17:55:24 +0700] "POST /wp-admin/admin-ajax.php HTTP/2" 200 51 "https://1mieng.website/library/?pagelayer-iframe=1&&pagelayer-live=1" "Mozilla/5.0 (Windows NT 10.0; Win64; x64) AppleWebKit/537.36 (KHTML, like Gecko) Chrome/108.0.0.0 Safari/537.36"
103.200.23.139 - - [16/Dec/2022:17:55:39 +0700] "POST /wp-cron.php?doing_wp_cron=1671188139.6622400283813476562500 HTTP/1.1" 200 0 "https://1mieng.website/wp-cron.php?doing_wp_cron=1671188139.6622400283813476562500" "WordPress/6.1.1; https://1mieng.website"
171.248.158.81 - - [16/Dec/2022:17:55:38 +0700] "POST /wp-admin/admin-ajax.php HTTP/2" 200 51 "https://1mieng.website/wp-admin/plugin-install.php" "Mozilla/5.0 (Windows NT 10.0; Win64; x64) AppleWebKit/537.36 (KHTML, like Gecko) Chrome/108.0.0.0 Safari/537.36 Edg/108.0.1462.46"
14.241.254.70 - - [16/Dec/2022:17:55:41 +0700] "POST /wp-admin/admin-ajax.php HTTP/2" 200 51 "https://1mieng.website/wp-admin/plugins.php?plugin_status=active" "Mozilla/5.0 (Windows NT 10.0; Win64; x64) AppleWebKit/537.36 (KHTML, like Gecko) Chrome/108.0.0.0 Safari/537.36"
103.200.23.139 - - [16/Dec/2022:17:56:25 +0700] "POST /wp-cron.php?doing_wp_cron=1671188185.3959610462188720703125 HTTP/1.1" 200 0 "https://1mieng.website/wp-cron.php?doing_wp_cron=1671188185.3959610462188720703125" "WordPress/6.1.1; https://1mieng.website"
115.73.213.165 - - [16/Dec/2022:17:56:24 +0700] "POST /wp-admin/admin-ajax.php HTTP/2" 200 51 "https://1mieng.website/library/?pagelayer-iframe=1&&pagelayer-live=1" "Mozilla/5.0 (Windows NT 10.0; Win64; x64) AppleWebKit/537.36 (KHTML, like Gecko) Chrome/108.0.0.0 Safari/537.36"
103.200.23.139 - - [16/Dec/2022:17:57:37 +0700] "POST /wp-cron.php?doing_wp_cron=1671188257.8126349449157714843750 HTTP/1.1" 200 0 "https://1mieng.website/wp-cron.php?doing_wp_cron=1671188257.8126349449157714843750" "WordPress/6.1.1; https://1mieng.website"
115.73.217.121 - - [16/Dec/2022:17:57:37 +0700] "POST /wp-admin/admin-ajax.php HTTP/2" 200 51 "https://1mieng.website/library/?pagelayer-iframe=1&&pagelayer-live=1" "Mozilla/5.0 (Windows NT 10.0; Win64; x64) AppleWebKit/537.36 (KHTML, like Gecko) Chrome/108.0.0.0 Safari/537.36"
103.200.23.139 - - [16/Dec/2022:17:57:40 +0700] "POST /wp-cron.php?doing_wp_cron=1671188260.6333279609680175781250 HTTP/1.1" 200 0 "https://1mieng.website/wp-cron.php?doing_wp_cron=1671188260.6333279609680175781250" "WordPress/6.1.1; https://1mieng.website"
171.248.158.81 - - [16/Dec/2022:17:57:39 +0700] "POST /wp-admin/admin-ajax.php HTTP/2" 200 51 "https://1mieng.website/wp-admin/plugin-install.php" "Mozilla/5.0 (Windows NT 10.0; Win64; x64) AppleWebKit/537.36 (KHTML, like Gecko) Chrome/108.0.0.0 Safari/537.36 Edg/108.0.1462.46"
115.73.223.217 - - [16/Dec/2022:17:57:42 +0700] "POST /wp-admin/admin-ajax.php HTTP/2" 200 51 "https://1mieng.website/wp-admin/plugins.php?plugin_status=active" "Mozilla/5.0 (Windows NT 10.0; Win64; x64) AppleWebKit/537.36 (KHTML, like Gecko) Chrome/108.0.0.0 Safari/537.36"
103.200.23.139 - - [16/Dec/2022:17:58:38 +0700] "POST /wp-cron.php?doing_wp_cron=1671188318.4639189243316650390625 HTTP/1.1" 200 0 "https://1mieng.website/wp-cron.php?doing_wp_cron=1671188318.4639189243316650390625" "WordPress/6.1.1; https://1mieng.website"
115.73.214.48 - - [16/Dec/2022:17:58:37 +0700] "POST /wp-admin/admin-ajax.php HTTP/2" 200 51 "https://1mieng.website/library/?pagelayer-iframe=1&&pagelayer-live=1" "Mozilla/5.0 (Windows NT 10.0; Win64; x64) AppleWebKit/537.36 (KHTML, like Gecko) Chrome/108.0.0.0 Safari/537.36"
14.161.23.125 - - [16/Dec/2022:17:58:43 +0700] "POST /wp-admin/admin-ajax.php HTTP/2" 200 51 "https://1mieng.website/wp-admin/plugins.php?plugin_status=active" "Mozilla/5.0 (Windows NT 10.0; Win64; x64) AppleWebKit/537.36 (KHTML, like Gecko) Chrome/108.0.0.0 Safari/537.36"
103.200.23.139 - - [16/Dec/2022:17:59:38 +0700] "POST /wp-cron.php?doing_wp_cron=1671188378.7972190380096435546875 HTTP/1.1" 200 0 "https://1mieng.website/wp-cron.php?doing_wp_cron=1671188378.7972190380096435546875" "WordPress/6.1.1; https://1mieng.website"
203.128.243.30 - - [16/Dec/2022:17:59:38 +0700] "POST /wp-admin/admin-ajax.php HTTP/2" 200 51 "https://1mieng.website/library/?pagelayer-iframe=1&&pagelayer-live=1" "Mozilla/5.0 (Windows NT 10.0; Win64; x64) AppleWebKit/537.36 (KHTML, like Gecko) Chrome/108.0.0.0 Safari/537.36"
103.200.23.139 - - [16/Dec/2022:17:59:57 +0700] "POST /wp-cron.php?doing_wp_cron=1671188397.4659030437469482421875 HTTP/1.1" 200 0 "https://1mieng.website/wp-cron.php?doing_wp_cron=1671188397.4659030437469482421875" "WordPress/6.1.1; https://1mieng.website"
216.245.215.122 - - [16/Dec/2022:17:59:56 +0700] "POST /xmlrpc.php HTTP/1.1" 200 232 "-" "Mozilla/5.0 (Windows NT 10.0; Win64; x64; rv:96.0) Gecko/20100101 Firefox/96"
14.241.254.209 - - [16/Dec/2022:18:00:22 +0700] "POST /wp-admin/admin-ajax.php HTTP/2" 200 51 "https://1mieng.website/wp-admin/plugins.php?plugin_status=active" "Mozilla/5.0 (Windows NT 10.0; Win64; x64) AppleWebKit/537.36 (KHTML, like Gecko) Chrome/108.0.0.0 Safari/537.36"
103.200.23.139 - - [16/Dec/2022:18:00:39 +0700] "POST /wp-cron.php?doing_wp_cron=1671188439.4146258831024169921875 HTTP/1.1" 200 0 "https://1mieng.website/wp-cron.php?doing_wp_cron=1671188439.4146258831024169921875" "WordPress/6.1.1; https://1mieng.website"
115.73.223.217 - - [16/Dec/2022:18:00:38 +0700] "POST /wp-admin/admin-ajax.php HTTP/2" 200 51 "https://1mieng.website/library/?pagelayer-iframe=1&&pagelayer-live=1" "Mozilla/5.0 (Windows NT 10.0; Win64; x64) AppleWebKit/537.36 (KHTML, like Gecko) Chrome/108.0.0.0 Safari/537.36"
103.200.23.139 - - [16/Dec/2022:18:01:24 +0700] "POST /wp-cron.php?doing_wp_cron=1671188484.4468629360198974609375 HTTP/1.1" 200 0 "https://1mieng.website/wp-cron.php?doing_wp_cron=1671188484.4468629360198974609375" "WordPress/6.1.1; https://1mieng.website"
27.74.254.72 - - [16/Dec/2022:18:01:23 +0700] "POST /wp-admin/admin-ajax.php HTTP/2" 200 51 "https://1mieng.website/wp-admin/plugins.php?plugin_status=active" "Mozilla/5.0 (Windows NT 10.0; Win64; x64) AppleWebKit/537.36 (KHTML, like Gecko) Chrome/108.0.0.0 Safari/537.36"
103.200.23.139 - - [16/Dec/2022:18:01:39 +0700] "POST /wp-cron.php?doing_wp_cron=1671188499.7323329448699951171875 HTTP/1.1" 200 0 "https://1mieng.website/wp-cron.php?doing_wp_cron=1671188499.7323329448699951171875" "WordPress/6.1.1; https://1mieng.website"
115.73.214.48 - - [16/Dec/2022:18:01:39 +0700] "POST /wp-admin/admin-ajax.php HTTP/2" 200 51 "https://1mieng.website/library/?pagelayer-iframe=1&&pagelayer-live=1" "Mozilla/5.0 (Windows NT 10.0; Win64; x64) AppleWebKit/537.36 (KHTML, like Gecko) Chrome/108.0.0.0 Safari/537.36"
103.200.23.139 - - [16/Dec/2022:18:02:25 +0700] "POST /wp-cron.php?doing_wp_cron=1671188545.4545431137084960937500 HTTP/1.1" 200 0 "https://1mieng.website/wp-cron.php?doing_wp_cron=1671188545.4545431137084960937500" "WordPress/6.1.1; https://1mieng.website"
14.241.254.131 - - [16/Dec/2022:18:02:24 +0700] "POST /wp-admin/admin-ajax.php HTTP/2" 200 51 "https://1mieng.website/wp-admin/plugins.php?plugin_status=active" "Mozilla/5.0 (Windows NT 10.0; Win64; x64) AppleWebKit/537.36 (KHTML, like Gecko) Chrome/108.0.0.0 Safari/537.36"
103.200.23.139 - - [16/Dec/2022:18:02:40 +0700] "POST /wp-cron.php?doing_wp_cron=1671188560.4254050254821777343750 HTTP/1.1" 200 0 "https://1mieng.website/wp-cron.php?doing_wp_cron=1671188560.4254050254821777343750" "WordPress/6.1.1; https://1mieng.website"
14.161.23.125 - - [16/Dec/2022:18:02:39 +0700] "POST /wp-admin/admin-ajax.php HTTP/2" 200 51 "https://1mieng.website/library/?pagelayer-iframe=1&&pagelayer-live=1" "Mozilla/5.0 (Windows NT 10.0; Win64; x64) AppleWebKit/537.36 (KHTML, like Gecko) Chrome/108.0.0.0 Safari/537.36"
103.200.23.139 - - [16/Dec/2022:18:03:25 +0700] "POST /wp-cron.php?doing_wp_cron=1671188605.4657299518585205078125 HTTP/1.1" 200 0 "https://1mieng.website/wp-cron.php?doing_wp_cron=1671188605.4657299518585205078125" "WordPress/6.1.1; https://1mieng.website"
203.128.243.30 - - [16/Dec/2022:18:03:24 +0700] "POST /wp-admin/admin-ajax.php HTTP/2" 200 51 "https://1mieng.website/wp-admin/plugins.php?plugin_status=active" "Mozilla/5.0 (Windows NT 10.0; Win64; x64) AppleWebKit/537.36 (KHTML, like Gecko) Chrome/108.0.0.0 Safari/537.36"
103.200.23.139 - - [16/Dec/2022:18:03:41 +0700] "POST /wp-cron.php?doing_wp_cron=1671188621.6811881065368652343750 HTTP/1.1" 200 0 "https://1mieng.website/wp-cron.php?doing_wp_cron=1671188621.6811881065368652343750" "WordPress/6.1.1; https://1mieng.website"
115.73.223.217 - - [16/Dec/2022:18:03:41 +0700] "POST /wp-admin/admin-ajax.php HTTP/2" 200 51 "https://1mieng.website/library/?pagelayer-iframe=1&&pagelayer-live=1" "Mozilla/5.0 (Windows NT 10.0; Win64; x64) AppleWebKit/537.36 (KHTML, like Gecko) Chrome/108.0.0.0 Safari/537.36"
103.200.23.139 - - [16/Dec/2022:18:04:26 +0700] "POST /wp-cron.php?doing_wp_cron=1671188666.4443469047546386718750 HTTP/1.1" 200 0 "https://1mieng.website/wp-cron.php?doing_wp_cron=1671188666.4443469047546386718750" "WordPress/6.1.1; https://1mieng.website"
14.241.254.70 - - [16/Dec/2022:18:04:25 +0700] "POST /wp-admin/admin-ajax.php HTTP/2" 200 50 "https://1mieng.website/wp-admin/plugins.php?plugin_status=active" "Mozilla/5.0 (Windows NT 10.0; Win64; x64) AppleWebKit/537.36 (KHTML, like Gecko) Chrome/108.0.0.0 Safari/537.36"
103.200.23.139 - - [16/Dec/2022:18:04:41 +0700] "POST /wp-cron.php?doing_wp_cron=1671188681.6042370796203613281250 HTTP/1.1" 200 0 "https://1mieng.website/wp-cron.php?doing_wp_cron=1671188681.6042370796203613281250" "WordPress/6.1.1; https://1mieng.website"
115.73.213.165 - - [16/Dec/2022:18:04:40 +0700] "POST /wp-admin/admin-ajax.php HTTP/2" 200 50 "https://1mieng.website/library/?pagelayer-iframe=1&&pagelayer-live=1" "Mozilla/5.0 (Windows NT 10.0; Win64; x64) AppleWebKit/537.36 (KHTML, like Gecko) Chrome/108.0.0.0 Safari/537.36"
103.200.23.139 - - [16/Dec/2022:18:05:35 +0700] "POST /wp-cron.php?doing_wp_cron=1671188735.3711280822753906250000 HTTP/1.1" 200 0 "https://1mieng.website/wp-cron.php?doing_wp_cron=1671188735.3711280822753906250000" "WordPress/6.1.1; https://1mieng.website"
27.74.254.72 - - [16/Dec/2022:18:05:34 +0700] "POST /wp-admin/admin-ajax.php HTTP/2" 200 51 "https://1mieng.website/wp-admin/plugins.php?plugin_status=active" "Mozilla/5.0 (Windows NT 10.0; Win64; x64) AppleWebKit/537.36 (KHTML, like Gecko) Chrome/108.0.0.0 Safari/537.36"
103.200.23.139 - - [16/Dec/2022:18:05:42 +0700] "POST /wp-cron.php?doing_wp_cron=1671188742.5188300609588623046875 HTTP/1.1" 200 0 "https://1mieng.website/wp-cron.php?doing_wp_cron=1671188742.5188300609588623046875" "WordPress/6.1.1; https://1mieng.website"
203.128.243.30 - - [16/Dec/2022:18:05:41 +0700] "POST /wp-admin/admin-ajax.php HTTP/2" 200 51 "https://1mieng.website/library/?pagelayer-iframe=1&&pagelayer-live=1" "Mozilla/5.0 (Windows NT 10.0; Win64; x64) AppleWebKit/537.36 (KHTML, like Gecko) Chrome/108.0.0.0 Safari/537.36"
103.200.23.139 - - [16/Dec/2022:18:06:35 +0700] "POST /wp-cron.php?doing_wp_cron=1671188795.2971260547637939453125 HTTP/1.1" 200 0 "https://1mieng.website/wp-cron.php?doing_wp_cron=1671188795.2971260547637939453125" "WordPress/6.1.1; https://1mieng.website"
14.241.254.70 - - [16/Dec/2022:18:06:34 +0700] "POST /wp-admin/admin-ajax.php HTTP/2" 200 51 "https://1mieng.website/wp-admin/plugins.php?plugin_status=active" "Mozilla/5.0 (Windows NT 10.0; Win64; x64) AppleWebKit/537.36 (KHTML, like Gecko) Chrome/108.0.0.0 Safari/537.36"
103.200.23.139 - - [16/Dec/2022:18:06:43 +0700] "POST /wp-cron.php?doing_wp_cron=1671188803.4176149368286132812500 HTTP/1.1" 200 0 "https://1mieng.website/wp-cron.php?doing_wp_cron=1671188803.4176149368286132812500" "WordPress/6.1.1; https://1mieng.website"
115.79.4.48 - - [16/Dec/2022:18:06:42 +0700] "POST /wp-admin/admin-ajax.php HTTP/2" 200 51 "https://1mieng.website/library/?pagelayer-iframe=1&&pagelayer-live=1" "Mozilla/5.0 (Windows NT 10.0; Win64; x64) AppleWebKit/537.36 (KHTML, like Gecko) Chrome/108.0.0.0 Safari/537.36"
103.200.23.139 - - [16/Dec/2022:18:07:22 +0700] "POST /wp-cron.php?doing_wp_cron=1671188842.5629799365997314453125 HTTP/1.1" 200 0 "https://1mieng.website/wp-cron.php?doing_wp_cron=1671188842.5629799365997314453125" "WordPress/6.1.1; https://1mieng.website"
47.57.186.73 - - [16/Dec/2022:18:07:21 +0700] "POST /xmlrpc.php HTTP/1.1" 200 232 "-" "Mozilla/5.0 (Windows NT 10.0; Win64; x64; rv:96.0) Gecko/20100101 Firefox/96"
115.73.217.121 - - [16/Dec/2022:18:07:34 +0700] "POST /wp-admin/admin-ajax.php HTTP/2" 200 51 "https://1mieng.website/wp-admin/plugins.php?plugin_status=active" "Mozilla/5.0 (Windows NT 10.0; Win64; x64) AppleWebKit/537.36 (KHTML, like Gecko) Chrome/108.0.0.0 Safari/537.36"
103.200.23.139 - - [16/Dec/2022:18:07:43 +0700] "POST /wp-cron.php?doing_wp_cron=1671188863.5276989936828613281250 HTTP/1.1" 200 0 "https://1mieng.website/wp-cron.php?doing_wp_cron=1671188863.5276989936828613281250" "WordPress/6.1.1; https://1mieng.website"
115.73.213.165 - - [16/Dec/2022:18:07:42 +0700] "POST /wp-admin/admin-ajax.php HTTP/2" 200 51 "https://1mieng.website/library/?pagelayer-iframe=1&&pagelayer-live=1" "Mozilla/5.0 (Windows NT 10.0; Win64; x64) AppleWebKit/537.36 (KHTML, like Gecko) Chrome/108.0.0.0 Safari/537.36"
103.200.23.139 - - [16/Dec/2022:18:08:21 +0700] "POST /wp-cron.php?doing_wp_cron=1671188901.1997570991516113281250 HTTP/1.1" 200 0 "https://1mieng.website/wp-cron.php?doing_wp_cron=1671188901.1997570991516113281250" "WordPress/6.1.1; https://1mieng.website"
14.241.254.209 - - [16/Dec/2022:18:08:20 +0700] "POST /wp-admin/admin-ajax.php?&&action=pagelayer_save_content&postID=19 HTTP/2" 200 66 "https://1mieng.website/library/?pagelayer-iframe=1&&pagelayer-live=1" "Mozilla/5.0 (Windows NT 10.0; Win64; x64) AppleWebKit/537.36 (KHTML, like Gecko) Chrome/108.0.0.0 Safari/537.36"
14.241.254.209 - - [16/Dec/2022:18:08:21 +0700] "POST /wp-admin/admin-ajax.php?&&action=pagelayer_get_revision&postID=19 HTTP/2" 200 377 "https://1mieng.website/library/?pagelayer-iframe=1&&pagelayer-live=1" "Mozilla/5.0 (Windows NT 10.0; Win64; x64) AppleWebKit/537.36 (KHTML, like Gecko) Chrome/108.0.0.0 Safari/537.36"
14.161.23.204 - - [16/Dec/2022:18:08:35 +0700] "POST /wp-admin/admin-ajax.php HTTP/2" 200 50 "https://1mieng.website/wp-admin/plugins.php?plugin_status=active" "Mozilla/5.0 (Windows NT 10.0; Win64; x64) AppleWebKit/537.36 (KHTML, like Gecko) Chrome/108.0.0.0 Safari/537.36"
103.200.23.139 - - [16/Dec/2022:18:08:43 +0700] "POST /wp-cron.php?doing_wp_cron=1671188923.4183230400085449218750 HTTP/1.1" 200 0 "https://1mieng.website/wp-cron.php?doing_wp_cron=1671188923.4183230400085449218750" "WordPress/6.1.1; https://1mieng.website"
115.73.223.217 - - [16/Dec/2022:18:08:42 +0700] "POST /wp-admin/admin-ajax.php HTTP/2" 200 51 "https://1mieng.website/library/?pagelayer-iframe=1&&pagelayer-live=1" "Mozilla/5.0 (Windows NT 10.0; Win64; x64) AppleWebKit/537.36 (KHTML, like Gecko) Chrome/108.0.0.0 Safari/537.36"
103.200.23.139 - - [16/Dec/2022:18:08:55 +0700] "POST /wp-cron.php?doing_wp_cron=1671188935.2508099079132080078125 HTTP/1.1" 200 0 "https://1mieng.website/wp-cron.php?doing_wp_cron=1671188935.2508099079132080078125" "WordPress/6.1.1; https://1mieng.website"
14.241.254.209 - - [16/Dec/2022:18:08:54 +0700] "GET /wp-admin/plugin-install.php?tab=plugin-information&plugin=backuply& HTTP/2" 200 13633 "https://1mieng.website/wp-admin/plugins.php?plugin_status=active" "Mozilla/5.0 (Windows NT 10.0; Win64; x64) AppleWebKit/537.36 (KHTML, like Gecko) Chrome/108.0.0.0 Safari/537.36"
115.73.217.121 - - [16/Dec/2022:18:09:19 +0700] "GET /wp-admin/plugin-editor.php HTTP/2" 200 29058 "https://1mieng.website/wp-admin/plugins.php?plugin_status=active" "Mozilla/5.0 (Windows NT 10.0; Win64; x64) AppleWebKit/537.36 (KHTML, like Gecko) Chrome/108.0.0.0 Safari/537.36"
103.200.23.139 - - [16/Dec/2022:18:09:44 +0700] "POST /wp-cron.php?doing_wp_cron=1671188984.5085029602050781250000 HTTP/1.1" 200 0 "https://1mieng.website/wp-cron.php?doing_wp_cron=1671188984.5085029602050781250000" "WordPress/6.1.1; https://1mieng.website"
14.161.23.204 - - [16/Dec/2022:18:09:43 +0700] "POST /wp-admin/admin-ajax.php HTTP/2" 200 51 "https://1mieng.website/library/?pagelayer-iframe=1&&pagelayer-live=1" "Mozilla/5.0 (Windows NT 10.0; Win64; x64) AppleWebKit/537.36 (KHTML, like Gecko) Chrome/108.0.0.0 Safari/537.36"
115.73.223.217 - - [16/Dec/2022:18:09:50 +0700] "GET /wp-admin/plugin-editor.php?file=advanced-page-visit-counter%2FREADME.txt&plugin=advanced-page-visit-counter%2Fadvanced-page-visit-counter.php HTTP/2" 200 0 "https://1mieng.website/wp-admin/plugin-editor.php" "Mozilla/5.0 (Windows NT 10.0; Win64; x64) AppleWebKit/537.36 (KHTML, like Gecko) Chrome/108.0.0.0 Safari/537.36"
103.200.23.139 - - [16/Dec/2022:18:09:51 +0700] "POST /wp-cron.php?doing_wp_cron=1671188991.0849249362945556640625 HTTP/1.1" 200 0 "https://1mieng.website/wp-cron.php?doing_wp_cron=1671188991.0849249362945556640625" "WordPress/6.1.1; https://1mieng.website"
115.73.223.217 - - [16/Dec/2022:18:09:50 +0700] "GET /wp-admin/plugin-editor.php?file=advanced-page-visit-counter%2FREADME.txt&plugin=advanced-page-visit-counter%2Fadvanced-page-visit-counter.php HTTP/2" 200 30238 "https://1mieng.website/wp-admin/plugin-editor.php" "Mozilla/5.0 (Windows NT 10.0; Win64; x64) AppleWebKit/537.36 (KHTML, like Gecko) Chrome/108.0.0.0 Safari/537.36"
115.73.217.121 - - [16/Dec/2022:18:10:09 +0700] "GET /wp-admin/plugin-install.php HTTP/2" 200 24062 "https://1mieng.website/wp-admin/plugin-editor.php?file=advanced-page-visit-counter%2FREADME.txt&plugin=advanced-page-visit-counter%2Fadvanced-page-visit-counter.php" "Mozilla/5.0 (Windows NT 10.0; Win64; x64) AppleWebKit/537.36 (KHTML, like Gecko) Chrome/108.0.0.0 Safari/537.36"
115.73.217.121 - - [16/Dec/2022:18:10:17 +0700] "GET /wp-admin/plugin-install.php?tab=plugin-information&plugin=classic-editor& HTTP/2" 200 13651 "https://1mieng.website/wp-admin/plugin-install.php" "Mozilla/5.0 (Windows NT 10.0; Win64; x64) AppleWebKit/537.36 (KHTML, like Gecko) Chrome/108.0.0.0 Safari/537.36"
115.73.223.217 - - [16/Dec/2022:18:10:27 +0700] "GET /wp-admin/upload.php HTTP/2" 200 30407 "https://1mieng.website/wp-admin/plugin-install.php" "Mozilla/5.0 (Windows NT 10.0; Win64; x64) AppleWebKit/537.36 (KHTML, like Gecko) Chrome/108.0.0.0 Safari/537.36"
115.73.223.217 - - [16/Dec/2022:18:10:29 +0700] "POST /wp-admin/admin-ajax.php HTTP/2" 200 4157 "https://1mieng.website/wp-admin/upload.php" "Mozilla/5.0 (Windows NT 10.0; Win64; x64) AppleWebKit/537.36 (KHTML, like Gecko) Chrome/108.0.0.0 Safari/537.36"
115.73.223.217 - - [16/Dec/2022:18:10:29 +0700] "GET /wp-includes/images/media/archive.png HTTP/2" 200 417 "https://1mieng.website/wp-admin/upload.php" "Mozilla/5.0 (Windows NT 10.0; Win64; x64) AppleWebKit/537.36 (KHTML, like Gecko) Chrome/108.0.0.0 Safari/537.36"
103.200.23.139 - - [16/Dec/2022:18:10:58 +0700] "POST /wp-cron.php?doing_wp_cron=1671189058.0871820449829101562500 HTTP/1.1" 200 0 "https://1mieng.website/wp-cron.php?doing_wp_cron=1671189058.0871820449829101562500" "WordPress/6.1.1; https://1mieng.website"
115.73.213.165 - - [16/Dec/2022:18:10:57 +0700] "POST /wp-admin/admin-ajax.php HTTP/2" 200 51 "https://1mieng.website/library/?pagelayer-iframe=1&&pagelayer-live=1" "Mozilla/5.0 (Windows NT 10.0; Win64; x64) AppleWebKit/537.36 (KHTML, like Gecko) Chrome/108.0.0.0 Safari/537.36"
27.74.254.72 - - [16/Dec/2022:18:11:06 +0700] "POST /wp-admin/admin-ajax.php?&&action=pagelayer_save_content&postID=19 HTTP/2" 200 66 "https://1mieng.website/library/?pagelayer-iframe=1&&pagelayer-live=1" "Mozilla/5.0 (Windows NT 10.0; Win64; x64) AppleWebKit/537.36 (KHTML, like Gecko) Chrome/108.0.0.0 Safari/537.36"
27.74.254.72 - - [16/Dec/2022:18:11:07 +0700] "POST /wp-admin/admin-ajax.php?&&action=pagelayer_get_revision&postID=19 HTTP/2" 200 375 "https://1mieng.website/library/?pagelayer-iframe=1&&pagelayer-live=1" "Mozilla/5.0 (Windows NT 10.0; Win64; x64) AppleWebKit/537.36 (KHTML, like Gecko) Chrome/108.0.0.0 Safari/537.36"
203.128.243.30 - - [16/Dec/2022:18:11:15 +0700] "GET /wp-admin/edit.php?post_type=page HTTP/2" 200 22480 "https://1mieng.website/library/?pagelayer-iframe=1&&pagelayer-live=1" "Mozilla/5.0 (Windows NT 10.0; Win64; x64) AppleWebKit/537.36 (KHTML, like Gecko) Chrome/108.0.0.0 Safari/537.36"
203.128.243.30 - - [16/Dec/2022:18:11:17 +0700] "POST /wp-admin/admin-ajax.php HTTP/2" 200 51 "https://1mieng.website/wp-admin/edit.php?post_type=page" "Mozilla/5.0 (Windows NT 10.0; Win64; x64) AppleWebKit/537.36 (KHTML, like Gecko) Chrome/108.0.0.0 Safari/537.36"
115.79.4.48 - - [16/Dec/2022:18:11:22 +0700] "GET /wp-content/plugins/pagelayer/css/givecss.php?give=pagelayer-frontend.css%2Cnivo-lightbox.css%2Canimate.min.css%2Cowl.carousel.min.css%2Cowl.theme.default.min.css%2Cfont-awesome5.min.css&premium&ver=1.7.2 HTTP/2" 304 0 "https://1mieng.website/" "Mozilla/5.0 (Windows NT 10.0; Win64; x64) AppleWebKit/537.36 (KHTML, like Gecko) Chrome/108.0.0.0 Safari/537.36"
115.79.4.48 - - [16/Dec/2022:18:11:22 +0700] "GET /wp-content/plugins/pagelayer/js/givejs.php?give=pagelayer-frontend.js%2Cnivo-lightbox.min.js%2Cwow.min.js%2Cjquery-numerator.js%2CsimpleParallax.min.js%2Cowl.carousel.min.js&premium&ver=1.7.2 HTTP/2" 304 0 "https://1mieng.website/" "Mozilla/5.0 (Windows NT 10.0; Win64; x64) AppleWebKit/537.36 (KHTML, like Gecko) Chrome/108.0.0.0 Safari/537.36"
115.79.4.48 - - [16/Dec/2022:18:11:21 +0700] "GET / HTTP/2" 200 22783 "https://1mieng.website/wp-admin/edit.php?post_type=page" "Mozilla/5.0 (Windows NT 10.0; Win64; x64) AppleWebKit/537.36 (KHTML, like Gecko) Chrome/108.0.0.0 Safari/537.36"
115.79.4.48 - - [16/Dec/2022:18:11:26 +0700] "GET /wp-content/plugins/pagelayer/css/givecss.php?give=pagelayer-frontend.css%2Cnivo-lightbox.css%2Canimate.min.css%2Cowl.carousel.min.css%2Cowl.theme.default.min.css%2Cfont-awesome5.min.css&premium&ver=1.7.2 HTTP/2" 304 0 "https://1mieng.website/library/" "Mozilla/5.0 (Windows NT 10.0; Win64; x64) AppleWebKit/537.36 (KHTML, like Gecko) Chrome/108.0.0.0 Safari/537.36"
115.79.4.48 - - [16/Dec/2022:18:11:25 +0700] "GET /library/ HTTP/2" 200 19768 "https://1mieng.website/" "Mozilla/5.0 (Windows NT 10.0; Win64; x64) AppleWebKit/537.36 (KHTML, like Gecko) Chrome/108.0.0.0 Safari/537.36"
115.79.4.48 - - [16/Dec/2022:18:11:26 +0700] "GET /wp-content/uploads/2022/12/KNMCLC05-NHOM-8-1.mp4?&autoplay=0&mute=0&loop=0 HTTP/2" 206 1 "https://1mieng.website/library/" "Mozilla/5.0 (Windows NT 10.0; Win64; x64) AppleWebKit/537.36 (KHTML, like Gecko) Chrome/108.0.0.0 Safari/537.36"
115.79.4.48 - - [16/Dec/2022:18:11:26 +0700] "GET /library/://ps.w.org/meks-time-ago/assets/icon-128x128.png?rev=1522352%22 HTTP/2" 301 0 "https://1mieng.website/library/" "Mozilla/5.0 (Windows NT 10.0; Win64; x64) AppleWebKit/537.36 (KHTML, like Gecko) Chrome/108.0.0.0 Safari/537.36"
115.79.4.48 - - [16/Dec/2022:18:11:27 +0700] "GET /library/:/ps.w.org/meks-time-ago/assets/icon-128x128.png?rev=1522352%22 HTTP/2" 404 8485 "https://1mieng.website/library/" "Mozilla/5.0 (Windows NT 10.0; Win64; x64) AppleWebKit/537.36 (KHTML, like Gecko) Chrome/108.0.0.0 Safari/537.36"
115.79.4.48 - - [16/Dec/2022:18:11:29 +0700] "POST /wp-admin/admin-ajax.php HTTP/2" 200 51 "https://1mieng.website/wp-admin/upload.php" "Mozilla/5.0 (Windows NT 10.0; Win64; x64) AppleWebKit/537.36 (KHTML, like Gecko) Chrome/108.0.0.0 Safari/537.36"
14.241.254.131 - - [16/Dec/2022:18:11:57 +0700] "GET /wp-content/uploads/2022/12/KNMCLC05-NHOM-8-1.mp4?&autoplay=0&mute=0&loop=0 HTTP/2" 206 1 "https://1mieng.website/library/" "Mozilla/5.0 (Windows NT 10.0; Win64; x64) AppleWebKit/537.36 (KHTML, like Gecko) Chrome/108.0.0.0 Safari/537.36"
103.200.23.139 - - [16/Dec/2022:18:11:58 +0700] "POST /wp-cron.php?doing_wp_cron=1671189118.4126210212707519531250 HTTP/1.1" 200 0 "https://1mieng.website/wp-cron.php?doing_wp_cron=1671189118.4126210212707519531250" "WordPress/6.1.1; https://1mieng.website"
14.241.254.131 - - [16/Dec/2022:18:11:57 +0700] "GET /library/:/ps.w.org/meks-time-ago/assets/icon-128x128.png?rev=1522352%22 HTTP/2" 404 16206 "https://1mieng.website/library/" "Mozilla/5.0 (Windows NT 10.0; Win64; x64) AppleWebKit/537.36 (KHTML, like Gecko) Chrome/108.0.0.0 Safari/537.36"
14.241.254.209 - - [16/Dec/2022:18:12:03 +0700] "GET /wp-admin/post.php?post=19&action=edit HTTP/2" 200 48064 "https://1mieng.website/library/" "Mozilla/5.0 (Windows NT 10.0; Win64; x64) AppleWebKit/537.36 (KHTML, like Gecko) Chrome/108.0.0.0 Safari/537.36"
14.241.254.209 - - [16/Dec/2022:18:12:06 +0700] "POST /wp-admin/admin-ajax.php HTTP/2" 200 132 "https://1mieng.website/wp-admin/post.php?post=19&action=edit" "Mozilla/5.0 (Windows NT 10.0; Win64; x64) AppleWebKit/537.36 (KHTML, like Gecko) Chrome/108.0.0.0 Safari/537.36"
14.161.23.125 - - [16/Dec/2022:18:12:10 +0700] "GET /library/?&pagelayer-live=1 HTTP/2" 200 2310 "https://1mieng.website/wp-admin/post.php?post=19&action=edit" "Mozilla/5.0 (Windows NT 10.0; Win64; x64) AppleWebKit/537.36 (KHTML, like Gecko) Chrome/108.0.0.0 Safari/537.36"
14.161.23.125 - - [16/Dec/2022:18:12:11 +0700] "GET /wp-content/plugins/pagelayer/css/givecss.php?give=pagelayer-editor.css,trumbowyg.min.css,pagelayer-icons.css,font-awesome5.min.css&ver=1.7.2 HTTP/2" 304 0 "https://1mieng.website/library/?&pagelayer-live=1" "Mozilla/5.0 (Windows NT 10.0; Win64; x64) AppleWebKit/537.36 (KHTML, like Gecko) Chrome/108.0.0.0 Safari/537.36"
14.161.23.125 - - [16/Dec/2022:18:12:11 +0700] "POST /wp-admin/admin-ajax.php HTTP/2" 200 5 "https://1mieng.website/wp-admin/post.php?post=19&action=edit" "Mozilla/5.0 (Windows NT 10.0; Win64; x64) AppleWebKit/537.36 (KHTML, like Gecko) Chrome/108.0.0.0 Safari/537.36"
14.161.23.125 - - [16/Dec/2022:18:12:11 +0700] "GET /library/?&pagelayer-iframe=1&&pagelayer-live=1 HTTP/2" 301 0 "https://1mieng.website/library/?&pagelayer-live=1" "Mozilla/5.0 (Windows NT 10.0; Win64; x64) AppleWebKit/537.36 (KHTML, like Gecko) Chrome/108.0.0.0 Safari/537.36"
14.161.23.125 - - [16/Dec/2022:18:12:13 +0700] "GET /wp-content/plugins/pagelayer/css/givecss.php?give=pagelayer-frontend.css%2Cnivo-lightbox.css%2Canimate.min.css%2Cowl.carousel.min.css%2Cowl.theme.default.min.css%2Cfont-awesome5.min.css&premium&ver=1.7.2 HTTP/2" 304 0 "https://1mieng.website/library/?pagelayer-iframe=1&&pagelayer-live=1" "Mozilla/5.0 (Windows NT 10.0; Win64; x64) AppleWebKit/537.36 (KHTML, like Gecko) Chrome/108.0.0.0 Safari/537.36"
14.161.23.125 - - [16/Dec/2022:18:12:13 +0700] "GET /wp-content/plugins/pagelayer/css/givecss.php?give=pagelayer-editor-frontend.css%2Cpagelayer-pen.css%2C&ver=1.7.2 HTTP/2" 304 0 "https://1mieng.website/library/?pagelayer-iframe=1&&pagelayer-live=1" "Mozilla/5.0 (Windows NT 10.0; Win64; x64) AppleWebKit/537.36 (KHTML, like Gecko) Chrome/108.0.0.0 Safari/537.36"
14.161.23.125 - - [16/Dec/2022:18:12:13 +0700] "GET /wp-content/plugins/pagelayer/js/givejs.php?give=pagelayer-frontend.js%2Cnivo-lightbox.min.js%2Cwow.min.js%2Cjquery-numerator.js%2CsimpleParallax.min.js%2Cowl.carousel.min.js&premium&ver=1.7.2 HTTP/2" 304 0 "https://1mieng.website/library/?pagelayer-iframe=1&&pagelayer-live=1" "Mozilla/5.0 (Windows NT 10.0; Win64; x64) AppleWebKit/537.36 (KHTML, like Gecko) Chrome/108.0.0.0 Safari/537.36"
14.161.23.125 - - [16/Dec/2022:18:12:12 +0700] "GET /library/?pagelayer-iframe=1&&pagelayer-live=1 HTTP/2" 200 39123 "https://1mieng.website/library/?&pagelayer-live=1" "Mozilla/5.0 (Windows NT 10.0; Win64; x64) AppleWebKit/537.36 (KHTML, like Gecko) Chrome/108.0.0.0 Safari/537.36"
14.161.23.125 - - [16/Dec/2022:18:12:13 +0700] "GET /wp-admin/admin-ajax.php?action=pagelayer_givejs&give=pagelayer-editor.js%2Cwidgets.js%2Cproperties.js%2Cbase-64.min.js%2Cslimscroll.js%2Cvanilla-picker.min.js%2Ctrumbowyg.js%2Ctrumbowyg.fontfamily.js%2Ctrumbowyg-pagelayer.js%2Ctlite.min.js%2Cpagelayer-pen.js%2C&pagelayer_nonce=1&scmd5=11e1c51e6a48fed003cb8071a638d880&ver=1.7.2 HTTP/2" 304 0 "https://1mieng.website/library/?pagelayer-iframe=1&&pagelayer-live=1" "Mozilla/5.0 (Windows NT 10.0; Win64; x64) AppleWebKit/537.36 (KHTML, like Gecko) Chrome/108.0.0.0 Safari/537.36"
14.161.23.125 - - [16/Dec/2022:18:12:13 +0700] "GET /library/://ps.w.org/meks-time-ago/assets/icon-128x128.png?rev=1522352%22 HTTP/2" 301 0 "https://1mieng.website/library/?pagelayer-iframe=1&&pagelayer-live=1" "Mozilla/5.0 (Windows NT 10.0; Win64; x64) AppleWebKit/537.36 (KHTML, like Gecko) Chrome/108.0.0.0 Safari/537.36"
14.161.23.125 - - [16/Dec/2022:18:12:15 +0700] "GET /wp-content/uploads/2022/12/KNMCLC05-NHOM-8-1.mp4?&autoplay=0&mute=0&loop=0 HTTP/2" 206 1 "https://1mieng.website/library/?pagelayer-iframe=1&&pagelayer-live=1" "Mozilla/5.0 (Windows NT 10.0; Win64; x64) AppleWebKit/537.36 (KHTML, like Gecko) Chrome/108.0.0.0 Safari/537.36"
14.161.23.125 - - [16/Dec/2022:18:12:14 +0700] "GET /library/:/ps.w.org/meks-time-ago/assets/icon-128x128.png?rev=1522352%22 HTTP/2" 404 16184 "https://1mieng.website/library/?pagelayer-iframe=1&&pagelayer-live=1" "Mozilla/5.0 (Windows NT 10.0; Win64; x64) AppleWebKit/537.36 (KHTML, like Gecko) Chrome/108.0.0.0 Safari/537.36"
14.161.23.125 - - [16/Dec/2022:18:12:15 +0700] "POST /wp-admin/admin-ajax.php HTTP/2" 200 21 "https://1mieng.website/library/?pagelayer-iframe=1&&pagelayer-live=1" "Mozilla/5.0 (Windows NT 10.0; Win64; x64) AppleWebKit/537.36 (KHTML, like Gecko) Chrome/108.0.0.0 Safari/537.36"
14.161.23.125 - - [16/Dec/2022:18:12:16 +0700] "POST /?wc-ajax=get_refreshed_fragments HTTP/2" 200 276 "https://1mieng.website/library/?pagelayer-iframe=1&&pagelayer-live=1" "Mozilla/5.0 (Windows NT 10.0; Win64; x64) AppleWebKit/537.36 (KHTML, like Gecko) Chrome/108.0.0.0 Safari/537.36"
103.200.23.139 - - [16/Dec/2022:18:13:16 +0700] "POST /wp-cron.php?doing_wp_cron=1671189196.8494980335235595703125 HTTP/1.1" 200 0 "https://1mieng.website/wp-cron.php?doing_wp_cron=1671189196.8494980335235595703125" "WordPress/6.1.1; https://1mieng.website"
14.161.23.125 - - [16/Dec/2022:18:13:16 +0700] "POST /wp-admin/admin-ajax.php HTTP/2" 200 50 "https://1mieng.website/library/?pagelayer-iframe=1&&pagelayer-live=1" "Mozilla/5.0 (Windows NT 10.0; Win64; x64) AppleWebKit/537.36 (KHTML, like Gecko) Chrome/108.0.0.0 Safari/537.36"
115.73.213.165 - - [16/Dec/2022:18:13:29 +0700] "POST /wp-admin/admin-ajax.php?&&action=pagelayer_save_content&postID=19 HTTP/2" 200 66 "https://1mieng.website/library/?pagelayer-iframe=1&&pagelayer-live=1" "Mozilla/5.0 (Windows NT 10.0; Win64; x64) AppleWebKit/537.36 (KHTML, like Gecko) Chrome/108.0.0.0 Safari/537.36"
115.73.213.165 - - [16/Dec/2022:18:13:30 +0700] "POST /wp-admin/admin-ajax.php HTTP/2" 200 51 "https://1mieng.website/wp-admin/upload.php" "Mozilla/5.0 (Windows NT 10.0; Win64; x64) AppleWebKit/537.36 (KHTML, like Gecko) Chrome/108.0.0.0 Safari/537.36"
115.73.213.165 - - [16/Dec/2022:18:13:31 +0700] "POST /wp-admin/admin-ajax.php?&&action=pagelayer_get_revision&postID=19 HTTP/2" 200 391 "https://1mieng.website/library/?pagelayer-iframe=1&&pagelayer-live=1" "Mozilla/5.0 (Windows NT 10.0; Win64; x64) AppleWebKit/537.36 (KHTML, like Gecko) Chrome/108.0.0.0 Safari/537.36"
103.200.23.139 - - [16/Dec/2022:18:14:16 +0700] "POST /wp-cron.php?doing_wp_cron=1671189256.8639619350433349609375 HTTP/1.1" 200 0 "https://1mieng.website/wp-cron.php?doing_wp_cron=1671189256.8639619350433349609375" "WordPress/6.1.1; https://1mieng.website"
14.241.254.70 - - [16/Dec/2022:18:14:16 +0700] "POST /wp-admin/admin-ajax.php HTTP/2" 200 51 "https://1mieng.website/library/?pagelayer-iframe=1&&pagelayer-live=1" "Mozilla/5.0 (Windows NT 10.0; Win64; x64) AppleWebKit/537.36 (KHTML, like Gecko) Chrome/108.0.0.0 Safari/537.36"
103.200.23.139 - - [16/Dec/2022:18:14:43 +0700] "POST /wp-cron.php?doing_wp_cron=1671189283.6746311187744140625000 HTTP/1.1" 200 0 "https://1mieng.website/wp-cron.php?doing_wp_cron=1671189283.6746311187744140625000" "WordPress/6.1.1; https://1mieng.website"
14.161.23.204 - - [16/Dec/2022:18:14:42 +0700] "POST /wp-admin/admin-ajax.php?&&action=pagelayer_save_content&postID=19 HTTP/2" 200 66 "https://1mieng.website/library/?pagelayer-iframe=1&&pagelayer-live=1" "Mozilla/5.0 (Windows NT 10.0; Win64; x64) AppleWebKit/537.36 (KHTML, like Gecko) Chrome/108.0.0.0 Safari/537.36"
14.161.23.204 - - [16/Dec/2022:18:14:42 +0700] "POST /wp-admin/admin-ajax.php?&&action=pagelayer_save_content&postID=19 HTTP/2" 200 66 "https://1mieng.website/library/?pagelayer-iframe=1&&pagelayer-live=1" "Mozilla/5.0 (Windows NT 10.0; Win64; x64) AppleWebKit/537.36 (KHTML, like Gecko) Chrome/108.0.0.0 Safari/537.36"
14.161.23.204 - - [16/Dec/2022:18:14:44 +0700] "POST /wp-admin/admin-ajax.php?&&action=pagelayer_get_revision&postID=19 HTTP/2" 200 0 "https://1mieng.website/library/?pagelayer-iframe=1&&pagelayer-live=1" "Mozilla/5.0 (Windows NT 10.0; Win64; x64) AppleWebKit/537.36 (KHTML, like Gecko) Chrome/108.0.0.0 Safari/537.36"
14.161.23.204 - - [16/Dec/2022:18:14:45 +0700] "POST /wp-admin/admin-ajax.php?&&action=pagelayer_get_revision&postID=19 HTTP/2" 200 0 "https://1mieng.website/library/?pagelayer-iframe=1&&pagelayer-live=1" "Mozilla/5.0 (Windows NT 10.0; Win64; x64) AppleWebKit/537.36 (KHTML, like Gecko) Chrome/108.0.0.0 Safari/537.36"
14.241.254.131 - - [16/Dec/2022:18:14:52 +0700] "GET /wp-content/uploads/2022/12/KNMCLC05-NHOM-8-1.mp4?&autoplay=0&mute=0&loop=0 HTTP/2" 206 1 "https://1mieng.website/library/" "Mozilla/5.0 (Windows NT 10.0; Win64; x64) AppleWebKit/537.36 (KHTML, like Gecko) Chrome/108.0.0.0 Safari/537.36"
103.200.23.139 - - [16/Dec/2022:18:15:00 +0700] "POST /wp-cron.php?doing_wp_cron=1671189300.5603849887847900390625 HTTP/1.1" 200 0 "https://1mieng.website/wp-cron.php?doing_wp_cron=1671189300.5603849887847900390625" "WordPress/6.1.1; https://1mieng.website"
14.241.254.131 - - [16/Dec/2022:18:15:00 +0700] "GET /wp-content/plugins/pagelayer/css/givecss.php?give=pagelayer-frontend.css%2Cnivo-lightbox.css%2Canimate.min.css%2Cowl.carousel.min.css%2Cowl.theme.default.min.css%2Cfont-awesome5.min.css&premium&ver=1.7.2 HTTP/2" 304 0 "https://1mieng.website/library/" "Mozilla/5.0 (Windows NT 10.0; Win64; x64) AppleWebKit/537.36 (KHTML, like Gecko) Chrome/108.0.0.0 Safari/537.36"
14.241.254.131 - - [16/Dec/2022:18:14:59 +0700] "GET /library/ HTTP/2" 200 19785 "https://1mieng.website/" "Mozilla/5.0 (Windows NT 10.0; Win64; x64) AppleWebKit/537.36 (KHTML, like Gecko) Chrome/108.0.0.0 Safari/537.36"
14.241.254.131 - - [16/Dec/2022:18:15:01 +0700] "GET /wp-content/uploads/2022/12/KNMCLC05-NHOM-8-1.mp4?&autoplay=0&mute=0&loop=0 HTTP/2" 206 1 "https://1mieng.website/library/" "Mozilla/5.0 (Windows NT 10.0; Win64; x64) AppleWebKit/537.36 (KHTML, like Gecko) Chrome/108.0.0.0 Safari/537.36"
194.59.165.88 - - [16/Dec/2022:18:15:15 +0700] "POST /xmlrpc.php HTTP/1.1" 200 232 "-" "Mozilla/5.0 (Windows NT 10.0; Win64; x64; rv:96.0) Gecko/20100101 Firefox/96"
14.241.254.70 - - [16/Dec/2022:18:15:31 +0700] "POST /wp-admin/admin-ajax.php HTTP/2" 200 51 "https://1mieng.website/wp-admin/upload.php" "Mozilla/5.0 (Windows NT 10.0; Win64; x64) AppleWebKit/537.36 (KHTML, like Gecko) Chrome/108.0.0.0 Safari/537.36"
103.200.23.139 - - [16/Dec/2022:18:17:33 +0700] "POST /wp-cron.php?doing_wp_cron=1671189453.4874839782714843750000 HTTP/1.1" 200 0 "https://1mieng.website/wp-cron.php?doing_wp_cron=1671189453.4874839782714843750000" "WordPress/6.1.1; https://1mieng.website"
14.241.254.131 - - [16/Dec/2022:18:17:32 +0700] "POST /wp-admin/admin-ajax.php HTTP/2" 200 51 "https://1mieng.website/wp-admin/upload.php" "Mozilla/5.0 (Windows NT 10.0; Win64; x64) AppleWebKit/537.36 (KHTML, like Gecko) Chrome/108.0.0.0 Safari/537.36"
103.200.23.139 - - [16/Dec/2022:18:18:34 +0700] "POST /wp-cron.php?doing_wp_cron=1671189514.4587841033935546875000 HTTP/1.1" 200 0 "https://1mieng.website/wp-cron.php?doing_wp_cron=1671189514.4587841033935546875000" "WordPress/6.1.1; https://1mieng.website"
203.128.243.30 - - [16/Dec/2022:18:18:33 +0700] "POST /wp-admin/admin-ajax.php HTTP/2" 200 51 "https://1mieng.website/wp-admin/upload.php" "Mozilla/5.0 (Windows NT 10.0; Win64; x64) AppleWebKit/537.36 (KHTML, like Gecko) Chrome/108.0.0.0 Safari/537.36"
103.200.23.139 - - [16/Dec/2022:18:20:35 +0700] "POST /wp-cron.php?doing_wp_cron=1671189635.4408919811248779296875 HTTP/1.1" 200 0 "https://1mieng.website/wp-cron.php?doing_wp_cron=1671189635.4408919811248779296875" "WordPress/6.1.1; https://1mieng.website"
14.161.23.125 - - [16/Dec/2022:18:20:34 +0700] "POST /wp-admin/admin-ajax.php HTTP/2" 200 51 "https://1mieng.website/wp-admin/upload.php" "Mozilla/5.0 (Windows NT 10.0; Win64; x64) AppleWebKit/537.36 (KHTML, like Gecko) Chrome/108.0.0.0 Safari/537.36"
103.200.23.139 - - [16/Dec/2022:18:22:36 +0700] "POST /wp-cron.php?doing_wp_cron=1671189756.4149210453033447265625 HTTP/1.1" 200 0 "https://1mieng.website/wp-cron.php?doing_wp_cron=1671189756.4149210453033447265625" "WordPress/6.1.1; https://1mieng.website"
115.73.223.217 - - [16/Dec/2022:18:22:35 +0700] "POST /wp-admin/admin-ajax.php HTTP/2" 200 51 "https://1mieng.website/wp-admin/upload.php" "Mozilla/5.0 (Windows NT 10.0; Win64; x64) AppleWebKit/537.36 (KHTML, like Gecko) Chrome/108.0.0.0 Safari/537.36"
103.200.23.139 - - [16/Dec/2022:18:23:37 +0700] "POST /wp-cron.php?doing_wp_cron=1671189817.3763139247894287109375 HTTP/1.1" 200 0 "https://1mieng.website/wp-cron.php?doing_wp_cron=1671189817.3763139247894287109375" "WordPress/6.1.1; https://1mieng.website"
81.88.53.17 - - [16/Dec/2022:18:23:36 +0700] "POST /xmlrpc.php HTTP/1.1" 200 232 "-" "Mozilla/5.0 (Windows NT 10.0; Win64; x64; rv:96.0) Gecko/20100101 Firefox/96"
103.200.23.139 - - [16/Dec/2022:18:24:37 +0700] "POST /wp-cron.php?doing_wp_cron=1671189877.3931701183319091796875 HTTP/1.1" 200 0 "https://1mieng.website/wp-cron.php?doing_wp_cron=1671189877.3931701183319091796875" "WordPress/6.1.1; https://1mieng.website"
14.241.254.131 - - [16/Dec/2022:18:24:36 +0700] "POST /wp-admin/admin-ajax.php HTTP/2" 200 50 "https://1mieng.website/wp-admin/upload.php" "Mozilla/5.0 (Windows NT 10.0; Win64; x64) AppleWebKit/537.36 (KHTML, like Gecko) Chrome/108.0.0.0 Safari/537.36"
103.200.23.139 - - [16/Dec/2022:18:26:38 +0700] "POST /wp-cron.php?doing_wp_cron=1671189998.3866860866546630859375 HTTP/1.1" 200 0 "https://1mieng.website/wp-cron.php?doing_wp_cron=1671189998.3866860866546630859375" "WordPress/6.1.1; https://1mieng.website"
14.241.254.131 - - [16/Dec/2022:18:26:37 +0700] "POST /wp-admin/admin-ajax.php HTTP/2" 200 50 "https://1mieng.website/wp-admin/upload.php" "Mozilla/5.0 (Windows NT 10.0; Win64; x64) AppleWebKit/537.36 (KHTML, like Gecko) Chrome/108.0.0.0 Safari/537.36"
103.200.23.139 - - [16/Dec/2022:18:31:19 +0700] "POST /wp-cron.php?doing_wp_cron=1671190279.2845458984375000000000 HTTP/1.1" 200 0 "https://1mieng.website/wp-cron.php?doing_wp_cron=1671190279.2845458984375000000000" "WordPress/6.1.1; https://1mieng.website"
162.0.226.213 - - [16/Dec/2022:18:31:18 +0700] "POST /xmlrpc.php HTTP/1.1" 200 232 "-" "Mozilla/5.0 (Windows NT 10.0; Win64; x64; rv:96.0) Gecko/20100101 Firefox/96"
103.200.23.139 - - [16/Dec/2022:18:37:04 +0700] "GET /.well-known/acme-challenge/Z4AX07VM2SD71UY3-BB91L9_SPD37UP9 HTTP/1.1" 200 64 "-" "Cpanel-HTTP-Client/1.0"
103.200.23.139 - - [16/Dec/2022:18:37:04 +0700] "GET /.well-known/acme-challenge/RN0Q_J0-_S1ZDBNFSY1Z6DTO3N65YRC0 HTTP/1.1" 200 64 "-" "Cpanel-HTTP-Client/1.0"
103.200.23.139 - - [16/Dec/2022:18:39:57 +0700] "POST /wp-cron.php?doing_wp_cron=1671190797.9760310649871826171875 HTTP/1.1" 200 0 "https://1mieng.website/wp-cron.php?doing_wp_cron=1671190797.9760310649871826171875" "WordPress/6.1.1; https://1mieng.website"
119.63.201.53 - - [16/Dec/2022:18:39:57 +0700] "GET /wp-login.php HTTP/1.1" 200 8120 "-" "Mozilla/5.0 (Windows NT 10.0; Win64; x64; rv:96.0) Gecko/20100101 Firefox/96"
119.63.201.53 - - [16/Dec/2022:18:40:00 +0700] "POST /wp-login.php HTTP/1.1" 200 8266 "-" "Mozilla/5.0 (Windows NT 10.0; Win64; x64; rv:96.0) Gecko/20100101 Firefox/96"
14.241.254.209 - - [16/Dec/2022:18:47:44 +0700] "GET /wp-content/plugins/pagelayer/css/givecss.php?give=pagelayer-frontend.css%2Cnivo-lightbox.css%2Canimate.min.css%2Cowl.carousel.min.css%2Cowl.theme.default.min.css%2Cfont-awesome5.min.css&premium&ver=1.7.2 HTTP/2" 304 0 "https://1mieng.website/library/" "Mozilla/5.0 (Windows NT 10.0; Win64; x64) AppleWebKit/537.36 (KHTML, like Gecko) Chrome/108.0.0.0 Safari/537.36"
14.241.254.209 - - [16/Dec/2022:18:47:46 +0700] "GET /wp-content/plugins/pagelayer/js/givejs.php?give=pagelayer-frontend.js%2Cnivo-lightbox.min.js%2Cwow.min.js%2Cjquery-numerator.js%2CsimpleParallax.min.js%2Cowl.carousel.min.js&premium&ver=1.7.2 HTTP/2" 304 0 "https://1mieng.website/library/" "Mozilla/5.0 (Windows NT 10.0; Win64; x64) AppleWebKit/537.36 (KHTML, like Gecko) Chrome/108.0.0.0 Safari/537.36"
14.241.254.209 - - [16/Dec/2022:18:47:47 +0700] "GET /wp-content/uploads/2022/12/KNMCLC05-NHOM-8-1.mp4?&autoplay=0&mute=0&loop=0 HTTP/2" 206 1 "https://1mieng.website/library/" "Mozilla/5.0 (Windows NT 10.0; Win64; x64) AppleWebKit/537.36 (KHTML, like Gecko) Chrome/108.0.0.0 Safari/537.36"
103.200.23.139 - - [16/Dec/2022:18:54:26 +0700] "POST /wp-cron.php?doing_wp_cron=1671191666.3126161098480224609375 HTTP/1.1" 200 0 "https://1mieng.website/wp-cron.php?doing_wp_cron=1671191666.3126161098480224609375" "WordPress/6.1.1; https://1mieng.website"
162.215.10.229 - - [16/Dec/2022:18:54:25 +0700] "GET /wp-login.php HTTP/1.1" 200 8120 "-" "Mozilla/5.0 (Windows NT 10.0; Win64; x64; rv:96.0) Gecko/20100101 Firefox/96"
162.215.10.229 - - [16/Dec/2022:18:54:27 +0700] "POST /wp-login.php HTTP/1.1" 200 8258 "-" "Mozilla/5.0 (Windows NT 10.0; Win64; x64; rv:96.0) Gecko/20100101 Firefox/96"
103.200.23.139 - - [16/Dec/2022:19:24:32 +0700] "POST /wp-cron.php?doing_wp_cron=1671193472.5240321159362792968750 HTTP/1.1" 200 0 "https://1mieng.website/wp-cron.php?doing_wp_cron=1671193472.5240321159362792968750" "WordPress/6.1.1; https://1mieng.website"
157.245.140.35 - - [16/Dec/2022:19:24:31 +0700] "POST /xmlrpc.php HTTP/1.1" 200 232 "-" "Mozilla/5.0 (Windows NT 10.0; Win64; x64; rv:96.0) Gecko/20100101 Firefox/96"
103.200.23.139 - - [16/Dec/2022:19:32:51 +0700] "POST /wp-cron.php?doing_wp_cron=1671193971.1807069778442382812500 HTTP/1.1" 200 0 "https://1mieng.website/wp-cron.php?doing_wp_cron=1671193971.1807069778442382812500" "WordPress/6.1.1; https://1mieng.website"
164.92.66.133 - - [16/Dec/2022:19:32:50 +0700] "POST /xmlrpc.php HTTP/1.1" 200 232 "-" "Mozilla/5.0 (Windows NT 10.0; Win64; x64; rv:96.0) Gecko/20100101 Firefox/96"
103.200.23.139 - - [16/Dec/2022:19:57:49 +0700] "POST /wp-cron.php?doing_wp_cron=1671195469.2292509078979492187500 HTTP/1.1" 200 0 "https://1mieng.website/wp-cron.php?doing_wp_cron=1671195469.2292509078979492187500" "WordPress/6.1.1; https://1mieng.website"
8.129.20.30 - - [16/Dec/2022:19:57:48 +0700] "POST /xmlrpc.php HTTP/1.1" 200 232 "-" "Mozilla/5.0 (Windows NT 10.0; Win64; x64; rv:96.0) Gecko/20100101 Firefox/96"
103.200.23.139 - - [16/Dec/2022:20:06:36 +0700] "POST /wp-cron.php?doing_wp_cron=1671195996.6605079174041748046875 HTTP/1.1" 200 0 "https://1mieng.website/wp-cron.php?doing_wp_cron=1671195996.6605079174041748046875" "WordPress/6.1.1; https://1mieng.website"
108.179.251.69 - - [16/Dec/2022:20:06:36 +0700] "POST /xmlrpc.php HTTP/1.1" 200 232 "-" "Mozilla/5.0 (Windows NT 10.0; Win64; x64; rv:96.0) Gecko/20100101 Firefox/96"
103.200.23.139 - - [16/Dec/2022:20:15:10 +0700] "POST /wp-cron.php?doing_wp_cron=1671196510.8160979747772216796875 HTTP/1.1" 200 0 "https://1mieng.website/wp-cron.php?doing_wp_cron=1671196510.8160979747772216796875" "WordPress/6.1.1; https://1mieng.website"
35.225.94.95 - - [16/Dec/2022:20:15:10 +0700] "POST /xmlrpc.php HTTP/1.1" 200 232 "-" "Mozilla/5.0 (Windows NT 10.0; Win64; x64; rv:96.0) Gecko/20100101 Firefox/96"
