103.200.23.139 - - [16/Dec/2022:11:00:42 +0700] "POST /wp-cron.php?doing_wp_cron=1671163242.1263101100921630859375 HTTP/1.1" 200 0 "https://1mieng.website/wp-cron.php?doing_wp_cron=1671163242.1263101100921630859375" "WordPress/6.1.1; https://1mieng.website"
40.77.167.105 - - [16/Dec/2022:11:00:41 +0700] "GET /robots.txt HTTP/2" 200 111 "-" "Mozilla/5.0 AppleWebKit/537.36 (KHTML, like Gecko; compatible; bingbot/2.0; +http://www.bing.com/bingbot.htm) Chrome/103.0.5060.134 Safari/537.36"
103.200.23.139 - - [16/Dec/2022:11:12:49 +0700] "POST /wp-cron.php?doing_wp_cron=1671163969.8456149101257324218750 HTTP/1.1" 200 0 "https://1mieng.website/wp-cron.php?doing_wp_cron=1671163969.8456149101257324218750" "WordPress/6.1.1; https://1mieng.website"
207.46.13.43 - - [16/Dec/2022:11:12:49 +0700] "GET / HTTP/2" 200 24467 "-" "Mozilla/5.0 AppleWebKit/537.36 (KHTML, like Gecko; compatible; bingbot/2.0; +http://www.bing.com/bingbot.htm) Chrome/103.0.5060.134 Safari/537.36"
109.234.164.218 - - [16/Dec/2022:11:13:13 +0700] "POST /xmlrpc.php HTTP/1.1" 200 232 "-" "Mozilla/5.0 (Windows NT 10.0; Win64; x64; rv:96.0) Gecko/20100101 Firefox/96"
103.200.23.139 - - [16/Dec/2022:11:35:00 +0700] "POST /wp-cron.php?doing_wp_cron=1671165300.6263809204101562500000 HTTP/1.1" 200 0 "https://1mieng.website/wp-cron.php?doing_wp_cron=1671165300.6263809204101562500000" "WordPress/6.1.1; https://1mieng.website"
213.149.103.132 - - [16/Dec/2022:11:35:00 +0700] "POST /xmlrpc.php HTTP/1.1" 200 232 "-" "Mozilla/5.0 (Windows NT 10.0; Win64; x64; rv:96.0) Gecko/20100101 Firefox/96"
103.200.23.139 - - [16/Dec/2022:11:56:48 +0700] "POST /wp-cron.php?doing_wp_cron=1671166608.2675130367279052734375 HTTP/1.1" 200 0 "https://1mieng.website/wp-cron.php?doing_wp_cron=1671166608.2675130367279052734375" "WordPress/6.1.1; https://1mieng.website"
42.200.109.156 - - [16/Dec/2022:11:56:47 +0700] "POST /xmlrpc.php HTTP/1.1" 200 232 "-" "Mozilla/5.0 (Windows NT 10.0; Win64; x64; rv:96.0) Gecko/20100101 Firefox/96"
103.200.23.139 - - [16/Dec/2022:12:16:00 +0700] "POST /wp-cron.php?doing_wp_cron=1671167760.3121631145477294921875 HTTP/1.1" 200 0 "https://1mieng.website/wp-cron.php?doing_wp_cron=1671167760.3121631145477294921875" "WordPress/6.1.1; https://1mieng.website"
64.227.5.178 - - [16/Dec/2022:12:15:59 +0700] "POST /xmlrpc.php HTTP/1.1" 200 232 "-" "Mozilla/5.0 (Windows NT 10.0; Win64; x64; rv:96.0) Gecko/20100101 Firefox/96"
103.200.23.139 - - [16/Dec/2022:12:26:52 +0700] "POST /wp-cron.php?doing_wp_cron=1671168412.6083109378814697265625 HTTP/1.1" 200 0 "https://1mieng.website/wp-cron.php?doing_wp_cron=1671168412.6083109378814697265625" "WordPress/6.1.1; https://1mieng.website"
192.185.4.146 - - [16/Dec/2022:12:26:51 +0700] "POST /xmlrpc.php HTTP/1.1" 200 232 "-" "Mozilla/5.0 (Windows NT 10.0; Win64; x64; rv:96.0) Gecko/20100101 Firefox/96"
103.200.23.139 - - [16/Dec/2022:12:34:19 +0700] "POST /wp-cron.php?doing_wp_cron=1671168859.4957759380340576171875 HTTP/1.1" 200 0 "https://1mieng.website/wp-cron.php?doing_wp_cron=1671168859.4957759380340576171875" "WordPress/6.1.1; https://1mieng.website"
89.46.91.93 - - [16/Dec/2022:12:34:18 +0700] "POST /xmlrpc.php HTTP/1.1" 200 232 "-" "Mozilla/5.0 (Windows NT 10.0; Win64; x64; rv:96.0) Gecko/20100101 Firefox/96"
103.200.23.139 - - [16/Dec/2022:12:38:06 +0700] "GET /.well-known/acme-challenge/TVAZWBR37753BV-00P_SQ0GRJ8KCDJQD HTTP/1.1" 200 64 "-" "Cpanel-HTTP-Client/1.0"
103.200.23.139 - - [16/Dec/2022:12:38:07 +0700] "GET /.well-known/acme-challenge/65PMNK4JYEQO6TKHRF_6MWE-GT1QCI2W HTTP/1.1" 200 64 "-" "Cpanel-HTTP-Client/1.0"
103.200.23.139 - - [16/Dec/2022:12:41:01 +0700] "POST /wp-cron.php?doing_wp_cron=1671169261.3802950382232666015625 HTTP/1.1" 200 0 "https://1mieng.website/wp-cron.php?doing_wp_cron=1671169261.3802950382232666015625" "WordPress/6.1.1; https://1mieng.website"
82.165.184.76 - - [16/Dec/2022:12:41:00 +0700] "POST /xmlrpc.php HTTP/1.1" 200 232 "-" "Mozilla/5.0 (Windows NT 10.0; Win64; x64; rv:96.0) Gecko/20100101 Firefox/96"
103.200.23.139 - - [16/Dec/2022:12:47:21 +0700] "POST /wp-cron.php?doing_wp_cron=1671169641.0807580947875976562500 HTTP/1.1" 200 0 "https://1mieng.website/wp-cron.php?doing_wp_cron=1671169641.0807580947875976562500" "WordPress/6.1.1; https://1mieng.website"
159.89.2.220 - - [16/Dec/2022:12:47:20 +0700] "POST /xmlrpc.php HTTP/1.1" 200 232 "-" "Mozilla/5.0 (Windows NT 10.0; Win64; x64; rv:96.0) Gecko/20100101 Firefox/96"
103.200.23.139 - - [16/Dec/2022:12:53:50 +0700] "POST /wp-cron.php?doing_wp_cron=1671170030.2602810859680175781250 HTTP/1.1" 200 0 "https://1mieng.website/wp-cron.php?doing_wp_cron=1671170030.2602810859680175781250" "WordPress/6.1.1; https://1mieng.website"
192.185.82.104 - - [16/Dec/2022:12:53:49 +0700] "POST /xmlrpc.php HTTP/1.1" 200 232 "-" "Mozilla/5.0 (Windows NT 10.0; Win64; x64; rv:96.0) Gecko/20100101 Firefox/96"
103.200.23.139 - - [16/Dec/2022:12:59:58 +0700] "POST /wp-cron.php?doing_wp_cron=1671170398.9131050109863281250000 HTTP/1.1" 200 0 "https://1mieng.website/wp-cron.php?doing_wp_cron=1671170398.9131050109863281250000" "WordPress/6.1.1; https://1mieng.website"
162.241.2.123 - - [16/Dec/2022:12:59:58 +0700] "POST /xmlrpc.php HTTP/1.1" 200 232 "-" "Mozilla/5.0 (Windows NT 10.0; Win64; x64; rv:96.0) Gecko/20100101 Firefox/96"
115.73.217.121 - - [16/Dec/2022:13:00:29 +0700] "GET /favicon.ico HTTP/2" 404 1238 "https://1mieng.website/wp-admin/plugin-install.php" "Mozilla/5.0 (Windows NT 10.0; Win64; x64) AppleWebKit/537.36 (KHTML, like Gecko) Chrome/108.0.0.0 Safari/537.36 Edg/108.0.1462.46"
103.200.23.139 - - [16/Dec/2022:13:01:29 +0700] "POST /wp-cron.php?doing_wp_cron=1671170489.4310479164123535156250 HTTP/1.1" 200 0 "https://1mieng.website/wp-cron.php?doing_wp_cron=1671170489.4310479164123535156250" "WordPress/6.1.1; https://1mieng.website"
14.241.254.131 - - [16/Dec/2022:13:01:28 +0700] "POST /wp-admin/admin-ajax.php HTTP/2" 200 68 "https://1mieng.website/wp-admin/plugin-install.php" "Mozilla/5.0 (Windows NT 10.0; Win64; x64) AppleWebKit/537.36 (KHTML, like Gecko) Chrome/108.0.0.0 Safari/537.36 Edg/108.0.1462.46"
103.200.23.139 - - [16/Dec/2022:13:02:29 +0700] "POST /wp-cron.php?doing_wp_cron=1671170549.3070740699768066406250 HTTP/1.1" 200 0 "https://1mieng.website/wp-cron.php?doing_wp_cron=1671170549.3070740699768066406250" "WordPress/6.1.1; https://1mieng.website"
14.241.254.131 - - [16/Dec/2022:13:02:28 +0700] "POST /wp-admin/admin-ajax.php HTTP/2" 200 51 "https://1mieng.website/wp-admin/plugin-install.php" "Mozilla/5.0 (Windows NT 10.0; Win64; x64) AppleWebKit/537.36 (KHTML, like Gecko) Chrome/108.0.0.0 Safari/537.36 Edg/108.0.1462.46"
103.200.23.139 - - [16/Dec/2022:13:04:30 +0700] "POST /wp-cron.php?doing_wp_cron=1671170670.4046330451965332031250 HTTP/1.1" 200 0 "https://1mieng.website/wp-cron.php?doing_wp_cron=1671170670.4046330451965332031250" "WordPress/6.1.1; https://1mieng.website"
115.73.217.121 - - [16/Dec/2022:13:04:29 +0700] "POST /wp-admin/admin-ajax.php HTTP/2" 200 51 "https://1mieng.website/wp-admin/plugin-install.php" "Mozilla/5.0 (Windows NT 10.0; Win64; x64) AppleWebKit/537.36 (KHTML, like Gecko) Chrome/108.0.0.0 Safari/537.36 Edg/108.0.1462.46"
103.200.23.139 - - [16/Dec/2022:13:05:19 +0700] "POST /wp-cron.php?doing_wp_cron=1671170719.3963849544525146484375 HTTP/1.1" 200 0 "https://1mieng.website/wp-cron.php?doing_wp_cron=1671170719.3963849544525146484375" "WordPress/6.1.1; https://1mieng.website"
93.113.111.193 - - [16/Dec/2022:13:05:18 +0700] "POST /xmlrpc.php HTTP/1.1" 200 232 "-" "Mozilla/5.0 (Windows NT 10.0; Win64; x64; rv:96.0) Gecko/20100101 Firefox/96"
103.200.23.139 - - [16/Dec/2022:13:06:31 +0700] "POST /wp-cron.php?doing_wp_cron=1671170791.3423869609832763671875 HTTP/1.1" 200 0 "https://1mieng.website/wp-cron.php?doing_wp_cron=1671170791.3423869609832763671875" "WordPress/6.1.1; https://1mieng.website"
14.241.254.70 - - [16/Dec/2022:13:06:30 +0700] "POST /wp-admin/admin-ajax.php HTTP/2" 200 51 "https://1mieng.website/wp-admin/plugin-install.php" "Mozilla/5.0 (Windows NT 10.0; Win64; x64) AppleWebKit/537.36 (KHTML, like Gecko) Chrome/108.0.0.0 Safari/537.36 Edg/108.0.1462.46"
103.200.23.139 - - [16/Dec/2022:13:11:26 +0700] "POST /wp-cron.php?doing_wp_cron=1671171086.7657909393310546875000 HTTP/1.1" 200 0 "https://1mieng.website/wp-cron.php?doing_wp_cron=1671171086.7657909393310546875000" "WordPress/6.1.1; https://1mieng.website"
162.215.10.229 - - [16/Dec/2022:13:11:26 +0700] "POST /xmlrpc.php HTTP/1.1" 200 232 "-" "Mozilla/5.0 (Windows NT 10.0; Win64; x64; rv:96.0) Gecko/20100101 Firefox/96"
103.200.23.139 - - [16/Dec/2022:13:18:01 +0700] "POST /wp-cron.php?doing_wp_cron=1671171481.3012850284576416015625 HTTP/1.1" 200 0 "https://1mieng.website/wp-cron.php?doing_wp_cron=1671171481.3012850284576416015625" "WordPress/6.1.1; https://1mieng.website"
14.241.254.209 - - [16/Dec/2022:13:18:00 +0700] "POST /wp-admin/admin-ajax.php HTTP/2" 200 51 "https://1mieng.website/wp-admin/plugin-install.php" "Mozilla/5.0 (Windows NT 10.0; Win64; x64) AppleWebKit/537.36 (KHTML, like Gecko) Chrome/108.0.0.0 Safari/537.36 Edg/108.0.1462.46"
103.200.23.139 - - [16/Dec/2022:13:19:27 +0700] "POST /wp-cron.php?doing_wp_cron=1671171567.6749479770660400390625 HTTP/1.1" 200 0 "https://1mieng.website/wp-cron.php?doing_wp_cron=1671171567.6749479770660400390625" "WordPress/6.1.1; https://1mieng.website"
139.59.20.111 - - [16/Dec/2022:13:19:27 +0700] "POST /xmlrpc.php HTTP/1.1" 200 232 "-" "Mozilla/5.0 (Windows NT 10.0; Win64; x64; rv:96.0) Gecko/20100101 Firefox/96"
103.200.23.139 - - [16/Dec/2022:13:20:01 +0700] "POST /wp-cron.php?doing_wp_cron=1671171601.2825000286102294921875 HTTP/1.1" 200 0 "https://1mieng.website/wp-cron.php?doing_wp_cron=1671171601.2825000286102294921875" "WordPress/6.1.1; https://1mieng.website"
27.74.254.72 - - [16/Dec/2022:13:20:00 +0700] "POST /wp-admin/admin-ajax.php HTTP/2" 200 51 "https://1mieng.website/wp-admin/plugin-install.php" "Mozilla/5.0 (Windows NT 10.0; Win64; x64) AppleWebKit/537.36 (KHTML, like Gecko) Chrome/108.0.0.0 Safari/537.36 Edg/108.0.1462.46"
103.200.23.139 - - [16/Dec/2022:13:22:02 +0700] "POST /wp-cron.php?doing_wp_cron=1671171722.4711289405822753906250 HTTP/1.1" 200 0 "https://1mieng.website/wp-cron.php?doing_wp_cron=1671171722.4711289405822753906250" "WordPress/6.1.1; https://1mieng.website"
115.73.213.165 - - [16/Dec/2022:13:22:01 +0700] "POST /wp-admin/admin-ajax.php HTTP/2" 200 51 "https://1mieng.website/wp-admin/plugin-install.php" "Mozilla/5.0 (Windows NT 10.0; Win64; x64) AppleWebKit/537.36 (KHTML, like Gecko) Chrome/108.0.0.0 Safari/537.36 Edg/108.0.1462.46"
103.200.23.139 - - [16/Dec/2022:13:27:05 +0700] "POST /wp-cron.php?doing_wp_cron=1671172025.5495829582214355468750 HTTP/1.1" 200 0 "https://1mieng.website/wp-cron.php?doing_wp_cron=1671172025.5495829582214355468750" "WordPress/6.1.1; https://1mieng.website"
132.148.155.12 - - [16/Dec/2022:13:27:04 +0700] "POST /xmlrpc.php HTTP/1.1" 200 232 "-" "Mozilla/5.0 (Windows NT 10.0; Win64; x64; rv:96.0) Gecko/20100101 Firefox/96"
103.200.23.139 - - [16/Dec/2022:13:41:06 +0700] "POST /wp-cron.php?doing_wp_cron=1671172866.4230298995971679687500 HTTP/1.1" 200 0 "https://1mieng.website/wp-cron.php?doing_wp_cron=1671172866.4230298995971679687500" "WordPress/6.1.1; https://1mieng.website"
103.187.168.159 - - [16/Dec/2022:13:41:05 +0700] "POST /xmlrpc.php HTTP/1.1" 200 232 "-" "Mozilla/5.0 (Windows NT 10.0; Win64; x64; rv:96.0) Gecko/20100101 Firefox/96"
103.200.23.139 - - [16/Dec/2022:13:48:03 +0700] "POST /wp-cron.php?doing_wp_cron=1671173283.8421010971069335937500 HTTP/1.1" 200 0 "https://1mieng.website/wp-cron.php?doing_wp_cron=1671173283.8421010971069335937500" "WordPress/6.1.1; https://1mieng.website"
35.193.197.89 - - [16/Dec/2022:13:48:03 +0700] "POST /xmlrpc.php HTTP/1.1" 200 232 "-" "Mozilla/5.0 (Windows NT 10.0; Win64; x64; rv:96.0) Gecko/20100101 Firefox/96"
103.200.23.139 - - [16/Dec/2022:13:54:16 +0700] "POST /wp-cron.php?doing_wp_cron=1671173656.8500640392303466796875 HTTP/1.1" 200 0 "https://1mieng.website/wp-cron.php?doing_wp_cron=1671173656.8500640392303466796875" "WordPress/6.1.1; https://1mieng.website"
162.240.215.177 - - [16/Dec/2022:13:54:16 +0700] "POST /xmlrpc.php HTTP/1.1" 200 232 "-" "Mozilla/5.0 (Windows NT 10.0; Win64; x64; rv:96.0) Gecko/20100101 Firefox/96"
14.161.23.204 - - [16/Dec/2022:13:54:25 +0700] "POST /wp-admin/admin-ajax.php HTTP/2" 200 51 "https://1mieng.website/wp-admin/plugin-install.php" "Mozilla/5.0 (Windows NT 10.0; Win64; x64) AppleWebKit/537.36 (KHTML, like Gecko) Chrome/108.0.0.0 Safari/537.36 Edg/108.0.1462.46"
103.200.23.139 - - [16/Dec/2022:13:55:27 +0700] "POST /wp-cron.php?doing_wp_cron=1671173727.2192809581756591796875 HTTP/1.1" 200 0 "https://1mieng.website/wp-cron.php?doing_wp_cron=1671173727.2192809581756591796875" "WordPress/6.1.1; https://1mieng.website"
14.161.23.204 - - [16/Dec/2022:13:55:26 +0700] "POST /wp-admin/admin-ajax.php HTTP/2" 200 51 "https://1mieng.website/wp-admin/plugin-install.php" "Mozilla/5.0 (Windows NT 10.0; Win64; x64) AppleWebKit/537.36 (KHTML, like Gecko) Chrome/108.0.0.0 Safari/537.36 Edg/108.0.1462.46"
103.200.23.139 - - [16/Dec/2022:13:56:28 +0700] "POST /wp-cron.php?doing_wp_cron=1671173788.2036130428314208984375 HTTP/1.1" 200 0 "https://1mieng.website/wp-cron.php?doing_wp_cron=1671173788.2036130428314208984375" "WordPress/6.1.1; https://1mieng.website"
14.161.23.204 - - [16/Dec/2022:13:56:27 +0700] "POST /wp-admin/admin-ajax.php HTTP/2" 200 51 "https://1mieng.website/wp-admin/plugin-install.php" "Mozilla/5.0 (Windows NT 10.0; Win64; x64) AppleWebKit/537.36 (KHTML, like Gecko) Chrome/108.0.0.0 Safari/537.36 Edg/108.0.1462.46"
103.200.23.139 - - [16/Dec/2022:13:58:29 +0700] "POST /wp-cron.php?doing_wp_cron=1671173909.2583179473876953125000 HTTP/1.1" 200 0 "https://1mieng.website/wp-cron.php?doing_wp_cron=1671173909.2583179473876953125000" "WordPress/6.1.1; https://1mieng.website"
115.73.217.121 - - [16/Dec/2022:13:58:28 +0700] "POST /wp-admin/admin-ajax.php HTTP/2" 200 51 "https://1mieng.website/wp-admin/plugin-install.php" "Mozilla/5.0 (Windows NT 10.0; Win64; x64) AppleWebKit/537.36 (KHTML, like Gecko) Chrome/108.0.0.0 Safari/537.36 Edg/108.0.1462.46"
103.200.23.139 - - [16/Dec/2022:14:00:30 +0700] "POST /wp-cron.php?doing_wp_cron=1671174030.2391340732574462890625 HTTP/1.1" 200 0 "https://1mieng.website/wp-cron.php?doing_wp_cron=1671174030.2391340732574462890625" "WordPress/6.1.1; https://1mieng.website"
115.73.214.48 - - [16/Dec/2022:14:00:29 +0700] "POST /wp-admin/admin-ajax.php HTTP/2" 200 51 "https://1mieng.website/wp-admin/plugin-install.php" "Mozilla/5.0 (Windows NT 10.0; Win64; x64) AppleWebKit/537.36 (KHTML, like Gecko) Chrome/108.0.0.0 Safari/537.36 Edg/108.0.1462.46"
69.49.241.116 - - [16/Dec/2022:14:00:30 +0700] "POST /xmlrpc.php HTTP/1.1" 200 232 "-" "Mozilla/5.0 (Windows NT 10.0; Win64; x64; rv:96.0) Gecko/20100101 Firefox/96"
103.200.23.139 - - [16/Dec/2022:14:01:31 +0700] "POST /wp-cron.php?doing_wp_cron=1671174091.2208199501037597656250 HTTP/1.1" 200 0 "https://1mieng.website/wp-cron.php?doing_wp_cron=1671174091.2208199501037597656250" "WordPress/6.1.1; https://1mieng.website"
115.73.217.121 - - [16/Dec/2022:14:01:30 +0700] "POST /wp-admin/admin-ajax.php HTTP/2" 200 51 "https://1mieng.website/wp-admin/plugin-install.php" "Mozilla/5.0 (Windows NT 10.0; Win64; x64) AppleWebKit/537.36 (KHTML, like Gecko) Chrome/108.0.0.0 Safari/537.36 Edg/108.0.1462.46"
103.200.23.139 - - [16/Dec/2022:14:03:32 +0700] "POST /wp-cron.php?doing_wp_cron=1671174212.2598259449005126953125 HTTP/1.1" 200 0 "https://1mieng.website/wp-cron.php?doing_wp_cron=1671174212.2598259449005126953125" "WordPress/6.1.1; https://1mieng.website"
115.73.217.121 - - [16/Dec/2022:14:03:31 +0700] "POST /wp-admin/admin-ajax.php HTTP/2" 200 51 "https://1mieng.website/wp-admin/plugin-install.php" "Mozilla/5.0 (Windows NT 10.0; Win64; x64) AppleWebKit/537.36 (KHTML, like Gecko) Chrome/108.0.0.0 Safari/537.36 Edg/108.0.1462.46"
103.200.23.139 - - [16/Dec/2022:14:03:32 +0700] "GET / HTTP/1.1" 200 24467 "https://1mieng.website/" "WordPress/6.1.1; https://1mieng.website"
103.200.23.139 - - [16/Dec/2022:14:04:33 +0700] "POST /wp-cron.php?doing_wp_cron=1671174273.4940450191497802734375 HTTP/1.1" 200 0 "https://1mieng.website/wp-cron.php?doing_wp_cron=1671174273.4940450191497802734375" "WordPress/6.1.1; https://1mieng.website"
14.241.254.70 - - [16/Dec/2022:14:04:32 +0700] "POST /wp-admin/admin-ajax.php HTTP/2" 200 51 "https://1mieng.website/wp-admin/plugin-install.php" "Mozilla/5.0 (Windows NT 10.0; Win64; x64) AppleWebKit/537.36 (KHTML, like Gecko) Chrome/108.0.0.0 Safari/537.36 Edg/108.0.1462.46"
103.200.23.139 - - [16/Dec/2022:14:06:00 +0700] "POST /wp-cron.php?doing_wp_cron=1671174360.5898549556732177734375 HTTP/1.1" 200 0 "https://1mieng.website/wp-cron.php?doing_wp_cron=1671174360.5898549556732177734375" "WordPress/6.1.1; https://1mieng.website"
103.160.37.174 - - [16/Dec/2022:14:05:59 +0700] "POST /xmlrpc.php HTTP/1.1" 200 232 "-" "Mozilla/5.0 (Windows NT 10.0; Win64; x64; rv:96.0) Gecko/20100101 Firefox/96"
14.161.23.204 - - [16/Dec/2022:14:06:33 +0700] "POST /wp-admin/admin-ajax.php HTTP/2" 200 51 "https://1mieng.website/wp-admin/plugin-install.php" "Mozilla/5.0 (Windows NT 10.0; Win64; x64) AppleWebKit/537.36 (KHTML, like Gecko) Chrome/108.0.0.0 Safari/537.36 Edg/108.0.1462.46"
103.200.23.139 - - [16/Dec/2022:14:07:44 +0700] "POST /wp-cron.php?doing_wp_cron=1671174464.8004350662231445312500 HTTP/1.1" 200 0 "https://1mieng.website/wp-cron.php?doing_wp_cron=1671174464.8004350662231445312500" "WordPress/6.1.1; https://1mieng.website"
115.73.213.165 - - [16/Dec/2022:14:07:44 +0700] "POST /wp-admin/admin-ajax.php HTTP/2" 200 51 "https://1mieng.website/wp-admin/plugin-install.php" "Mozilla/5.0 (Windows NT 10.0; Win64; x64) AppleWebKit/537.36 (KHTML, like Gecko) Chrome/108.0.0.0 Safari/537.36 Edg/108.0.1462.46"
103.200.23.139 - - [16/Dec/2022:14:07:50 +0700] "POST /wp-cron.php?doing_wp_cron=1671174470.1728799343109130859375 HTTP/1.1" 200 0 "http://1mieng.website/wp-cron.php?doing_wp_cron=1671174470.1728799343109130859375" "WordPress/6.1.1; https://1mieng.website"
113.125.140.19 - - [16/Dec/2022:14:07:49 +0700] "GET / HTTP/1.1" 301 0 "-" "Mozilla/5.0 (iPhone; CPU iPhone OS 13_2_3 like Mac OS X) AppleWebKit/605.1.15 (KHTML, like Gecko) Version/13.0.3 Mobile/15E148 Safari/604.1"
113.125.140.19 - - [16/Dec/2022:14:07:51 +0700] "GET / HTTP/1.1" 200 24468 "http://1mieng.website" "Mozilla/5.0 (iPhone; CPU iPhone OS 13_2_3 like Mac OS X) AppleWebKit/605.1.15 (KHTML, like Gecko) Version/13.0.3 Mobile/15E148 Safari/604.1"
103.200.23.139 - - [16/Dec/2022:14:08:45 +0700] "POST /wp-cron.php?doing_wp_cron=1671174525.1924700736999511718750 HTTP/1.1" 200 0 "https://1mieng.website/wp-cron.php?doing_wp_cron=1671174525.1924700736999511718750" "WordPress/6.1.1; https://1mieng.website"
115.73.213.165 - - [16/Dec/2022:14:08:44 +0700] "POST /wp-admin/admin-ajax.php HTTP/2" 200 51 "https://1mieng.website/wp-admin/plugin-install.php" "Mozilla/5.0 (Windows NT 10.0; Win64; x64) AppleWebKit/537.36 (KHTML, like Gecko) Chrome/108.0.0.0 Safari/537.36 Edg/108.0.1462.46"
103.200.23.139 - - [16/Dec/2022:14:10:46 +0700] "POST /wp-cron.php?doing_wp_cron=1671174646.3125150203704833984375 HTTP/1.1" 200 0 "https://1mieng.website/wp-cron.php?doing_wp_cron=1671174646.3125150203704833984375" "WordPress/6.1.1; https://1mieng.website"
14.241.254.209 - - [16/Dec/2022:14:10:45 +0700] "POST /wp-admin/admin-ajax.php HTTP/2" 200 51 "https://1mieng.website/wp-admin/plugin-install.php" "Mozilla/5.0 (Windows NT 10.0; Win64; x64) AppleWebKit/537.36 (KHTML, like Gecko) Chrome/108.0.0.0 Safari/537.36 Edg/108.0.1462.46"
103.200.23.139 - - [16/Dec/2022:14:12:41 +0700] "POST /wp-cron.php?doing_wp_cron=1671174761.8691499233245849609375 HTTP/1.1" 200 0 "https://1mieng.website/wp-cron.php?doing_wp_cron=1671174761.8691499233245849609375" "WordPress/6.1.1; https://1mieng.website"
209.17.114.78 - - [16/Dec/2022:14:12:41 +0700] "POST /xmlrpc.php HTTP/1.1" 200 232 "-" "Mozilla/5.0 (Windows NT 10.0; Win64; x64; rv:96.0) Gecko/20100101 Firefox/96"
14.241.254.209 - - [16/Dec/2022:14:12:46 +0700] "POST /wp-admin/admin-ajax.php HTTP/2" 200 51 "https://1mieng.website/wp-admin/plugin-install.php" "Mozilla/5.0 (Windows NT 10.0; Win64; x64) AppleWebKit/537.36 (KHTML, like Gecko) Chrome/108.0.0.0 Safari/537.36 Edg/108.0.1462.46"
103.200.23.139 - - [16/Dec/2022:14:12:53 +0700] "POST /wp-cron.php?doing_wp_cron=1671174772.9962489604949951171875 HTTP/1.1" 200 0 "https://1mieng.website/wp-cron.php?doing_wp_cron=1671174772.9962489604949951171875" "WordPress/6.1.1; https://1mieng.website"
103.200.23.139 - - [16/Dec/2022:14:13:39 +0700] "POST /wp-cron.php?doing_wp_cron=1671174819.2619149684906005859375 HTTP/1.1" 200 0 "https://1mieng.website/wp-cron.php?doing_wp_cron=1671174819.2619149684906005859375" "WordPress/6.1.1; https://1mieng.website"
103.200.23.139 - - [16/Dec/2022:14:19:28 +0700] "POST /wp-cron.php?doing_wp_cron=1671175168.5757119655609130859375 HTTP/1.1" 200 0 "https://1mieng.website/wp-cron.php?doing_wp_cron=1671175168.5757119655609130859375" "WordPress/6.1.1; https://1mieng.website"
152.160.235.235 - - [16/Dec/2022:14:19:27 +0700] "POST /xmlrpc.php HTTP/1.1" 200 232 "-" "Mozilla/5.0 (Windows NT 10.0; Win64; x64; rv:96.0) Gecko/20100101 Firefox/96"
103.200.23.139 - - [16/Dec/2022:14:32:10 +0700] "POST /wp-cron.php?doing_wp_cron=1671175930.4917209148406982421875 HTTP/1.1" 200 0 "https://1mieng.website/wp-cron.php?doing_wp_cron=1671175930.4917209148406982421875" "WordPress/6.1.1; https://1mieng.website"
167.71.69.173 - - [16/Dec/2022:14:32:09 +0700] "POST /xmlrpc.php HTTP/1.1" 200 232 "-" "Mozilla/5.0 (Windows NT 10.0; Win64; x64; rv:96.0) Gecko/20100101 Firefox/96"
103.200.23.139 - - [16/Dec/2022:14:38:19 +0700] "POST /wp-cron.php?doing_wp_cron=1671176299.5376770496368408203125 HTTP/1.1" 200 0 "https://1mieng.website/wp-cron.php?doing_wp_cron=1671176299.5376770496368408203125" "WordPress/6.1.1; https://1mieng.website"
150.230.247.143 - - [16/Dec/2022:14:38:18 +0700] "POST /xmlrpc.php HTTP/1.1" 200 232 "-" "Mozilla/5.0 (Windows NT 10.0; Win64; x64; rv:96.0) Gecko/20100101 Firefox/96"
103.200.23.139 - - [16/Dec/2022:14:44:13 +0700] "POST /wp-cron.php?doing_wp_cron=1671176653.8776700496673583984375 HTTP/1.1" 200 0 "https://1mieng.website/wp-cron.php?doing_wp_cron=1671176653.8776700496673583984375" "WordPress/6.1.1; https://1mieng.website"
72.34.62.119 - - [16/Dec/2022:14:44:13 +0700] "POST /xmlrpc.php HTTP/1.1" 200 232 "-" "Mozilla/5.0 (Windows NT 10.0; Win64; x64; rv:96.0) Gecko/20100101 Firefox/96"
103.200.23.139 - - [16/Dec/2022:14:49:51 +0700] "POST /wp-cron.php?doing_wp_cron=1671176991.8291559219360351562500 HTTP/1.1" 200 0 "https://1mieng.website/wp-cron.php?doing_wp_cron=1671176991.8291559219360351562500" "WordPress/6.1.1; https://1mieng.website"
45.123.203.26 - - [16/Dec/2022:14:49:51 +0700] "POST /xmlrpc.php HTTP/1.1" 200 232 "-" "Mozilla/5.0 (Windows NT 10.0; Win64; x64; rv:96.0) Gecko/20100101 Firefox/96"
103.200.23.139 - - [16/Dec/2022:14:50:40 +0700] "POST /wp-cron.php?doing_wp_cron=1671177040.7999000549316406250000 HTTP/1.1" 200 0 "https://1mieng.website/wp-cron.php?doing_wp_cron=1671177040.7999000549316406250000" "WordPress/6.1.1; https://1mieng.website"
103.200.23.139 - - [16/Dec/2022:14:55:52 +0700] "POST /wp-cron.php?doing_wp_cron=1671177352.3459699153900146484375 HTTP/1.1" 200 0 "https://1mieng.website/wp-cron.php?doing_wp_cron=1671177352.3459699153900146484375" "WordPress/6.1.1; https://1mieng.website"
157.245.140.35 - - [16/Dec/2022:14:55:51 +0700] "POST /xmlrpc.php HTTP/1.1" 200 232 "-" "Mozilla/5.0 (Windows NT 10.0; Win64; x64; rv:96.0) Gecko/20100101 Firefox/96"
103.200.23.139 - - [16/Dec/2022:15:01:08 +0700] "POST /wp-cron.php?doing_wp_cron=1671177668.5067529678344726562500 HTTP/1.1" 200 0 "https://1mieng.website/wp-cron.php?doing_wp_cron=1671177668.5067529678344726562500" "WordPress/6.1.1; https://1mieng.website"
128.199.203.239 - - [16/Dec/2022:15:01:07 +0700] "POST /xmlrpc.php HTTP/1.1" 200 232 "-" "Mozilla/5.0 (Windows NT 10.0; Win64; x64; rv:96.0) Gecko/20100101 Firefox/96"
103.200.23.139 - - [16/Dec/2022:15:07:09 +0700] "POST /wp-cron.php?doing_wp_cron=1671178029.6190741062164306640625 HTTP/1.1" 200 0 "https://1mieng.website/wp-cron.php?doing_wp_cron=1671178029.6190741062164306640625" "WordPress/6.1.1; https://1mieng.website"
154.0.173.95 - - [16/Dec/2022:15:07:09 +0700] "POST /xmlrpc.php HTTP/1.1" 200 232 "-" "Mozilla/5.0 (Windows NT 10.0; Win64; x64; rv:96.0) Gecko/20100101 Firefox/96"
103.200.23.139 - - [16/Dec/2022:15:13:12 +0700] "POST /wp-cron.php?doing_wp_cron=1671178392.4312450885772705078125 HTTP/1.1" 200 0 "https://1mieng.website/wp-cron.php?doing_wp_cron=1671178392.4312450885772705078125" "WordPress/6.1.1; https://1mieng.website"
103.171.180.165 - - [16/Dec/2022:15:13:11 +0700] "POST /xmlrpc.php HTTP/1.1" 200 232 "-" "Mozilla/5.0 (Windows NT 10.0; Win64; x64; rv:96.0) Gecko/20100101 Firefox/96"
103.200.23.139 - - [16/Dec/2022:15:19:17 +0700] "POST /wp-cron.php?doing_wp_cron=1671178757.1335079669952392578125 HTTP/1.1" 200 0 "https://1mieng.website/wp-cron.php?doing_wp_cron=1671178757.1335079669952392578125" "WordPress/6.1.1; https://1mieng.website"
192.64.113.147 - - [16/Dec/2022:15:19:16 +0700] "POST /xmlrpc.php HTTP/1.1" 200 232 "-" "Mozilla/5.0 (Windows NT 10.0; Win64; x64; rv:96.0) Gecko/20100101 Firefox/96"
103.200.23.139 - - [16/Dec/2022:15:25:39 +0700] "POST /wp-cron.php?doing_wp_cron=1671179139.6127159595489501953125 HTTP/1.1" 200 0 "https://1mieng.website/wp-cron.php?doing_wp_cron=1671179139.6127159595489501953125" "WordPress/6.1.1; https://1mieng.website"
159.65.147.193 - - [16/Dec/2022:15:25:39 +0700] "POST /xmlrpc.php HTTP/1.1" 200 232 "-" "Mozilla/5.0 (Windows NT 10.0; Win64; x64; rv:96.0) Gecko/20100101 Firefox/96"
103.200.23.139 - - [16/Dec/2022:15:31:25 +0700] "POST /wp-cron.php?doing_wp_cron=1671179485.0228269100189208984375 HTTP/1.1" 200 0 "https://1mieng.website/wp-cron.php?doing_wp_cron=1671179485.0228269100189208984375" "WordPress/6.1.1; https://1mieng.website"
167.172.56.36 - - [16/Dec/2022:15:31:24 +0700] "POST /xmlrpc.php HTTP/1.1" 200 232 "-" "Mozilla/5.0 (Windows NT 10.0; Win64; x64; rv:96.0) Gecko/20100101 Firefox/96"
103.200.23.139 - - [16/Dec/2022:15:36:54 +0700] "POST /wp-cron.php?doing_wp_cron=1671179814.1685440540313720703125 HTTP/1.1" 200 0 "https://1mieng.website/wp-cron.php?doing_wp_cron=1671179814.1685440540313720703125" "WordPress/6.1.1; https://1mieng.website"
134.209.105.240 - - [16/Dec/2022:15:36:53 +0700] "POST /xmlrpc.php HTTP/1.1" 200 232 "-" "Mozilla/5.0 (Windows NT 10.0; Win64; x64; rv:96.0) Gecko/20100101 Firefox/96"
103.200.23.139 - - [16/Dec/2022:15:41:06 +0700] "POST /wp-cron.php?doing_wp_cron=1671180066.9617209434509277343750 HTTP/1.1" 200 0 "https://1mieng.website/wp-cron.php?doing_wp_cron=1671180066.9617209434509277343750" "WordPress/6.1.1; https://1mieng.website"
14.241.254.209 - - [16/Dec/2022:15:41:07 +0700] "GET /wp-content/plugins/pagelayer/css/givecss.php?give=pagelayer-frontend.css%2Cnivo-lightbox.css%2Canimate.min.css%2Cowl.carousel.min.css%2Cowl.theme.default.min.css%2Cfont-awesome5.min.css&premium&ver=1.7.2 HTTP/2" 304 0 "https://1mieng.website/" "Mozilla/5.0 (Windows NT 10.0; Win64; x64) AppleWebKit/537.36 (KHTML, like Gecko) Chrome/108.0.0.0 Safari/537.36"
14.241.254.209 - - [16/Dec/2022:15:41:06 +0700] "GET / HTTP/2" 200 21094 "-" "Mozilla/5.0 (Windows NT 10.0; Win64; x64) AppleWebKit/537.36 (KHTML, like Gecko) Chrome/108.0.0.0 Safari/537.36"
14.241.254.209 - - [16/Dec/2022:15:41:07 +0700] "GET /wp-content/plugins/pagelayer/js/givejs.php?give=pagelayer-frontend.js%2Cnivo-lightbox.min.js%2Cwow.min.js%2Cjquery-numerator.js%2CsimpleParallax.min.js%2Cowl.carousel.min.js&premium&ver=1.7.2 HTTP/2" 304 0 "https://1mieng.website/" "Mozilla/5.0 (Windows NT 10.0; Win64; x64) AppleWebKit/537.36 (KHTML, like Gecko) Chrome/108.0.0.0 Safari/537.36"
14.241.254.209 - - [16/Dec/2022:15:41:08 +0700] "POST /?wc-ajax=get_refreshed_fragments HTTP/2" 200 276 "https://1mieng.website/" "Mozilla/5.0 (Windows NT 10.0; Win64; x64) AppleWebKit/537.36 (KHTML, like Gecko) Chrome/108.0.0.0 Safari/537.36"
14.241.254.209 - - [16/Dec/2022:15:41:15 +0700] "GET /library/ HTTP/2" 200 15857 "https://1mieng.website/" "Mozilla/5.0 (Windows NT 10.0; Win64; x64) AppleWebKit/537.36 (KHTML, like Gecko) Chrome/108.0.0.0 Safari/537.36"
14.241.254.209 - - [16/Dec/2022:15:41:16 +0700] "GET /wp-content/plugins/pagelayer/css/givecss.php?give=pagelayer-frontend.css%2Cnivo-lightbox.css%2Canimate.min.css%2Cowl.carousel.min.css%2Cowl.theme.default.min.css%2Cfont-awesome5.min.css&premium&ver=1.7.2 HTTP/2" 304 0 "https://1mieng.website/library/" "Mozilla/5.0 (Windows NT 10.0; Win64; x64) AppleWebKit/537.36 (KHTML, like Gecko) Chrome/108.0.0.0 Safari/537.36"
14.241.254.209 - - [16/Dec/2022:15:41:17 +0700] "GET /wp-content/uploads/2022/12/KNMCLC05-NHOM-8-1.mp4?&autoplay=0&mute=0&loop=0 HTTP/2" 200 262000 "https://1mieng.website/library/" "Mozilla/5.0 (Windows NT 10.0; Win64; x64) AppleWebKit/537.36 (KHTML, like Gecko) Chrome/108.0.0.0 Safari/537.36"
14.241.254.209 - - [16/Dec/2022:15:41:17 +0700] "GET /wp-content/uploads/2022/12/KNMCLC05-NHOM-8-1.mp4?&autoplay=0&mute=0&loop=0 HTTP/2" 304 0 "https://1mieng.website/wp-content/uploads/2022/12/KNMCLC05-NHOM-8-1.mp4?&autoplay=0&mute=0&loop=0" "Mozilla/5.0 (Windows NT 10.0; Win64; x64) AppleWebKit/537.36 (KHTML, like Gecko) Chrome/108.0.0.0 Safari/537.36"
14.241.254.209 - - [16/Dec/2022:15:41:18 +0700] "GET /favicon.ico HTTP/2" 404 1238 "https://1mieng.website/library/" "Mozilla/5.0 (Windows NT 10.0; Win64; x64) AppleWebKit/537.36 (KHTML, like Gecko) Chrome/108.0.0.0 Safari/537.36"
14.241.254.209 - - [16/Dec/2022:15:41:18 +0700] "GET /wp-content/uploads/2022/12/KNMCLC05-NHOM-8-1.mp4?&autoplay=0&mute=0&loop=0 HTTP/2" 206 3406000 "https://1mieng.website/wp-content/uploads/2022/12/KNMCLC05-NHOM-8-1.mp4?&autoplay=0&mute=0&loop=0" "Mozilla/5.0 (Windows NT 10.0; Win64; x64) AppleWebKit/537.36 (KHTML, like Gecko) Chrome/108.0.0.0 Safari/537.36"
14.241.254.209 - - [16/Dec/2022:15:41:35 +0700] "GET /wp-content/plugins/pagelayer/css/givecss.php?give=pagelayer-frontend.css%2Cnivo-lightbox.css%2Canimate.min.css%2Cowl.carousel.min.css%2Cowl.theme.default.min.css%2Cfont-awesome5.min.css&premium&ver=1.7.2 HTTP/2" 304 0 "https://1mieng.website/" "Mozilla/5.0 (Windows NT 10.0; Win64; x64) AppleWebKit/537.36 (KHTML, like Gecko) Chrome/108.0.0.0 Safari/537.36"
14.241.254.209 - - [16/Dec/2022:15:41:35 +0700] "GET / HTTP/2" 200 21096 "https://1mieng.website/library/" "Mozilla/5.0 (Windows NT 10.0; Win64; x64) AppleWebKit/537.36 (KHTML, like Gecko) Chrome/108.0.0.0 Safari/537.36"
103.200.23.139 - - [16/Dec/2022:15:42:15 +0700] "POST /wp-cron.php?doing_wp_cron=1671180135.6463139057159423828125 HTTP/1.1" 200 0 "https://1mieng.website/wp-cron.php?doing_wp_cron=1671180135.6463139057159423828125" "WordPress/6.1.1; https://1mieng.website"
14.241.254.209 - - [16/Dec/2022:15:42:15 +0700] "GET /wp-content/plugins/woocommerce/assets/css/select2.css?ver=7.2.0 HTTP/2" 200 1706 "https://1mieng.website/login/" "Mozilla/5.0 (Windows NT 10.0; Win64; x64) AppleWebKit/537.36 (KHTML, like Gecko) Chrome/108.0.0.0 Safari/537.36"
14.241.254.209 - - [16/Dec/2022:15:42:15 +0700] "GET /wp-content/plugins/pagelayer/css/givecss.php?give=pagelayer-frontend.css%2Cnivo-lightbox.css%2Canimate.min.css%2Cowl.carousel.min.css%2Cowl.theme.default.min.css%2Cfont-awesome5.min.css&premium&ver=1.7.2 HTTP/2" 304 0 "https://1mieng.website/login/" "Mozilla/5.0 (Windows NT 10.0; Win64; x64) AppleWebKit/537.36 (KHTML, like Gecko) Chrome/108.0.0.0 Safari/537.36"
14.241.254.209 - - [16/Dec/2022:15:42:15 +0700] "GET /login/ HTTP/2" 200 14728 "https://1mieng.website/" "Mozilla/5.0 (Windows NT 10.0; Win64; x64) AppleWebKit/537.36 (KHTML, like Gecko) Chrome/108.0.0.0 Safari/537.36"
14.241.254.209 - - [16/Dec/2022:15:42:16 +0700] "GET /wp-content/plugins/woocommerce/assets/js/selectWoo/selectWoo.full.min.js?ver=1.0.9-wc.7.2.0 HTTP/2" 200 20073 "https://1mieng.website/login/" "Mozilla/5.0 (Windows NT 10.0; Win64; x64) AppleWebKit/537.36 (KHTML, like Gecko) Chrome/108.0.0.0 Safari/537.36"
14.241.254.209 - - [16/Dec/2022:15:42:16 +0700] "GET /wp-content/plugins/woocommerce/assets/fonts/WooCommerce.woff HTTP/2" 200 14176 "https://1mieng.website/wp-content/plugins/woocommerce/assets/css/woocommerce.css?ver=7.2.0" "Mozilla/5.0 (Windows NT 10.0; Win64; x64) AppleWebKit/537.36 (KHTML, like Gecko) Chrome/108.0.0.0 Safari/537.36"
14.241.254.209 - - [16/Dec/2022:15:42:19 +0700] "POST /login/ HTTP/2" 302 0 "https://1mieng.website/login/" "Mozilla/5.0 (Windows NT 10.0; Win64; x64) AppleWebKit/537.36 (KHTML, like Gecko) Chrome/108.0.0.0 Safari/537.36"
14.241.254.209 - - [16/Dec/2022:15:42:19 +0700] "GET /login/ HTTP/2" 200 15891 "https://1mieng.website/login/" "Mozilla/5.0 (Windows NT 10.0; Win64; x64) AppleWebKit/537.36 (KHTML, like Gecko) Chrome/108.0.0.0 Safari/537.36"
14.241.254.209 - - [16/Dec/2022:15:42:20 +0700] "GET /wp-content/plugins/pagelayer/css/givecss.php?give=pagelayer-frontend.css%2Cnivo-lightbox.css%2Canimate.min.css%2Cowl.carousel.min.css%2Cowl.theme.default.min.css%2Cfont-awesome5.min.css&premium&ver=1.7.2 HTTP/2" 304 0 "https://1mieng.website/login/" "Mozilla/5.0 (Windows NT 10.0; Win64; x64) AppleWebKit/537.36 (KHTML, like Gecko) Chrome/108.0.0.0 Safari/537.36"
115.79.4.48 - - [16/Dec/2022:15:42:31 +0700] "GET /wp-content/plugins/forminator/build/css/forminator-scgen.min.css?ver=1.21.0 HTTP/2" 200 22604 "https://1mieng.website/wp-admin/post.php?post=231&action=edit" "Mozilla/5.0 (Windows NT 10.0; Win64; x64) AppleWebKit/537.36 (KHTML, like Gecko) Chrome/108.0.0.0 Safari/537.36"
115.79.4.48 - - [16/Dec/2022:15:42:32 +0700] "GET /wp-content/plugins/forminator/build/admin/scgen.min.js?ver=1.21.0 HTTP/2" 200 597 "https://1mieng.website/wp-admin/post.php?post=231&action=edit" "Mozilla/5.0 (Windows NT 10.0; Win64; x64) AppleWebKit/537.36 (KHTML, like Gecko) Chrome/108.0.0.0 Safari/537.36"
115.79.4.48 - - [16/Dec/2022:15:42:30 +0700] "GET /wp-admin/post.php?post=231&action=edit HTTP/2" 200 43379 "https://1mieng.website/login/" "Mozilla/5.0 (Windows NT 10.0; Win64; x64) AppleWebKit/537.36 (KHTML, like Gecko) Chrome/108.0.0.0 Safari/537.36"
115.79.4.48 - - [16/Dec/2022:15:42:34 +0700] "GET /wp-content/plugins/forminator/build/assets/fonts/wpmudev-plugin-icons.ttf HTTP/2" 200 26581 "https://1mieng.website/wp-content/plugins/forminator/build/css/forminator-scgen.min.css?ver=1.21.0" "Mozilla/5.0 (Windows NT 10.0; Win64; x64) AppleWebKit/537.36 (KHTML, like Gecko) Chrome/108.0.0.0 Safari/537.36"
103.200.23.139 - - [16/Dec/2022:15:42:31 +0700] "POST /wp-admin/admin-ajax.php?action=as_async_request_queue_runner&nonce=2dff05bdd0 HTTP/1.1" 200 0 "https://1mieng.website/wp-admin/admin-ajax.php?action=as_async_request_queue_runner&nonce=2dff05bdd0" "WordPress/6.1.1; https://1mieng.website"
103.200.23.139 - - [16/Dec/2022:15:42:39 +0700] "POST /wp-cron.php?doing_wp_cron=1671180159.5856480598449707031250 HTTP/1.1" 200 0 "https://1mieng.website/wp-cron.php?doing_wp_cron=1671180159.5856480598449707031250" "WordPress/6.1.1; https://1mieng.website"
14.241.254.209 - - [16/Dec/2022:15:42:38 +0700] "GET /wp-admin/edit.php?post_type=page HTTP/2" 200 22465 "https://1mieng.website/wp-admin/post.php?post=231&action=edit" "Mozilla/5.0 (Windows NT 10.0; Win64; x64) AppleWebKit/537.36 (KHTML, like Gecko) Chrome/108.0.0.0 Safari/537.36"
14.241.254.209 - - [16/Dec/2022:15:42:40 +0700] "GET /wp-admin/js/inline-edit-post.min.js?ver=6.1.1 HTTP/2" 200 2751 "https://1mieng.website/wp-admin/edit.php?post_type=page" "Mozilla/5.0 (Windows NT 10.0; Win64; x64) AppleWebKit/537.36 (KHTML, like Gecko) Chrome/108.0.0.0 Safari/537.36"
14.241.254.209 - - [16/Dec/2022:15:42:39 +0700] "POST /wp-admin/admin-ajax.php HTTP/2" 200 5 "https://1mieng.website/wp-admin/post.php?post=231&action=edit" "Mozilla/5.0 (Windows NT 10.0; Win64; x64) AppleWebKit/537.36 (KHTML, like Gecko) Chrome/108.0.0.0 Safari/537.36"
14.241.254.209 - - [16/Dec/2022:15:42:40 +0700] "POST /wp-admin/admin-ajax.php HTTP/2" 200 51 "https://1mieng.website/wp-admin/edit.php?post_type=page" "Mozilla/5.0 (Windows NT 10.0; Win64; x64) AppleWebKit/537.36 (KHTML, like Gecko) Chrome/108.0.0.0 Safari/537.36"
103.200.23.139 - - [16/Dec/2022:15:42:50 +0700] "POST /wp-cron.php?doing_wp_cron=1671180170.4445369243621826171875 HTTP/1.1" 200 0 "https://1mieng.website/wp-cron.php?doing_wp_cron=1671180170.4445369243621826171875" "WordPress/6.1.1; https://1mieng.website"
14.241.254.70 - - [16/Dec/2022:15:42:49 +0700] "GET /wp-admin/post.php?post=19&action=edit HTTP/2" 200 45730 "https://1mieng.website/wp-admin/edit.php?post_type=page" "Mozilla/5.0 (Windows NT 10.0; Win64; x64) AppleWebKit/537.36 (KHTML, like Gecko) Chrome/108.0.0.0 Safari/537.36"
14.241.254.70 - - [16/Dec/2022:15:42:55 +0700] "GET /library/?&pagelayer-live=1 HTTP/2" 200 2310 "https://1mieng.website/wp-admin/post.php?post=19&action=edit" "Mozilla/5.0 (Windows NT 10.0; Win64; x64) AppleWebKit/537.36 (KHTML, like Gecko) Chrome/108.0.0.0 Safari/537.36"
14.241.254.70 - - [16/Dec/2022:15:42:55 +0700] "GET /wp-content/plugins/pagelayer/css/givecss.php?give=pagelayer-editor.css,trumbowyg.min.css,pagelayer-icons.css,font-awesome5.min.css&ver=1.7.2 HTTP/2" 304 0 "https://1mieng.website/library/?&pagelayer-live=1" "Mozilla/5.0 (Windows NT 10.0; Win64; x64) AppleWebKit/537.36 (KHTML, like Gecko) Chrome/108.0.0.0 Safari/537.36"
14.241.254.70 - - [16/Dec/2022:15:42:55 +0700] "GET /library/?&pagelayer-iframe=1&&pagelayer-live=1 HTTP/2" 301 0 "https://1mieng.website/library/?&pagelayer-live=1" "Mozilla/5.0 (Windows NT 10.0; Win64; x64) AppleWebKit/537.36 (KHTML, like Gecko) Chrome/108.0.0.0 Safari/537.36"
14.241.254.70 - - [16/Dec/2022:15:42:55 +0700] "POST /wp-admin/admin-ajax.php HTTP/2" 200 5 "https://1mieng.website/wp-admin/post.php?post=19&action=edit" "Mozilla/5.0 (Windows NT 10.0; Win64; x64) AppleWebKit/537.36 (KHTML, like Gecko) Chrome/108.0.0.0 Safari/537.36"
14.241.254.70 - - [16/Dec/2022:15:42:58 +0700] "GET /wp-content/plugins/pagelayer/css/givecss.php?give=pagelayer-frontend.css%2Cnivo-lightbox.css%2Canimate.min.css%2Cowl.carousel.min.css%2Cowl.theme.default.min.css%2Cfont-awesome5.min.css&premium&ver=1.7.2 HTTP/2" 304 0 "https://1mieng.website/library/?pagelayer-iframe=1&&pagelayer-live=1" "Mozilla/5.0 (Windows NT 10.0; Win64; x64) AppleWebKit/537.36 (KHTML, like Gecko) Chrome/108.0.0.0 Safari/537.36"
14.241.254.70 - - [16/Dec/2022:15:42:58 +0700] "GET /wp-content/plugins/pagelayer/css/givecss.php?give=pagelayer-editor-frontend.css%2Cpagelayer-pen.css%2C&ver=1.7.2 HTTP/2" 304 0 "https://1mieng.website/library/?pagelayer-iframe=1&&pagelayer-live=1" "Mozilla/5.0 (Windows NT 10.0; Win64; x64) AppleWebKit/537.36 (KHTML, like Gecko) Chrome/108.0.0.0 Safari/537.36"
14.241.254.70 - - [16/Dec/2022:15:42:57 +0700] "GET /library/?pagelayer-iframe=1&&pagelayer-live=1 HTTP/2" 200 36332 "https://1mieng.website/library/?&pagelayer-live=1" "Mozilla/5.0 (Windows NT 10.0; Win64; x64) AppleWebKit/537.36 (KHTML, like Gecko) Chrome/108.0.0.0 Safari/537.36"
14.241.254.70 - - [16/Dec/2022:15:42:58 +0700] "GET /wp-content/plugins/pagelayer/js/givejs.php?give=pagelayer-frontend.js%2Cnivo-lightbox.min.js%2Cwow.min.js%2Cjquery-numerator.js%2CsimpleParallax.min.js%2Cowl.carousel.min.js&premium&ver=1.7.2 HTTP/2" 304 0 "https://1mieng.website/library/?pagelayer-iframe=1&&pagelayer-live=1" "Mozilla/5.0 (Windows NT 10.0; Win64; x64) AppleWebKit/537.36 (KHTML, like Gecko) Chrome/108.0.0.0 Safari/537.36"
14.241.254.70 - - [16/Dec/2022:15:42:58 +0700] "GET /wp-admin/admin-ajax.php?action=pagelayer_givejs&give=pagelayer-editor.js%2Cwidgets.js%2Cproperties.js%2Cbase-64.min.js%2Cslimscroll.js%2Cvanilla-picker.min.js%2Ctrumbowyg.js%2Ctrumbowyg.fontfamily.js%2Ctrumbowyg-pagelayer.js%2Ctlite.min.js%2Cpagelayer-pen.js%2C&pagelayer_nonce=1&scmd5=11e1c51e6a48fed003cb8071a638d880&ver=1.7.2 HTTP/2" 200 181932 "https://1mieng.website/library/?pagelayer-iframe=1&&pagelayer-live=1" "Mozilla/5.0 (Windows NT 10.0; Win64; x64) AppleWebKit/537.36 (KHTML, like Gecko) Chrome/108.0.0.0 Safari/537.36"
14.241.254.70 - - [16/Dec/2022:15:42:59 +0700] "GET /wp-content/uploads/2022/12/KNMCLC05-NHOM-8-1.mp4?&autoplay=0&mute=0&loop=0 HTTP/2" 206 1 "https://1mieng.website/library/?pagelayer-iframe=1&&pagelayer-live=1" "Mozilla/5.0 (Windows NT 10.0; Win64; x64) AppleWebKit/537.36 (KHTML, like Gecko) Chrome/108.0.0.0 Safari/537.36"
14.241.254.70 - - [16/Dec/2022:15:42:59 +0700] "GET /wp-content/uploads/2022/12/KNMCLC05-NHOM-8-1.mp4?&autoplay=0&mute=0&loop=0 HTTP/2" 206 278375 "https://1mieng.website/library/?pagelayer-iframe=1&&pagelayer-live=1" "Mozilla/5.0 (Windows NT 10.0; Win64; x64) AppleWebKit/537.36 (KHTML, like Gecko) Chrome/108.0.0.0 Safari/537.36"
50.87.249.38 - - [16/Dec/2022:15:42:59 +0700] "POST /xmlrpc.php HTTP/1.1" 200 232 "-" "Mozilla/5.0 (Windows NT 10.0; Win64; x64; rv:96.0) Gecko/20100101 Firefox/96"
14.241.254.70 - - [16/Dec/2022:15:43:00 +0700] "GET /wp-content/uploads/2022/12/KNMCLC05-NHOM-8-1.mp4?&autoplay=0&mute=0&loop=0 HTTP/2" 200 245625 "https://1mieng.website/library/?pagelayer-iframe=1&&pagelayer-live=1" "Mozilla/5.0 (Windows NT 10.0; Win64; x64) AppleWebKit/537.36 (KHTML, like Gecko) Chrome/108.0.0.0 Safari/537.36"
14.241.254.70 - - [16/Dec/2022:15:43:01 +0700] "GET /wp-content/uploads/2022/12/KNMCLC05-NHOM-8-1.mp4?&autoplay=0&mute=0&loop=0 HTTP/2" 200 524000 "https://1mieng.website/library/?pagelayer-iframe=1&&pagelayer-live=1" "Mozilla/5.0 (Windows NT 10.0; Win64; x64) AppleWebKit/537.36 (KHTML, like Gecko) Chrome/108.0.0.0 Safari/537.36"
14.241.254.70 - - [16/Dec/2022:15:43:01 +0700] "POST /wp-admin/admin-ajax.php HTTP/2" 200 21 "https://1mieng.website/library/?pagelayer-iframe=1&&pagelayer-live=1" "Mozilla/5.0 (Windows NT 10.0; Win64; x64) AppleWebKit/537.36 (KHTML, like Gecko) Chrome/108.0.0.0 Safari/537.36"
103.200.23.139 - - [16/Dec/2022:15:44:03 +0700] "POST /wp-cron.php?doing_wp_cron=1671180243.1403648853302001953125 HTTP/1.1" 200 0 "https://1mieng.website/wp-cron.php?doing_wp_cron=1671180243.1403648853302001953125" "WordPress/6.1.1; https://1mieng.website"
115.73.214.48 - - [16/Dec/2022:15:44:02 +0700] "POST /wp-admin/admin-ajax.php HTTP/2" 200 51 "https://1mieng.website/library/?pagelayer-iframe=1&&pagelayer-live=1" "Mozilla/5.0 (Windows NT 10.0; Win64; x64) AppleWebKit/537.36 (KHTML, like Gecko) Chrome/108.0.0.0 Safari/537.36"
103.200.23.139 - - [16/Dec/2022:15:46:04 +0700] "POST /wp-cron.php?doing_wp_cron=1671180364.0637180805206298828125 HTTP/1.1" 200 0 "https://1mieng.website/wp-cron.php?doing_wp_cron=1671180364.0637180805206298828125" "WordPress/6.1.1; https://1mieng.website"
115.73.223.217 - - [16/Dec/2022:15:46:03 +0700] "POST /wp-admin/admin-ajax.php HTTP/2" 200 51 "https://1mieng.website/library/?pagelayer-iframe=1&&pagelayer-live=1" "Mozilla/5.0 (Windows NT 10.0; Win64; x64) AppleWebKit/537.36 (KHTML, like Gecko) Chrome/108.0.0.0 Safari/537.36"
103.200.23.139 - - [16/Dec/2022:15:47:53 +0700] "POST /wp-cron.php?doing_wp_cron=1671180473.7238879203796386718750 HTTP/1.1" 200 0 "https://1mieng.website/wp-cron.php?doing_wp_cron=1671180473.7238879203796386718750" "WordPress/6.1.1; https://1mieng.website"
185.191.78.228 - - [16/Dec/2022:15:47:53 +0700] "POST /xmlrpc.php HTTP/1.1" 200 232 "-" "Mozilla/5.0 (Windows NT 10.0; Win64; x64; rv:96.0) Gecko/20100101 Firefox/96"
115.73.223.217 - - [16/Dec/2022:15:48:04 +0700] "POST /wp-admin/admin-ajax.php HTTP/2" 200 51 "https://1mieng.website/library/?pagelayer-iframe=1&&pagelayer-live=1" "Mozilla/5.0 (Windows NT 10.0; Win64; x64) AppleWebKit/537.36 (KHTML, like Gecko) Chrome/108.0.0.0 Safari/537.36"
103.200.23.139 - - [16/Dec/2022:15:50:05 +0700] "POST /wp-cron.php?doing_wp_cron=1671180605.8830370903015136718750 HTTP/1.1" 200 0 "https://1mieng.website/wp-cron.php?doing_wp_cron=1671180605.8830370903015136718750" "WordPress/6.1.1; https://1mieng.website"
14.161.23.125 - - [16/Dec/2022:15:50:05 +0700] "POST /wp-admin/admin-ajax.php HTTP/2" 200 51 "https://1mieng.website/library/?pagelayer-iframe=1&&pagelayer-live=1" "Mozilla/5.0 (Windows NT 10.0; Win64; x64) AppleWebKit/537.36 (KHTML, like Gecko) Chrome/108.0.0.0 Safari/537.36"
103.200.23.139 - - [16/Dec/2022:15:52:07 +0700] "POST /wp-cron.php?doing_wp_cron=1671180726.9980690479278564453125 HTTP/1.1" 200 0 "https://1mieng.website/wp-cron.php?doing_wp_cron=1671180726.9980690479278564453125" "WordPress/6.1.1; https://1mieng.website"
115.73.217.121 - - [16/Dec/2022:15:52:06 +0700] "POST /wp-admin/admin-ajax.php HTTP/2" 200 51 "https://1mieng.website/library/?pagelayer-iframe=1&&pagelayer-live=1" "Mozilla/5.0 (Windows NT 10.0; Win64; x64) AppleWebKit/537.36 (KHTML, like Gecko) Chrome/108.0.0.0 Safari/537.36"
103.200.23.139 - - [16/Dec/2022:15:53:07 +0700] "POST /wp-cron.php?doing_wp_cron=1671180787.4537079334259033203125 HTTP/1.1" 200 0 "https://1mieng.website/wp-cron.php?doing_wp_cron=1671180787.4537079334259033203125" "WordPress/6.1.1; https://1mieng.website"
74.207.244.37 - - [16/Dec/2022:15:53:06 +0700] "POST /xmlrpc.php HTTP/1.1" 200 232 "-" "Mozilla/5.0 (Windows NT 10.0; Win64; x64; rv:96.0) Gecko/20100101 Firefox/96"
103.200.23.139 - - [16/Dec/2022:15:58:24 +0700] "POST /wp-cron.php?doing_wp_cron=1671181104.8950619697570800781250 HTTP/1.1" 200 0 "https://1mieng.website/wp-cron.php?doing_wp_cron=1671181104.8950619697570800781250" "WordPress/6.1.1; https://1mieng.website"
139.99.170.151 - - [16/Dec/2022:15:58:24 +0700] "POST /xmlrpc.php HTTP/1.1" 200 232 "-" "Mozilla/5.0 (Windows NT 10.0; Win64; x64; rv:96.0) Gecko/20100101 Firefox/96"
103.200.23.139 - - [16/Dec/2022:16:04:00 +0700] "POST /wp-cron.php?doing_wp_cron=1671181440.3164930343627929687500 HTTP/1.1" 200 0 "https://1mieng.website/wp-cron.php?doing_wp_cron=1671181440.3164930343627929687500" "WordPress/6.1.1; https://1mieng.website"
185.49.20.77 - - [16/Dec/2022:16:03:59 +0700] "POST /xmlrpc.php HTTP/1.1" 200 232 "-" "Mozilla/5.0 (Windows NT 10.0; Win64; x64; rv:96.0) Gecko/20100101 Firefox/96"
115.79.4.48 - - [16/Dec/2022:16:04:11 +0700] "POST /wp-admin/admin-ajax.php HTTP/2" 200 51 "https://1mieng.website/library/?pagelayer-iframe=1&&pagelayer-live=1" "Mozilla/5.0 (Windows NT 10.0; Win64; x64) AppleWebKit/537.36 (KHTML, like Gecko) Chrome/108.0.0.0 Safari/537.36"
103.200.23.139 - - [16/Dec/2022:16:05:29 +0700] "POST /wp-cron.php?doing_wp_cron=1671181529.8959970474243164062500 HTTP/1.1" 200 0 "https://1mieng.website/wp-cron.php?doing_wp_cron=1671181529.8959970474243164062500" "WordPress/6.1.1; https://1mieng.website"
14.241.254.131 - - [16/Dec/2022:16:05:29 +0700] "POST /wp-admin/admin-ajax.php?&&action=pagelayer_save_content&postID=19 HTTP/2" 200 66 "https://1mieng.website/library/?pagelayer-iframe=1&&pagelayer-live=1" "Mozilla/5.0 (Windows NT 10.0; Win64; x64) AppleWebKit/537.36 (KHTML, like Gecko) Chrome/108.0.0.0 Safari/537.36"
14.241.254.131 - - [16/Dec/2022:16:05:30 +0700] "POST /wp-admin/admin-ajax.php?&&action=pagelayer_get_revision&postID=19 HTTP/2" 200 346 "https://1mieng.website/library/?pagelayer-iframe=1&&pagelayer-live=1" "Mozilla/5.0 (Windows NT 10.0; Win64; x64) AppleWebKit/537.36 (KHTML, like Gecko) Chrome/108.0.0.0 Safari/537.36"
103.200.23.139 - - [16/Dec/2022:16:06:12 +0700] "POST /wp-cron.php?doing_wp_cron=1671181572.8595728874206542968750 HTTP/1.1" 200 0 "https://1mieng.website/wp-cron.php?doing_wp_cron=1671181572.8595728874206542968750" "WordPress/6.1.1; https://1mieng.website"
115.73.217.121 - - [16/Dec/2022:16:06:12 +0700] "POST /wp-admin/admin-ajax.php HTTP/2" 200 51 "https://1mieng.website/library/?pagelayer-iframe=1&&pagelayer-live=1" "Mozilla/5.0 (Windows NT 10.0; Win64; x64) AppleWebKit/537.36 (KHTML, like Gecko) Chrome/108.0.0.0 Safari/537.36"
103.200.23.139 - - [16/Dec/2022:16:08:14 +0700] "POST /wp-cron.php?doing_wp_cron=1671181694.2786550521850585937500 HTTP/1.1" 200 0 "https://1mieng.website/wp-cron.php?doing_wp_cron=1671181694.2786550521850585937500" "WordPress/6.1.1; https://1mieng.website"
14.161.23.204 - - [16/Dec/2022:16:08:13 +0700] "POST /wp-admin/admin-ajax.php HTTP/2" 200 51 "https://1mieng.website/library/?pagelayer-iframe=1&&pagelayer-live=1" "Mozilla/5.0 (Windows NT 10.0; Win64; x64) AppleWebKit/537.36 (KHTML, like Gecko) Chrome/108.0.0.0 Safari/537.36"
103.200.23.139 - - [16/Dec/2022:16:09:26 +0700] "POST /wp-cron.php?doing_wp_cron=1671181766.7400419712066650390625 HTTP/1.1" 200 0 "https://1mieng.website/wp-cron.php?doing_wp_cron=1671181766.7400419712066650390625" "WordPress/6.1.1; https://1mieng.website"
67.222.131.158 - - [16/Dec/2022:16:09:26 +0700] "POST /xmlrpc.php HTTP/1.1" 200 232 "-" "Mozilla/5.0 (Windows NT 10.0; Win64; x64; rv:96.0) Gecko/20100101 Firefox/96"
103.200.23.139 - - [16/Dec/2022:16:10:15 +0700] "POST /wp-cron.php?doing_wp_cron=1671181815.0350990295410156250000 HTTP/1.1" 200 0 "https://1mieng.website/wp-cron.php?doing_wp_cron=1671181815.0350990295410156250000" "WordPress/6.1.1; https://1mieng.website"
14.161.23.204 - - [16/Dec/2022:16:10:14 +0700] "POST /wp-admin/admin-ajax.php HTTP/2" 200 51 "https://1mieng.website/library/?pagelayer-iframe=1&&pagelayer-live=1" "Mozilla/5.0 (Windows NT 10.0; Win64; x64) AppleWebKit/537.36 (KHTML, like Gecko) Chrome/108.0.0.0 Safari/537.36"
103.200.23.139 - - [16/Dec/2022:16:12:16 +0700] "POST /wp-cron.php?doing_wp_cron=1671181935.9935419559478759765625 HTTP/1.1" 200 0 "https://1mieng.website/wp-cron.php?doing_wp_cron=1671181935.9935419559478759765625" "WordPress/6.1.1; https://1mieng.website"
14.241.254.70 - - [16/Dec/2022:16:12:15 +0700] "POST /wp-admin/admin-ajax.php HTTP/2" 200 51 "https://1mieng.website/library/?pagelayer-iframe=1&&pagelayer-live=1" "Mozilla/5.0 (Windows NT 10.0; Win64; x64) AppleWebKit/537.36 (KHTML, like Gecko) Chrome/108.0.0.0 Safari/537.36"
