103.200.23.139 - - [16/Dec/2022:20:23:25 +0700] "POST /wp-cron.php?doing_wp_cron=1671197005.3712019920349121093750 HTTP/1.1" 200 0 "https://1mieng.website/wp-cron.php?doing_wp_cron=1671197005.3712019920349121093750" "WordPress/6.1.1; https://1mieng.website"
178.128.209.28 - - [16/Dec/2022:20:23:24 +0700] "POST /xmlrpc.php HTTP/1.1" 200 232 "-" "Mozilla/5.0 (Windows NT 10.0; Win64; x64; rv:96.0) Gecko/20100101 Firefox/96"
103.200.23.139 - - [16/Dec/2022:20:31:57 +0700] "POST /wp-cron.php?doing_wp_cron=1671197517.3882169723510742187500 HTTP/1.1" 200 0 "https://1mieng.website/wp-cron.php?doing_wp_cron=1671197517.3882169723510742187500" "WordPress/6.1.1; https://1mieng.website"
208.109.11.58 - - [16/Dec/2022:20:31:56 +0700] "POST /xmlrpc.php HTTP/1.1" 200 232 "-" "Mozilla/5.0 (Windows NT 10.0; Win64; x64; rv:96.0) Gecko/20100101 Firefox/96"
103.200.23.139 - - [16/Dec/2022:20:35:28 +0700] "POST /wp-cron.php?doing_wp_cron=1671197728.0833649635314941406250 HTTP/1.1" 200 0 "https://1mieng.website/wp-cron.php?doing_wp_cron=1671197728.0833649635314941406250" "WordPress/6.1.1; https://1mieng.website"
209.17.114.78 - - [16/Dec/2022:20:35:27 +0700] "POST /xmlrpc.php HTTP/1.1" 200 232 "-" "Mozilla/5.0 (Windows NT 10.0; Win64; x64; rv:96.0) Gecko/20100101 Firefox/96"
103.200.23.139 - - [16/Dec/2022:20:43:55 +0700] "POST /wp-cron.php?doing_wp_cron=1671198235.1505060195922851562500 HTTP/1.1" 200 0 "https://1mieng.website/wp-cron.php?doing_wp_cron=1671198235.1505060195922851562500" "WordPress/6.1.1; https://1mieng.website"
45.123.203.26 - - [16/Dec/2022:20:43:54 +0700] "POST /xmlrpc.php HTTP/1.1" 200 232 "-" "Mozilla/5.0 (Windows NT 10.0; Win64; x64; rv:96.0) Gecko/20100101 Firefox/96"
103.200.23.139 - - [16/Dec/2022:20:43:55 +0700] "POST /wp-admin/admin-ajax.php?action=wp_1_wc_privacy_cleanup&nonce=5ee9fe4259 HTTP/1.1" 200 0 "https://1mieng.website/wp-admin/admin-ajax.php?action=wp_1_wc_privacy_cleanup&nonce=5ee9fe4259" "WordPress/6.1.1; https://1mieng.website"
103.200.23.139 - - [16/Dec/2022:20:46:07 +0700] "POST /wp-cron.php?doing_wp_cron=1671198367.0560469627380371093750 HTTP/1.1" 200 0 "https://1mieng.website/wp-cron.php?doing_wp_cron=1671198367.0560469627380371093750" "WordPress/6.1.1; https://1mieng.website"
173.252.79.9 - - [16/Dec/2022:20:46:06 +0700] "GET /wp-admin/plugin-install.php HTTP/1.1" 302 0 "-" "facebookexternalhit/1.1 (+http://www.facebook.com/externalhit_uatext.php)"
173.252.79.9 - - [16/Dec/2022:20:46:07 +0700] "GET /wp-login.php?redirect_to=https%3A%2F%2F1mieng.website%2Fwp-admin%2Fplugin-install.php&reauth=1 HTTP/1.1" 200 8181 "-" "facebookexternalhit/1.1 (+http://www.facebook.com/externalhit_uatext.php)"
173.252.79.15 - - [16/Dec/2022:20:46:09 +0700] "GET /wp-admin/plugin-install.php HTTP/1.1" 302 0 "-" "facebookexternalhit/1.1 (+http://www.facebook.com/externalhit_uatext.php)"
173.252.79.15 - - [16/Dec/2022:20:46:10 +0700] "GET /wp-login.php?redirect_to=https%3A%2F%2F1mieng.website%2Fwp-admin%2Fplugin-install.php&reauth=1 HTTP/1.1" 200 8181 "-" "facebookexternalhit/1.1 (+http://www.facebook.com/externalhit_uatext.php)"
173.252.79.117 - - [16/Dec/2022:20:46:13 +0700] "GET /wp-login.php?redirect_to=https%3A%2F%2F1mieng.website%2Fwp-admin%2Fplugin-install.php&reauth=1 HTTP/1.1" 302 0 "-" "facebookexternalhit/1.1 (+http://www.facebook.com/externalhit_uatext.php)"
173.252.79.22 - - [16/Dec/2022:20:46:13 +0700] "GET /wp-admin/plugin-install.php HTTP/1.1" 302 0 "-" "facebookexternalhit/1.1 (+http://www.facebook.com/externalhit_uatext.php)"
173.252.79.117 - - [16/Dec/2022:20:46:15 +0700] "GET /wp-login.php?redirect_to=https%3A%2F%2F1mieng.website%2Fwp-admin%2Fplugin-install.php&reauth=1 HTTP/1.1" 200 8181 "-" "facebookexternalhit/1.1 (+http://www.facebook.com/externalhit_uatext.php)"
173.252.79.22 - - [16/Dec/2022:20:46:15 +0700] "GET /wp-admin/plugin-install.php HTTP/1.1" 302 0 "-" "facebookexternalhit/1.1 (+http://www.facebook.com/externalhit_uatext.php)"
173.252.79.22 - - [16/Dec/2022:20:46:16 +0700] "GET /wp-login.php?redirect_to=https%3A%2F%2F1mieng.website%2Fwp-admin%2Fplugin-install.php&reauth=1 HTTP/1.1" 200 8181 "-" "facebookexternalhit/1.1 (+http://www.facebook.com/externalhit_uatext.php)"
103.200.23.139 - - [16/Dec/2022:20:52:56 +0700] "POST /wp-cron.php?doing_wp_cron=1671198776.6970739364624023437500 HTTP/1.1" 200 0 "https://1mieng.website/wp-cron.php?doing_wp_cron=1671198776.6970739364624023437500" "WordPress/6.1.1; https://1mieng.website"
172.104.81.115 - - [16/Dec/2022:20:52:56 +0700] "POST /xmlrpc.php HTTP/1.1" 200 232 "-" "Mozilla/5.0 (Windows NT 10.0; Win64; x64; rv:96.0) Gecko/20100101 Firefox/96"
103.200.23.139 - - [16/Dec/2022:21:02:07 +0700] "POST /wp-cron.php?doing_wp_cron=1671199327.5221939086914062500000 HTTP/1.1" 200 0 "https://1mieng.website/wp-cron.php?doing_wp_cron=1671199327.5221939086914062500000" "WordPress/6.1.1; https://1mieng.website"
82.165.184.76 - - [16/Dec/2022:21:02:06 +0700] "POST /xmlrpc.php HTTP/1.1" 200 232 "-" "Mozilla/5.0 (Windows NT 10.0; Win64; x64; rv:96.0) Gecko/20100101 Firefox/96"
103.200.23.139 - - [16/Dec/2022:21:03:55 +0700] "POST /wp-cron.php?doing_wp_cron=1671199435.4477930068969726562500 HTTP/1.1" 200 0 "http://1mieng.website/wp-cron.php?doing_wp_cron=1671199435.4477930068969726562500" "WordPress/6.1.1; https://1mieng.website"
34.217.17.105 - - [16/Dec/2022:21:03:54 +0700] "GET / HTTP/1.1" 301 0 "-" "Mozilla/5.0 (X11; Linux x86_64) AppleWebKit/537.36 (KHTML, like Gecko) Chrome/83.0.4103.97 Safari/537.36"
35.164.72.32 - - [16/Dec/2022:21:03:57 +0700] "GET / HTTP/1.1" 200 24462 "-" "Mozilla/5.0 (X11; Linux x86_64) AppleWebKit/537.36 (KHTML, like Gecko) Chrome/83.0.4103.97 Safari/537.36"
34.217.17.105 - - [16/Dec/2022:21:03:59 +0700] "GET / HTTP/1.1" 200 24473 "-" "Mozilla/5.0 (X11; Linux x86_64) AppleWebKit/537.36 (KHTML, like Gecko) Chrome/83.0.4103.97 Safari/537.36"
18.237.136.87 - - [16/Dec/2022:21:04:09 +0700] "GET /favicon.ico HTTP/1.1" 404 1238 "-" "Mozilla/5.0 (X11; Linux x86_64) AppleWebKit/537.36 (KHTML, like Gecko) Chrome/83.0.4103.97 Safari/537.36"
18.237.136.87 - - [16/Dec/2022:21:04:12 +0700] "GET / HTTP/1.1" 301 0 "-" "Mozilla/5.0 (X11; Linux x86_64) AppleWebKit/537.36 (KHTML, like Gecko) Chrome/83.0.4103.97 Safari/537.36"
18.236.206.178 - - [16/Dec/2022:21:05:48 +0700] "GET /favicon.ico HTTP/1.1" 404 1238 "-" "Mozilla/5.0 (X11; Linux x86_64) AppleWebKit/537.36 (KHTML, like Gecko) Chrome/83.0.4103.97 Safari/537.36"
103.200.23.139 - - [16/Dec/2022:21:10:56 +0700] "POST /wp-cron.php?doing_wp_cron=1671199856.3544490337371826171875 HTTP/1.1" 200 0 "https://1mieng.website/wp-cron.php?doing_wp_cron=1671199856.3544490337371826171875" "WordPress/6.1.1; https://1mieng.website"
177.55.124.62 - - [16/Dec/2022:21:10:55 +0700] "POST /xmlrpc.php HTTP/1.1" 200 232 "-" "Mozilla/5.0 (Windows NT 10.0; Win64; x64; rv:96.0) Gecko/20100101 Firefox/96"
103.200.23.139 - - [16/Dec/2022:21:14:04 +0700] "POST /wp-cron.php?doing_wp_cron=1671200044.2496008872985839843750 HTTP/1.1" 200 0 "https://1mieng.website/wp-cron.php?doing_wp_cron=1671200044.2496008872985839843750" "WordPress/6.1.1; https://1mieng.website"
23.97.205.210 - - [16/Dec/2022:21:14:03 +0700] "POST /wp-login.php HTTP/1.1" 200 8256 "-" "Mozilla/5.0 (Windows NT 10.0; Win64; x64) AppleWebKit/537.36 (KHTML, like Gecko) Chrome/60.0.3112.101 Safari/537.36"
103.200.23.139 - - [16/Dec/2022:21:19:57 +0700] "POST /wp-cron.php?doing_wp_cron=1671200397.5960628986358642578125 HTTP/1.1" 200 0 "https://1mieng.website/wp-cron.php?doing_wp_cron=1671200397.5960628986358642578125" "WordPress/6.1.1; https://1mieng.website"
34.64.218.102 - - [16/Dec/2022:21:19:57 +0700] "POST /xmlrpc.php HTTP/1.1" 200 232 "-" "Mozilla/5.0 (Windows NT 10.0; Win64; x64; rv:96.0) Gecko/20100101 Firefox/96"
103.200.23.139 - - [16/Dec/2022:21:28:58 +0700] "POST /wp-cron.php?doing_wp_cron=1671200938.6177940368652343750000 HTTP/1.1" 200 0 "https://1mieng.website/wp-cron.php?doing_wp_cron=1671200938.6177940368652343750000" "WordPress/6.1.1; https://1mieng.website"
185.191.78.228 - - [16/Dec/2022:21:28:57 +0700] "POST /xmlrpc.php HTTP/1.1" 200 232 "-" "Mozilla/5.0 (Windows NT 10.0; Win64; x64; rv:96.0) Gecko/20100101 Firefox/96"
103.200.23.139 - - [16/Dec/2022:21:32:52 +0700] "POST /wp-cron.php?doing_wp_cron=1671201172.6590540409088134765625 HTTP/1.1" 200 0 "https://1mieng.website/wp-cron.php?doing_wp_cron=1671201172.6590540409088134765625" "WordPress/6.1.1; https://1mieng.website"
143.244.177.220 - - [16/Dec/2022:21:32:52 +0700] "POST /wp-login.php HTTP/1.1" 200 8256 "-" "Mozilla/5.0 (Windows NT 10.0; Win64; x64) AppleWebKit/537.36 (KHTML, like Gecko) Chrome/60.0.3112.101 Safari/537.36"
103.200.23.139 - - [16/Dec/2022:21:33:54 +0700] "POST /wp-cron.php?doing_wp_cron=1671201234.5780279636383056640625 HTTP/1.1" 200 0 "http://1mieng.website/wp-cron.php?doing_wp_cron=1671201234.5780279636383056640625" "WordPress/6.1.1; https://1mieng.website"
208.80.194.41 - - [16/Dec/2022:21:33:53 +0700] "GET / HTTP/1.0" 301 0 "-" "Mozilla/4.0 (compatible; MSIE 6.0; Windows NT 5.1; SV1; .NET CLR 1.1.4322; .NET CLR 2.0.50728)"
208.80.194.41 - - [16/Dec/2022:21:33:55 +0700] "GET / HTTP/1.0" 200 131151 "-" "Mozilla/4.0 (compatible; MSIE 6.0; Windows NT 5.1; SV1; .NET CLR 1.1.4322; .NET CLR 2.0.50728)"
103.200.23.139 - - [16/Dec/2022:21:35:16 +0700] "POST /wp-cron.php?doing_wp_cron=1671201316.5949530601501464843750 HTTP/1.1" 200 0 "https://1mieng.website/wp-cron.php?doing_wp_cron=1671201316.5949530601501464843750" "WordPress/6.1.1; https://1mieng.website"
171.248.169.132 - - [16/Dec/2022:21:35:16 +0700] "GET /wp-content/plugins/pagelayer/css/givecss.php?give=pagelayer-frontend.css%2Cnivo-lightbox.css%2Canimate.min.css%2Cowl.carousel.min.css%2Cowl.theme.default.min.css%2Cfont-awesome5.min.css&premium&ver=1.7.2 HTTP/2" 304 0 "https://1mieng.website/" "Mozilla/5.0 (Windows NT 10.0; Win64; x64) AppleWebKit/537.36 (KHTML, like Gecko) Chrome/108.0.0.0 Safari/537.36"
171.248.169.132 - - [16/Dec/2022:21:35:16 +0700] "GET /wp-content/plugins/pagelayer/js/givejs.php?give=pagelayer-frontend.js%2Cnivo-lightbox.min.js%2Cwow.min.js%2Cjquery-numerator.js%2CsimpleParallax.min.js%2Cowl.carousel.min.js&premium&ver=1.7.2 HTTP/2" 304 0 "https://1mieng.website/" "Mozilla/5.0 (Windows NT 10.0; Win64; x64) AppleWebKit/537.36 (KHTML, like Gecko) Chrome/108.0.0.0 Safari/537.36"
171.248.169.132 - - [16/Dec/2022:21:35:16 +0700] "GET / HTTP/2" 200 21094 "-" "Mozilla/5.0 (Windows NT 10.0; Win64; x64) AppleWebKit/537.36 (KHTML, like Gecko) Chrome/108.0.0.0 Safari/537.36"
171.248.169.132 - - [16/Dec/2022:21:35:17 +0700] "GET /wp-content/plugins/woocommerce/assets/js/jquery-blockui/jquery.blockUI.min.js?ver=2.7.0-wc.7.2.0 HTTP/2" 200 3247 "https://1mieng.website/" "Mozilla/5.0 (Windows NT 10.0; Win64; x64) AppleWebKit/537.36 (KHTML, like Gecko) Chrome/108.0.0.0 Safari/537.36"
171.248.169.132 - - [16/Dec/2022:21:35:17 +0700] "GET /wp-content/plugins/woocommerce/assets/js/frontend/add-to-cart.min.js?ver=7.2.0 HTTP/2" 200 972 "https://1mieng.website/" "Mozilla/5.0 (Windows NT 10.0; Win64; x64) AppleWebKit/537.36 (KHTML, like Gecko) Chrome/108.0.0.0 Safari/537.36"
171.248.169.132 - - [16/Dec/2022:21:35:17 +0700] "GET /wp-content/plugins/woocommerce/assets/js/js-cookie/js.cookie.min.js?ver=2.1.4-wc.7.2.0 HTTP/2" 200 899 "https://1mieng.website/" "Mozilla/5.0 (Windows NT 10.0; Win64; x64) AppleWebKit/537.36 (KHTML, like Gecko) Chrome/108.0.0.0 Safari/537.36"
171.248.169.132 - - [16/Dec/2022:21:35:17 +0700] "GET /wp-content/plugins/woocommerce/assets/js/frontend/woocommerce.min.js?ver=7.2.0 HTTP/2" 200 677 "https://1mieng.website/" "Mozilla/5.0 (Windows NT 10.0; Win64; x64) AppleWebKit/537.36 (KHTML, like Gecko) Chrome/108.0.0.0 Safari/537.36"
171.248.169.132 - - [16/Dec/2022:21:35:17 +0700] "GET /wp-content/plugins/woocommerce/assets/js/frontend/cart-fragments.min.js?ver=7.2.0 HTTP/2" 200 934 "https://1mieng.website/" "Mozilla/5.0 (Windows NT 10.0; Win64; x64) AppleWebKit/537.36 (KHTML, like Gecko) Chrome/108.0.0.0 Safari/537.36"
171.248.169.132 - - [16/Dec/2022:21:35:17 +0700] "GET /favicon.ico HTTP/2" 404 1238 "https://1mieng.website/" "Mozilla/5.0 (Windows NT 10.0; Win64; x64) AppleWebKit/537.36 (KHTML, like Gecko) Chrome/108.0.0.0 Safari/537.36"
171.248.169.132 - - [16/Dec/2022:21:35:17 +0700] "POST /?wc-ajax=get_refreshed_fragments HTTP/2" 200 276 "https://1mieng.website/" "Mozilla/5.0 (Windows NT 10.0; Win64; x64) AppleWebKit/537.36 (KHTML, like Gecko) Chrome/108.0.0.0 Safari/537.36"
171.248.169.132 - - [16/Dec/2022:21:35:18 +0700] "GET /aboutus/ HTTP/2" 200 17087 "https://1mieng.website/" "Mozilla/5.0 (Windows NT 10.0; Win64; x64) AppleWebKit/537.36 (KHTML, like Gecko) Chrome/108.0.0.0 Safari/537.36"
171.248.169.132 - - [16/Dec/2022:21:35:26 +0700] "GET /wp-content/uploads/2022/12/bbtln.jpg HTTP/2" 200 43085 "https://1mieng.website/detail/" "Mozilla/5.0 (Windows NT 10.0; Win64; x64) AppleWebKit/537.36 (KHTML, like Gecko) Chrome/108.0.0.0 Safari/537.36"
171.248.169.132 - - [16/Dec/2022:21:35:26 +0700] "GET /detail/ HTTP/2" 200 15948 "https://1mieng.website/aboutus/" "Mozilla/5.0 (Windows NT 10.0; Win64; x64) AppleWebKit/537.36 (KHTML, like Gecko) Chrome/108.0.0.0 Safari/537.36"
171.248.169.132 - - [16/Dec/2022:21:35:30 +0700] "GET /wp-content/uploads/2022/12/1-mieng.png HTTP/2" 200 13888 "https://1mieng.website/library/" "Mozilla/5.0 (Windows NT 10.0; Win64; x64) AppleWebKit/537.36 (KHTML, like Gecko) Chrome/108.0.0.0 Safari/537.36"
171.248.169.132 - - [16/Dec/2022:21:35:29 +0700] "GET /library/ HTTP/2" 200 18106 "https://1mieng.website/detail/" "Mozilla/5.0 (Windows NT 10.0; Win64; x64) AppleWebKit/537.36 (KHTML, like Gecko) Chrome/108.0.0.0 Safari/537.36"
171.248.169.132 - - [16/Dec/2022:21:35:30 +0700] "GET /wp-content/uploads/2022/12/KNMCLC05-NHOM-8-1.mp4?&autoplay=0&mute=0&loop=0 HTTP/2" 200 917000 "https://1mieng.website/library/" "Mozilla/5.0 (Windows NT 10.0; Win64; x64) AppleWebKit/537.36 (KHTML, like Gecko) Chrome/108.0.0.0 Safari/537.36"
171.248.169.132 - - [16/Dec/2022:21:35:31 +0700] "GET /favicon.ico HTTP/2" 404 1238 "https://1mieng.website/library/" "Mozilla/5.0 (Windows NT 10.0; Win64; x64) AppleWebKit/537.36 (KHTML, like Gecko) Chrome/108.0.0.0 Safari/537.36"
171.248.169.132 - - [16/Dec/2022:21:35:30 +0700] "GET /wp-content/uploads/2022/12/KNMCLC05-NHOM-8-1.mp4?&autoplay=0&mute=0&loop=0 HTTP/2" 206 9443639 "https://1mieng.website/wp-content/uploads/2022/12/KNMCLC05-NHOM-8-1.mp4?&autoplay=0&mute=0&loop=0" "Mozilla/5.0 (Windows NT 10.0; Win64; x64) AppleWebKit/537.36 (KHTML, like Gecko) Chrome/108.0.0.0 Safari/537.36"
103.200.23.139 - - [16/Dec/2022:21:37:23 +0700] "GET /.well-known/acme-challenge/-ON9IN-7AC6YR7E7YDYCB93XMTQE-A32 HTTP/1.1" 200 64 "-" "Cpanel-HTTP-Client/1.0"
103.200.23.139 - - [16/Dec/2022:21:37:23 +0700] "GET /.well-known/acme-challenge/MN52L4E-63R07JU-PTKU--X_LR7ML2EV HTTP/1.1" 200 64 "-" "Cpanel-HTTP-Client/1.0"
103.200.23.139 - - [16/Dec/2022:21:38:23 +0700] "POST /wp-cron.php?doing_wp_cron=1671201503.7996380329132080078125 HTTP/1.1" 200 0 "https://1mieng.website/wp-cron.php?doing_wp_cron=1671201503.7996380329132080078125" "WordPress/6.1.1; https://1mieng.website"
216.245.215.122 - - [16/Dec/2022:21:38:23 +0700] "POST /xmlrpc.php HTTP/1.1" 200 232 "-" "Mozilla/5.0 (Windows NT 10.0; Win64; x64; rv:96.0) Gecko/20100101 Firefox/96"
118.70.63.166 - - [16/Dec/2022:21:38:27 +0700] "POST /wp-admin/admin-ajax.php HTTP/2" 200 4133 "https://1mieng.website/wp-admin/upload.php" "Mozilla/5.0 (Windows NT 10.0; Win64; x64) AppleWebKit/537.36 (KHTML, like Gecko) Chrome/108.0.0.0 Safari/537.36"
103.200.23.139 - - [16/Dec/2022:21:40:28 +0700] "POST /wp-cron.php?doing_wp_cron=1671201628.6624460220336914062500 HTTP/1.1" 200 0 "https://1mieng.website/wp-cron.php?doing_wp_cron=1671201628.6624460220336914062500" "WordPress/6.1.1; https://1mieng.website"
118.70.63.166 - - [16/Dec/2022:21:40:28 +0700] "POST /wp-admin/admin-ajax.php HTTP/2" 200 85 "https://1mieng.website/wp-admin/upload.php" "Mozilla/5.0 (Windows NT 10.0; Win64; x64) AppleWebKit/537.36 (KHTML, like Gecko) Chrome/108.0.0.0 Safari/537.36"
103.200.23.139 - - [16/Dec/2022:21:42:29 +0700] "POST /wp-cron.php?doing_wp_cron=1671201749.6874480247497558593750 HTTP/1.1" 200 0 "https://1mieng.website/wp-cron.php?doing_wp_cron=1671201749.6874480247497558593750" "WordPress/6.1.1; https://1mieng.website"
118.70.63.166 - - [16/Dec/2022:21:42:28 +0700] "POST /wp-admin/admin-ajax.php HTTP/2" 200 51 "https://1mieng.website/wp-admin/upload.php" "Mozilla/5.0 (Windows NT 10.0; Win64; x64) AppleWebKit/537.36 (KHTML, like Gecko) Chrome/108.0.0.0 Safari/537.36"
103.200.23.139 - - [16/Dec/2022:21:43:30 +0700] "POST /wp-cron.php?doing_wp_cron=1671201810.6455309391021728515625 HTTP/1.1" 200 0 "https://1mieng.website/wp-cron.php?doing_wp_cron=1671201810.6455309391021728515625" "WordPress/6.1.1; https://1mieng.website"
118.70.63.166 - - [16/Dec/2022:21:43:30 +0700] "POST /wp-admin/admin-ajax.php HTTP/2" 200 51 "https://1mieng.website/wp-admin/upload.php" "Mozilla/5.0 (Windows NT 10.0; Win64; x64) AppleWebKit/537.36 (KHTML, like Gecko) Chrome/108.0.0.0 Safari/537.36"
118.70.63.166 - - [16/Dec/2022:21:43:48 +0700] "GET /wp-content/plugins/pagelayer/css/givecss.php?give=pagelayer-frontend.css%2Cnivo-lightbox.css%2Canimate.min.css%2Cowl.carousel.min.css%2Cowl.theme.default.min.css%2Cfont-awesome5.min.css&premium&ver=1.7.2 HTTP/2" 304 0 "https://1mieng.website/library/" "Mozilla/5.0 (Windows NT 10.0; Win64; x64) AppleWebKit/537.36 (KHTML, like Gecko) Chrome/108.0.0.0 Safari/537.36"
118.70.63.166 - - [16/Dec/2022:21:43:48 +0700] "GET /wp-content/plugins/pagelayer/js/givejs.php?give=pagelayer-frontend.js%2Cnivo-lightbox.min.js%2Cwow.min.js%2Cjquery-numerator.js%2CsimpleParallax.min.js%2Cowl.carousel.min.js&premium&ver=1.7.2 HTTP/2" 304 0 "https://1mieng.website/library/" "Mozilla/5.0 (Windows NT 10.0; Win64; x64) AppleWebKit/537.36 (KHTML, like Gecko) Chrome/108.0.0.0 Safari/537.36"
118.70.63.166 - - [16/Dec/2022:21:43:49 +0700] "GET /wp-content/uploads/2022/12/KNMCLC05-NHOM-8-1.mp4?&autoplay=0&mute=0&loop=0 HTTP/2" 206 1 "https://1mieng.website/library/" "Mozilla/5.0 (Windows NT 10.0; Win64; x64) AppleWebKit/537.36 (KHTML, like Gecko) Chrome/108.0.0.0 Safari/537.36"
103.200.23.139 - - [16/Dec/2022:21:47:19 +0700] "POST /wp-cron.php?doing_wp_cron=1671202039.9659299850463867187500 HTTP/1.1" 200 0 "https://1mieng.website/wp-cron.php?doing_wp_cron=1671202039.9659299850463867187500" "WordPress/6.1.1; https://1mieng.website"
161.97.88.147 - - [16/Dec/2022:21:47:19 +0700] "POST /xmlrpc.php HTTP/1.1" 200 232 "-" "Mozilla/5.0 (Windows NT 10.0; Win64; x64; rv:96.0) Gecko/20100101 Firefox/96"
103.200.23.139 - - [16/Dec/2022:21:48:46 +0700] "POST /wp-cron.php?doing_wp_cron=1671202126.4567310810089111328125 HTTP/1.1" 200 0 "https://1mieng.website/wp-cron.php?doing_wp_cron=1671202126.4567310810089111328125" "WordPress/6.1.1; https://1mieng.website"
118.70.63.166 - - [16/Dec/2022:21:48:45 +0700] "GET /wp-admin/post.php?post=19&action=edit HTTP/2" 200 48130 "https://1mieng.website/library/" "Mozilla/5.0 (Windows NT 10.0; Win64; x64) AppleWebKit/537.36 (KHTML, like Gecko) Chrome/108.0.0.0 Safari/537.36"
103.200.23.139 - - [16/Dec/2022:21:49:04 +0700] "POST /wp-cron.php?doing_wp_cron=1671202144.2693269252777099609375 HTTP/1.1" 200 0 "https://1mieng.website/wp-cron.php?doing_wp_cron=1671202144.2693269252777099609375" "WordPress/6.1.1; https://1mieng.website"
118.70.63.166 - - [16/Dec/2022:21:49:03 +0700] "POST /wp-admin/admin-ajax.php HTTP/2" 200 79 "https://1mieng.website/wp-admin/post.php?post=19&action=edit" "Mozilla/5.0 (Windows NT 10.0; Win64; x64) AppleWebKit/537.36 (KHTML, like Gecko) Chrome/108.0.0.0 Safari/537.36"
118.70.63.166 - - [16/Dec/2022:21:49:18 +0700] "POST /wp-admin/admin-ajax.php HTTP/2" 200 79 "https://1mieng.website/wp-admin/post.php?post=19&action=edit" "Mozilla/5.0 (Windows NT 10.0; Win64; x64) AppleWebKit/537.36 (KHTML, like Gecko) Chrome/108.0.0.0 Safari/537.36"
118.70.63.166 - - [16/Dec/2022:21:49:28 +0700] "GET /wp-content/plugins/pagelayer/css/givecss.php?give=pagelayer-frontend.css%2Cnivo-lightbox.css%2Canimate.min.css%2Cowl.carousel.min.css%2Cowl.theme.default.min.css%2Cfont-awesome5.min.css&premium&ver=1.7.2 HTTP/2" 304 0 "https://1mieng.website/" "Mozilla/5.0 (Windows NT 10.0; Win64; x64) AppleWebKit/537.36 (KHTML, like Gecko) Chrome/108.0.0.0 Safari/537.36"
118.70.63.166 - - [16/Dec/2022:21:49:27 +0700] "GET / HTTP/2" 200 22786 "https://1mieng.website/wp-admin/post.php?post=19&action=edit" "Mozilla/5.0 (Windows NT 10.0; Win64; x64) AppleWebKit/537.36 (KHTML, like Gecko) Chrome/108.0.0.0 Safari/537.36"
118.70.63.166 - - [16/Dec/2022:21:49:28 +0700] "GET /wp-content/plugins/pagelayer/js/givejs.php?give=pagelayer-frontend.js%2Cnivo-lightbox.min.js%2Cwow.min.js%2Cjquery-numerator.js%2CsimpleParallax.min.js%2Cowl.carousel.min.js&premium&ver=1.7.2 HTTP/2" 304 0 "https://1mieng.website/" "Mozilla/5.0 (Windows NT 10.0; Win64; x64) AppleWebKit/537.36 (KHTML, like Gecko) Chrome/108.0.0.0 Safari/537.36"
118.70.63.166 - - [16/Dec/2022:21:49:28 +0700] "POST /wp-admin/admin-ajax.php HTTP/2" 200 5 "https://1mieng.website/wp-admin/post.php?post=19&action=edit" "Mozilla/5.0 (Windows NT 10.0; Win64; x64) AppleWebKit/537.36 (KHTML, like Gecko) Chrome/108.0.0.0 Safari/537.36"
118.70.63.166 - - [16/Dec/2022:21:49:35 +0700] "GET /wp-content/plugins/pagelayer/css/givecss.php?give=pagelayer-frontend.css%2Cnivo-lightbox.css%2Canimate.min.css%2Cowl.carousel.min.css%2Cowl.theme.default.min.css%2Cfont-awesome5.min.css&premium&ver=1.7.2 HTTP/2" 304 0 "https://1mieng.website/library/" "Mozilla/5.0 (Windows NT 10.0; Win64; x64) AppleWebKit/537.36 (KHTML, like Gecko) Chrome/108.0.0.0 Safari/537.36"
118.70.63.166 - - [16/Dec/2022:21:49:35 +0700] "GET /library/ HTTP/2" 200 19775 "https://1mieng.website/" "Mozilla/5.0 (Windows NT 10.0; Win64; x64) AppleWebKit/537.36 (KHTML, like Gecko) Chrome/108.0.0.0 Safari/537.36"
118.70.63.166 - - [16/Dec/2022:21:49:36 +0700] "GET /wp-content/uploads/2022/12/KNMCLC05-NHOM-8-1.mp4?&autoplay=0&mute=0&loop=0 HTTP/2" 206 1 "https://1mieng.website/library/" "Mozilla/5.0 (Windows NT 10.0; Win64; x64) AppleWebKit/537.36 (KHTML, like Gecko) Chrome/108.0.0.0 Safari/537.36"
103.200.23.139 - - [16/Dec/2022:21:49:44 +0700] "POST /wp-cron.php?doing_wp_cron=1671202184.4313099384307861328125 HTTP/1.1" 200 0 "https://1mieng.website/wp-cron.php?doing_wp_cron=1671202184.4313099384307861328125" "WordPress/6.1.1; https://1mieng.website"
118.70.63.166 - - [16/Dec/2022:21:49:43 +0700] "GET /wp-admin/post.php?post=19&action=edit HTTP/2" 200 48129 "https://1mieng.website/library/" "Mozilla/5.0 (Windows NT 10.0; Win64; x64) AppleWebKit/537.36 (KHTML, like Gecko) Chrome/108.0.0.0 Safari/537.36"
103.200.23.139 - - [16/Dec/2022:21:49:50 +0700] "POST /wp-cron.php?doing_wp_cron=1671202190.6156458854675292968750 HTTP/1.1" 200 0 "https://1mieng.website/wp-cron.php?doing_wp_cron=1671202190.6156458854675292968750" "WordPress/6.1.1; https://1mieng.website"
118.70.63.166 - - [16/Dec/2022:21:49:50 +0700] "GET /library/?&pagelayer-live=1 HTTP/2" 200 2310 "https://1mieng.website/wp-admin/post.php?post=19&action=edit" "Mozilla/5.0 (Windows NT 10.0; Win64; x64) AppleWebKit/537.36 (KHTML, like Gecko) Chrome/108.0.0.0 Safari/537.36"
118.70.63.166 - - [16/Dec/2022:21:49:50 +0700] "GET /wp-content/plugins/pagelayer/css/givecss.php?give=pagelayer-editor.css,trumbowyg.min.css,pagelayer-icons.css,font-awesome5.min.css&ver=1.7.2 HTTP/2" 304 0 "https://1mieng.website/library/?&pagelayer-live=1" "Mozilla/5.0 (Windows NT 10.0; Win64; x64) AppleWebKit/537.36 (KHTML, like Gecko) Chrome/108.0.0.0 Safari/537.36"
118.70.63.166 - - [16/Dec/2022:21:49:50 +0700] "POST /wp-admin/admin-ajax.php HTTP/2" 200 5 "https://1mieng.website/wp-admin/post.php?post=19&action=edit" "Mozilla/5.0 (Windows NT 10.0; Win64; x64) AppleWebKit/537.36 (KHTML, like Gecko) Chrome/108.0.0.0 Safari/537.36"
118.70.63.166 - - [16/Dec/2022:21:49:50 +0700] "GET /library/?&pagelayer-iframe=1&&pagelayer-live=1 HTTP/2" 301 0 "https://1mieng.website/library/?&pagelayer-live=1" "Mozilla/5.0 (Windows NT 10.0; Win64; x64) AppleWebKit/537.36 (KHTML, like Gecko) Chrome/108.0.0.0 Safari/537.36"
118.70.63.166 - - [16/Dec/2022:21:49:53 +0700] "GET /wp-content/plugins/pagelayer/css/givecss.php?give=pagelayer-frontend.css%2Cnivo-lightbox.css%2Canimate.min.css%2Cowl.carousel.min.css%2Cowl.theme.default.min.css%2Cfont-awesome5.min.css&premium&ver=1.7.2 HTTP/2" 304 0 "https://1mieng.website/library/?pagelayer-iframe=1&&pagelayer-live=1" "Mozilla/5.0 (Windows NT 10.0; Win64; x64) AppleWebKit/537.36 (KHTML, like Gecko) Chrome/108.0.0.0 Safari/537.36"
118.70.63.166 - - [16/Dec/2022:21:49:53 +0700] "GET /wp-content/plugins/pagelayer/css/givecss.php?give=pagelayer-editor-frontend.css%2Cpagelayer-pen.css%2C&ver=1.7.2 HTTP/2" 304 0 "https://1mieng.website/library/?pagelayer-iframe=1&&pagelayer-live=1" "Mozilla/5.0 (Windows NT 10.0; Win64; x64) AppleWebKit/537.36 (KHTML, like Gecko) Chrome/108.0.0.0 Safari/537.36"
118.70.63.166 - - [16/Dec/2022:21:49:53 +0700] "GET /wp-content/plugins/pagelayer/js/givejs.php?give=pagelayer-frontend.js%2Cnivo-lightbox.min.js%2Cwow.min.js%2Cjquery-numerator.js%2CsimpleParallax.min.js%2Cowl.carousel.min.js&premium&ver=1.7.2 HTTP/2" 304 0 "https://1mieng.website/library/?pagelayer-iframe=1&&pagelayer-live=1" "Mozilla/5.0 (Windows NT 10.0; Win64; x64) AppleWebKit/537.36 (KHTML, like Gecko) Chrome/108.0.0.0 Safari/537.36"
118.70.63.166 - - [16/Dec/2022:21:49:52 +0700] "GET /library/?pagelayer-iframe=1&&pagelayer-live=1 HTTP/2" 200 39116 "https://1mieng.website/library/?&pagelayer-live=1" "Mozilla/5.0 (Windows NT 10.0; Win64; x64) AppleWebKit/537.36 (KHTML, like Gecko) Chrome/108.0.0.0 Safari/537.36"
118.70.63.166 - - [16/Dec/2022:21:49:53 +0700] "GET /wp-admin/admin-ajax.php?action=pagelayer_givejs&give=pagelayer-editor.js%2Cwidgets.js%2Cproperties.js%2Cbase-64.min.js%2Cslimscroll.js%2Cvanilla-picker.min.js%2Ctrumbowyg.js%2Ctrumbowyg.fontfamily.js%2Ctrumbowyg-pagelayer.js%2Ctlite.min.js%2Cpagelayer-pen.js%2C&pagelayer_nonce=1&scmd5=11e1c51e6a48fed003cb8071a638d880&ver=1.7.2 HTTP/2" 304 0 "https://1mieng.website/library/?pagelayer-iframe=1&&pagelayer-live=1" "Mozilla/5.0 (Windows NT 10.0; Win64; x64) AppleWebKit/537.36 (KHTML, like Gecko) Chrome/108.0.0.0 Safari/537.36"
118.70.63.166 - - [16/Dec/2022:21:49:55 +0700] "POST /wp-admin/admin-ajax.php HTTP/2" 200 21 "https://1mieng.website/library/?pagelayer-iframe=1&&pagelayer-live=1" "Mozilla/5.0 (Windows NT 10.0; Win64; x64) AppleWebKit/537.36 (KHTML, like Gecko) Chrome/108.0.0.0 Safari/537.36"
118.70.63.166 - - [16/Dec/2022:21:49:55 +0700] "GET /wp-content/uploads/2022/12/KNMCLC05-NHOM-8-1.mp4?&autoplay=0&mute=0&loop=0 HTTP/2" 200 5240000 "https://1mieng.website/library/?pagelayer-iframe=1&&pagelayer-live=1" "Mozilla/5.0 (Windows NT 10.0; Win64; x64) AppleWebKit/537.36 (KHTML, like Gecko) Chrome/108.0.0.0 Safari/537.36"
103.200.23.139 - - [16/Dec/2022:21:50:52 +0700] "POST /wp-cron.php?doing_wp_cron=1671202252.4678010940551757812500 HTTP/1.1" 200 0 "https://1mieng.website/wp-cron.php?doing_wp_cron=1671202252.4678010940551757812500" "WordPress/6.1.1; https://1mieng.website"
118.70.63.166 - - [16/Dec/2022:21:50:51 +0700] "POST /wp-admin/admin-ajax.php?&&action=pagelayer_save_content&postID=19 HTTP/2" 200 66 "https://1mieng.website/library/?pagelayer-iframe=1&&pagelayer-live=1" "Mozilla/5.0 (Windows NT 10.0; Win64; x64) AppleWebKit/537.36 (KHTML, like Gecko) Chrome/108.0.0.0 Safari/537.36"
118.70.63.166 - - [16/Dec/2022:21:50:52 +0700] "POST /wp-admin/admin-ajax.php?&&action=pagelayer_get_revision&postID=19 HTTP/2" 200 388 "https://1mieng.website/library/?pagelayer-iframe=1&&pagelayer-live=1" "Mozilla/5.0 (Windows NT 10.0; Win64; x64) AppleWebKit/537.36 (KHTML, like Gecko) Chrome/108.0.0.0 Safari/537.36"
118.70.63.166 - - [16/Dec/2022:21:50:56 +0700] "POST /wp-admin/admin-ajax.php HTTP/2" 200 51 "https://1mieng.website/library/?pagelayer-iframe=1&&pagelayer-live=1" "Mozilla/5.0 (Windows NT 10.0; Win64; x64) AppleWebKit/537.36 (KHTML, like Gecko) Chrome/108.0.0.0 Safari/537.36"
118.70.63.166 - - [16/Dec/2022:21:51:01 +0700] "GET /wp-admin/edit.php?post_type=page HTTP/2" 200 22479 "https://1mieng.website/library/?pagelayer-iframe=1&&pagelayer-live=1" "Mozilla/5.0 (Windows NT 10.0; Win64; x64) AppleWebKit/537.36 (KHTML, like Gecko) Chrome/108.0.0.0 Safari/537.36"
118.70.63.166 - - [16/Dec/2022:21:51:02 +0700] "POST /wp-admin/admin-ajax.php HTTP/2" 200 51 "https://1mieng.website/wp-admin/edit.php?post_type=page" "Mozilla/5.0 (Windows NT 10.0; Win64; x64) AppleWebKit/537.36 (KHTML, like Gecko) Chrome/108.0.0.0 Safari/537.36"
118.70.63.166 - - [16/Dec/2022:21:51:06 +0700] "GET /wp-content/plugins/pagelayer/css/givecss.php?give=pagelayer-frontend.css%2Cnivo-lightbox.css%2Canimate.min.css%2Cowl.carousel.min.css%2Cowl.theme.default.min.css%2Cfont-awesome5.min.css&premium&ver=1.7.2 HTTP/2" 304 0 "https://1mieng.website/" "Mozilla/5.0 (Windows NT 10.0; Win64; x64) AppleWebKit/537.36 (KHTML, like Gecko) Chrome/108.0.0.0 Safari/537.36"
118.70.63.166 - - [16/Dec/2022:21:51:05 +0700] "GET / HTTP/2" 200 22787 "https://1mieng.website/wp-admin/edit.php?post_type=page" "Mozilla/5.0 (Windows NT 10.0; Win64; x64) AppleWebKit/537.36 (KHTML, like Gecko) Chrome/108.0.0.0 Safari/537.36"
118.70.63.166 - - [16/Dec/2022:21:51:08 +0700] "GET /wp-content/plugins/pagelayer/css/givecss.php?give=pagelayer-frontend.css%2Cnivo-lightbox.css%2Canimate.min.css%2Cowl.carousel.min.css%2Cowl.theme.default.min.css%2Cfont-awesome5.min.css&premium&ver=1.7.2 HTTP/2" 304 0 "https://1mieng.website/library/" "Mozilla/5.0 (Windows NT 10.0; Win64; x64) AppleWebKit/537.36 (KHTML, like Gecko) Chrome/108.0.0.0 Safari/537.36"
118.70.63.166 - - [16/Dec/2022:21:51:07 +0700] "GET /library/ HTTP/2" 200 19832 "https://1mieng.website/" "Mozilla/5.0 (Windows NT 10.0; Win64; x64) AppleWebKit/537.36 (KHTML, like Gecko) Chrome/108.0.0.0 Safari/537.36"
118.70.63.166 - - [16/Dec/2022:21:51:08 +0700] "GET /wp-content/uploads/2022/12/KNMCLC05-NHOM-8-1.mp4?&autoplay=0&mute=0&loop=0 HTTP/2" 206 1 "https://1mieng.website/library/" "Mozilla/5.0 (Windows NT 10.0; Win64; x64) AppleWebKit/537.36 (KHTML, like Gecko) Chrome/108.0.0.0 Safari/537.36"
118.70.63.166 - - [16/Dec/2022:21:51:10 +0700] "GET /favicon.ico HTTP/2" 404 1238 "https://1mieng.website/library/" "Mozilla/5.0 (Windows NT 10.0; Win64; x64) AppleWebKit/537.36 (KHTML, like Gecko) Chrome/108.0.0.0 Safari/537.36"
192.71.144.12 - - [16/Dec/2022:21:51:38 +0700] "POST /wp-login.php HTTP/1.1" 200 8256 "-" "Mozilla/5.0 (Windows NT 6.3; WOW64) AppleWebKit/537.36 (KHTML, like Gecko) Chrome/46.0.2490.80 Safari/537.36"
103.200.23.139 - - [16/Dec/2022:21:52:37 +0700] "POST /wp-cron.php?doing_wp_cron=1671202357.0462191104888916015625 HTTP/1.1" 200 0 "https://1mieng.website/wp-cron.php?doing_wp_cron=1671202357.0462191104888916015625" "WordPress/6.1.1; https://1mieng.website"
45.55.44.23 - - [16/Dec/2022:21:52:36 +0700] "POST /wp-login.php HTTP/1.1" 200 8253 "-" "Mozilla/5.0 (Windows NT 10.0; WOW64) AppleWebKit/537.36 (KHTML, like Gecko) Chrome/46.0.2490.80 Safari/537.36"
103.200.23.139 - - [16/Dec/2022:21:56:46 +0700] "POST /wp-cron.php?doing_wp_cron=1671202606.1652920246124267578125 HTTP/1.1" 200 0 "https://1mieng.website/wp-cron.php?doing_wp_cron=1671202606.1652920246124267578125" "WordPress/6.1.1; https://1mieng.website"
212.192.24.22 - - [16/Dec/2022:21:56:45 +0700] "POST /xmlrpc.php HTTP/1.1" 200 232 "-" "Mozilla/5.0 (Windows NT 10.0; Win64; x64; rv:96.0) Gecko/20100101 Firefox/96"
